Archive member included to satisfy reference by file (symbol)

c:/program files (x86)/atmel/studio/7.0/toolchain/arm/arm-gnu-toolchain/bin/../lib/gcc/arm-none-eabi/6.3.1/../../../../arm-none-eabi/lib/thumb/v7e-m\libc_nano.a(lib_a-exit.o)
                              c:/program files (x86)/atmel/studio/7.0/toolchain/arm/arm-gnu-toolchain/bin/../lib/gcc/arm-none-eabi/6.3.1/../../../../arm-none-eabi/lib/thumb/v7e-m/crt0.o (exit)
c:/program files (x86)/atmel/studio/7.0/toolchain/arm/arm-gnu-toolchain/bin/../lib/gcc/arm-none-eabi/6.3.1/../../../../arm-none-eabi/lib/thumb/v7e-m\libc_nano.a(lib_a-impure.o)
                              c:/program files (x86)/atmel/studio/7.0/toolchain/arm/arm-gnu-toolchain/bin/../lib/gcc/arm-none-eabi/6.3.1/../../../../arm-none-eabi/lib/thumb/v7e-m\libc_nano.a(lib_a-exit.o) (_global_impure_ptr)
c:/program files (x86)/atmel/studio/7.0/toolchain/arm/arm-gnu-toolchain/bin/../lib/gcc/arm-none-eabi/6.3.1/../../../../arm-none-eabi/lib/thumb/v7e-m\libc_nano.a(lib_a-init.o)
                              c:/program files (x86)/atmel/studio/7.0/toolchain/arm/arm-gnu-toolchain/bin/../lib/gcc/arm-none-eabi/6.3.1/../../../../arm-none-eabi/lib/thumb/v7e-m/crt0.o (__libc_init_array)
c:/program files (x86)/atmel/studio/7.0/toolchain/arm/arm-gnu-toolchain/bin/../lib/gcc/arm-none-eabi/6.3.1/../../../../arm-none-eabi/lib/thumb/v7e-m\libc_nano.a(lib_a-memset.o)
                              c:/program files (x86)/atmel/studio/7.0/toolchain/arm/arm-gnu-toolchain/bin/../lib/gcc/arm-none-eabi/6.3.1/../../../../arm-none-eabi/lib/thumb/v7e-m/crt0.o (memset)
c:/program files (x86)/atmel/studio/7.0/toolchain/arm/arm-gnu-toolchain/bin/../lib/gcc/arm-none-eabi/6.3.1/../../../../arm-none-eabi/lib/thumb/v7e-m\libc_nano.a(lib_a-printf.o)
                              hal/utils/src/utils_syscalls.o (printf)
c:/program files (x86)/atmel/studio/7.0/toolchain/arm/arm-gnu-toolchain/bin/../lib/gcc/arm-none-eabi/6.3.1/../../../../arm-none-eabi/lib/thumb/v7e-m\libc_nano.a(lib_a-findfp.o)
                              c:/program files (x86)/atmel/studio/7.0/toolchain/arm/arm-gnu-toolchain/bin/../lib/gcc/arm-none-eabi/6.3.1/../../../../arm-none-eabi/lib/thumb/v7e-m\libc_nano.a(lib_a-printf.o) (__sinit)
c:/program files (x86)/atmel/studio/7.0/toolchain/arm/arm-gnu-toolchain/bin/../lib/gcc/arm-none-eabi/6.3.1/../../../../arm-none-eabi/lib/thumb/v7e-m\libc_nano.a(lib_a-fwalk.o)
                              c:/program files (x86)/atmel/studio/7.0/toolchain/arm/arm-gnu-toolchain/bin/../lib/gcc/arm-none-eabi/6.3.1/../../../../arm-none-eabi/lib/thumb/v7e-m\libc_nano.a(lib_a-findfp.o) (_fwalk)
c:/program files (x86)/atmel/studio/7.0/toolchain/arm/arm-gnu-toolchain/bin/../lib/gcc/arm-none-eabi/6.3.1/../../../../arm-none-eabi/lib/thumb/v7e-m\libc_nano.a(lib_a-nano-mallocr.o)
                              c:/program files (x86)/atmel/studio/7.0/toolchain/arm/arm-gnu-toolchain/bin/../lib/gcc/arm-none-eabi/6.3.1/../../../../arm-none-eabi/lib/thumb/v7e-m\libc_nano.a(lib_a-findfp.o) (_malloc_r)
c:/program files (x86)/atmel/studio/7.0/toolchain/arm/arm-gnu-toolchain/bin/../lib/gcc/arm-none-eabi/6.3.1/../../../../arm-none-eabi/lib/thumb/v7e-m\libc_nano.a(lib_a-nano-vfprintf.o)
                              c:/program files (x86)/atmel/studio/7.0/toolchain/arm/arm-gnu-toolchain/bin/../lib/gcc/arm-none-eabi/6.3.1/../../../../arm-none-eabi/lib/thumb/v7e-m\libc_nano.a(lib_a-printf.o) (_vfprintf_r)
c:/program files (x86)/atmel/studio/7.0/toolchain/arm/arm-gnu-toolchain/bin/../lib/gcc/arm-none-eabi/6.3.1/../../../../arm-none-eabi/lib/thumb/v7e-m\libc_nano.a(lib_a-nano-vfprintf_i.o)
                              c:/program files (x86)/atmel/studio/7.0/toolchain/arm/arm-gnu-toolchain/bin/../lib/gcc/arm-none-eabi/6.3.1/../../../../arm-none-eabi/lib/thumb/v7e-m\libc_nano.a(lib_a-nano-vfprintf.o) (_printf_i)
c:/program files (x86)/atmel/studio/7.0/toolchain/arm/arm-gnu-toolchain/bin/../lib/gcc/arm-none-eabi/6.3.1/../../../../arm-none-eabi/lib/thumb/v7e-m\libc_nano.a(lib_a-sbrkr.o)
                              c:/program files (x86)/atmel/studio/7.0/toolchain/arm/arm-gnu-toolchain/bin/../lib/gcc/arm-none-eabi/6.3.1/../../../../arm-none-eabi/lib/thumb/v7e-m\libc_nano.a(lib_a-nano-mallocr.o) (_sbrk_r)
c:/program files (x86)/atmel/studio/7.0/toolchain/arm/arm-gnu-toolchain/bin/../lib/gcc/arm-none-eabi/6.3.1/../../../../arm-none-eabi/lib/thumb/v7e-m\libc_nano.a(lib_a-stdio.o)
                              c:/program files (x86)/atmel/studio/7.0/toolchain/arm/arm-gnu-toolchain/bin/../lib/gcc/arm-none-eabi/6.3.1/../../../../arm-none-eabi/lib/thumb/v7e-m\libc_nano.a(lib_a-findfp.o) (__sread)
c:/program files (x86)/atmel/studio/7.0/toolchain/arm/arm-gnu-toolchain/bin/../lib/gcc/arm-none-eabi/6.3.1/../../../../arm-none-eabi/lib/thumb/v7e-m\libc_nano.a(lib_a-wbuf.o)
[...]
Memory Configuration

Name             Origin             Length             Attributes
rom              0x00400000         0x00100000         xr
ram              0x20400000         0x00060000         xrw
*default*        0x00000000         0xffffffff

Linker script and memory map

LOAD c:/program files (x86)/atmel/studio/7.0/toolchain/arm/arm-gnu-toolchain/bin/../lib/gcc/arm-none-eabi/6.3.1/thumb/v7e-m/crti.o
LOAD c:/program files (x86)/atmel/studio/7.0/toolchain/arm/arm-gnu-toolchain/bin/../lib/gcc/arm-none-eabi/6.3.1/thumb/v7e-m/crtbegin.o
LOAD c:/program files (x86)/atmel/studio/7.0/toolchain/arm/arm-gnu-toolchain/bin/../lib/gcc/arm-none-eabi/6.3.1/../../../../arm-none-eabi/lib/thumb/v7e-m/crt0.o
LOAD atmel_start.o
LOAD Device_Startup/startup_sams70n20b.o
LOAD Device_Startup/system_sams70n20b.o
LOAD driver_init.o
LOAD examples/driver_examples.o
LOAD hal/src/hal_adc_sync.o
LOAD hal/src/hal_atomic.o
LOAD hal/src/hal_delay.o
LOAD hal/src/hal_ext_irq.o
LOAD hal/src/hal_gpio.o
LOAD hal/src/hal_i2c_m_sync.o
LOAD hal/src/hal_init.o
LOAD hal/src/hal_io.o
LOAD hal/src/hal_pwm.o
LOAD hal/src/hal_sleep.o
LOAD hal/src/hal_spi_m_sync.o
LOAD hal/src/hal_timer.o
LOAD hal/src/hal_wdt.o
LOAD hal/utils/src/utils_assert.o
LOAD hal/utils/src/utils_event.o
LOAD hal/utils/src/utils_list.o
LOAD hal/utils/src/utils_syscalls.o
LOAD hpl/afec/hpl_afec.o
LOAD hpl/core/hpl_core_m7_base.o
LOAD hpl/core/hpl_init.o
LOAD hpl/pio/hpl_pio_ext.o
LOAD hpl/pmc/hpl_pmc.o
LOAD hpl/pmc/hpl_sleep.o
LOAD hpl/pwm/hpl_pwm.o
LOAD hpl/spi/hpl_spi.o
LOAD hpl/systick/hpl_systick_ARMv7_base.o
LOAD hpl/tc/hpl_tc.o
LOAD hpl/twihs/hpl_twihs.o
LOAD hpl/wdt/hpl_wdt.o
LOAD hpl/xdmac/hpl_xdmac.o
LOAD main.o
START GROUP
LOAD c:/program files (x86)/atmel/studio/7.0/toolchain/arm/arm-gnu-toolchain/bin/../lib/gcc/arm-none-eabi/6.3.1/../../../../arm-none-eabi/lib/thumb/v7e-m\libm.a
END GROUP
START GROUP
LOAD c:/program files (x86)/atmel/studio/7.0/toolchain/arm/arm-gnu-toolchain/bin/../lib/gcc/arm-none-eabi/6.3.1/thumb/v7e-m\libgcc.a
LOAD c:/program files (x86)/atmel/studio/7.0/toolchain/arm/arm-gnu-toolchain/bin/../lib/gcc/arm-none-eabi/6.3.1/../../../../arm-none-eabi/lib/thumb/v7e-m\libc_nano.a
END GROUP
START GROUP
LOAD c:/program files (x86)/atmel/studio/7.0/toolchain/arm/arm-gnu-toolchain/bin/../lib/gcc/arm-none-eabi/6.3.1/thumb/v7e-m\libgcc.a
LOAD c:/program files (x86)/atmel/studio/7.0/toolchain/arm/arm-gnu-toolchain/bin/../lib/gcc/arm-none-eabi/6.3.1/../../../../arm-none-eabi/lib/thumb/v7e-m\libc_nano.a
END GROUP
LOAD c:/program files (x86)/atmel/studio/7.0/toolchain/arm/arm-gnu-toolchain/bin/../lib/gcc/arm-none-eabi/6.3.1/thumb/v7e-m/crtend.o
LOAD c:/program files (x86)/atmel/studio/7.0/toolchain/arm/arm-gnu-toolchain/bin/../lib/gcc/arm-none-eabi/6.3.1/thumb/v7e-m/crtn.o
                0x00000400                STACK_SIZE = DEFINED (STACK_SIZE)?STACK_SIZE:DEFINED (__stack_size__)?__stack_size__:0x400
                0x00000200                HEAP_SIZE = DEFINED (HEAP_SIZE)?HEAP_SIZE:DEFINED (__heap_size__)?__heap_size__:0x200

.text           0x00400000     0x1c6c
                0x00400000                . = ALIGN (0x4)
                0x00400000                _sfixed = .
 *(.vectors .vectors.*)
 .vectors       0x00400000      0x158 Device_Startup/startup_sams70n20b.o
                0x00400000                exception_table
 *(.text .text.* .gnu.linkonce.t.*)
 .text          0x00400158       0x6c c:/program files (x86)/atmel/studio/7.0/toolchain/arm/arm-gnu-toolchain/bin/../lib/gcc/arm-none-eabi/6.3.1/thumb/v7e-m/crtbegin.o
 .text.atmel_start_init
                0x004001c4        0xc atmel_start.o
                0x004001c4                atmel_start_init
 .text.Dummy_Handler
                0x004001d0        0x2 Device_Startup/startup_sams70n20b.o
                0x004001d0                DACC_Handler
                0x004001d0                SVCall_Handler
                0x004001d0                UART3_Handler
                0x004001d0                UART2_Handler
                0x004001d0                TRNG_Handler
                0x004001d0                HardFault_Handler
                0x004001d0                TC2_Handler
                0x004001d0                SysTick_Handler
                0x004001d0                AFEC1_Handler
                0x004001d0                PendSV_Handler
                0x004001d0                TC7_Handler
                0x004001d0                QSPI_Handler
                0x004001d0                NonMaskableInt_Handler
                0x004001d0                ISI_Handler
                0x004001d0                TC9_Handler
                0x004001d0                RSWDT_Handler
                0x004001d0                USART0_Handler
                0x004001d0                RTT_Handler
                0x004001d0                USBHS_Handler
                0x004001d0                IXC_Handler
                0x004001d0                CCF_Handler
                0x004001d0                RTC_Handler
                0x004001d0                UsageFault_Handler
                0x004001d0                TC6_Handler
                0x004001d0                WDT_Handler
                0x004001d0                TC4_Handler
                0x004001d0                TC1_Handler
                0x004001d0                HSMCI_Handler
                0x004001d0                UART1_Handler
                0x004001d0                TC3_Handler
                0x004001d0                Dummy_Handler
                0x004001d0                TWIHS1_Handler
                0x004001d0                XDMAC_Handler
                0x004001d0                UART4_Handler
                0x004001d0                USART1_Handler
                0x004001d0                AFEC0_Handler
                0x004001d0                CCW_Handler
                0x004001d0                SSC_Handler
                0x004001d0                TC11_Handler
                0x004001d0                ACC_Handler
                0x004001d0                PMC_Handler
                0x004001d0                SUPC_Handler
                0x004001d0                TC8_Handler
                0x004001d0                EFC_Handler
                0x004001d0                USART2_Handler
                0x004001d0                TC10_Handler
                0x004001d0                PIOD_Handler
                0x004001d0                TWIHS2_Handler
                0x004001d0                I2SC0_Handler
                0x004001d0                UART0_Handler
                0x004001d0                FPU_Handler
                0x004001d0                BusFault_Handler
                0x004001d0                RSTC_Handler
                0x004001d0                MemoryManagement_Handler
                0x004001d0                DebugMonitor_Handler
                0x004001d0                TC5_Handler
                0x004001d0                ICM_Handler
                0x004001d0                AES_Handler
                0x004001d0                TWIHS0_Handler
                0x004001d0                SPI0_Handler
 *fill*         0x004001d2        0x2 
 .text.Reset_Handler
                0x004001d4       0x68 Device_Startup/startup_sams70n20b.o
                0x004001d4                Reset_Handler
 .text.TIMER_0_init
                0x0040023c       0x38 driver_init.o
 .text.ADC_0_PORT_init
                0x00400274       0x20 driver_init.o
                0x00400274                ADC_0_PORT_init
 .text.ADC_0_CLOCK_init
                0x00400294       0x18 driver_init.o
                0x00400294                ADC_0_CLOCK_init
 .text.ADC_0_init
                0x004002ac       0x2c driver_init.o
                0x004002ac                ADC_0_init
 .text.EXTERNAL_IRQ_1_init
                0x004002d8       0x14 driver_init.o
                0x004002d8                EXTERNAL_IRQ_1_init
 .text.EXTERNAL_IRQ_0_init
                0x004002ec       0x50 driver_init.o
                0x004002ec                EXTERNAL_IRQ_0_init
 .text.PWM_0_PORT_init
                0x0040033c       0x64 driver_init.o
                0x0040033c                PWM_0_PORT_init
 .text.PWM_0_CLOCK_init
                0x004003a0       0x18 driver_init.o
                0x004003a0                PWM_0_CLOCK_init
 .text.PWM_0_init
                0x004003b8       0x34 driver_init.o
                0x004003b8                PWM_0_init
 .text.PWM_1_PORT_init
                0x004003ec       0x20 driver_init.o
                0x004003ec                PWM_1_PORT_init
 .text.PWM_1_CLOCK_init
                0x0040040c       0x1c driver_init.o
                0x0040040c                PWM_1_CLOCK_init
 .text.PWM_1_init
                0x00400428       0x34 driver_init.o
                0x00400428                PWM_1_init
 .text.SPI_0_PORT_init
                0x0040045c       0x4c driver_init.o
                0x0040045c                SPI_0_PORT_init
 .text.SPI_0_CLOCK_init
                0x004004a8       0x18 driver_init.o
                0x004004a8                SPI_0_CLOCK_init
 .text.SPI_0_init
                0x004004c0       0x40 driver_init.o
                0x004004c0                SPI_0_init
 .text.I2C_0_PORT_init
                0x00400500       0x30 driver_init.o
                0x00400500                I2C_0_PORT_init
 .text.I2C_0_CLOCK_init
                0x00400530       0x18 driver_init.o
                0x00400530                I2C_0_CLOCK_init
 .text.I2C_0_init
                0x00400548       0x28 driver_init.o
                0x00400548                I2C_0_init
 .text.delay_driver_init
                0x00400570       0x14 driver_init.o
                0x00400570                delay_driver_init
 .text.WDT_0_init
                0x00400584       0x2c driver_init.o
                0x00400584                WDT_0_init
 .text.system_init
                0x004005b0      0x1d4 driver_init.o
                0x004005b0                system_init
 .text.adc_sync_init
                0x00400784       0x30 hal/src/hal_adc_sync.o
                0x00400784                adc_sync_init
 .text.atomic_enter_critical
                0x004007b4        0xe hal/src/hal_atomic.o
                0x004007b4                atomic_enter_critical
 .text.atomic_leave_critical
                0x004007c2        0xc hal/src/hal_atomic.o
                0x004007c2                atomic_leave_critical
 *fill*         0x004007ce        0x2 
 .text.delay_init
                0x004007d0       0x14 hal/src/hal_delay.o
                0x004007d0                delay_init
 .text.process_ext_irq
                0x004007e4       0x44 hal/src/hal_ext_irq.o
 .text.ext_irq_init
                0x00400828       0x34 hal/src/hal_ext_irq.o
                0x00400828                ext_irq_init
 .text.i2c_m_sync_write
                0x0040085c       0x30 hal/src/hal_i2c_m_sync.o
 .text.i2c_m_sync_read
                0x0040088c       0x30 hal/src/hal_i2c_m_sync.o
 .text.i2c_m_sync_init
                0x004008bc       0x40 hal/src/hal_i2c_m_sync.o
                0x004008bc                i2c_m_sync_init
 .text.pwm_period_expired
                0x004008fc        0xa hal/src/hal_pwm.o
 .text.pwm_detect_fault
                0x00400906        0xa hal/src/hal_pwm.o
 .text.pwm_init
                0x00400910       0x44 hal/src/hal_pwm.o
                0x00400910                pwm_init
 .text.spi_m_sync_set_func_ptr
                0x00400954       0x20 hal/src/hal_spi_m_sync.o
                0x00400954                spi_m_sync_set_func_ptr
 .text.spi_m_sync_init
                0x00400974       0x50 hal/src/hal_spi_m_sync.o
                0x00400974                spi_m_sync_init
 .text.spi_m_sync_transfer
                0x004009c4       0x40 hal/src/hal_spi_m_sync.o
                0x004009c4                spi_m_sync_transfer
 .text._spi_m_sync_io_write
                0x00400a04       0x3c hal/src/hal_spi_m_sync.o
 .text._spi_m_sync_io_read
                0x00400a40       0x3c hal/src/hal_spi_m_sync.o
 .text.timer_add_timer_task
                0x00400a7c       0x50 hal/src/hal_timer.o
 .text.timer_process_counted
                0x00400acc       0x68 hal/src/hal_timer.o
 .text.timer_init
                0x00400b34       0x3c hal/src/hal_timer.o
                0x00400b34                timer_init
 .text.timer_start
                0x00400b70       0x3c hal/src/hal_timer.o
                0x00400b70                timer_start
 .text.timer_add_task
                0x00400bac       0xa8 hal/src/hal_timer.o
                0x00400bac                timer_add_task
 .text.assert   0x00400c54        0x6 hal/utils/src/utils_assert.o
                0x00400c54                assert
 .text.is_list_element
                0x00400c5a       0x14 hal/utils/src/utils_list.o
                0x00400c5a                is_list_element
 *fill*         0x00400c6e        0x2 
 .text.list_insert_as_head
                0x00400c70       0x2c hal/utils/src/utils_list.o
                0x00400c70                list_insert_as_head
 .text.list_insert_after
                0x00400c9c        0x8 hal/utils/src/utils_list.o
                0x00400c9c                list_insert_after
 .text.list_remove_head
                0x00400ca4       0x10 hal/utils/src/utils_list.o
                0x00400ca4                list_remove_head
 .text._afec_init
                0x00400cb4       0x7c hpl/afec/hpl_afec.o
 .text._afec_get_hardware_index
                0x00400d30       0x34 hpl/afec/hpl_afec.o
 .text._afec_get_regs
                0x00400d64       0x2c hpl/afec/hpl_afec.o
 .text._adc_sync_init
                0x00400d90       0x38 hpl/afec/hpl_afec.o
                0x00400d90                _adc_sync_init
 .text._irq_set
                0x00400dc8       0x20 hpl/core/hpl_core_m7_base.o
                0x00400dc8                _irq_set
 .text._init_chip
                0x00400de8       0x54 hpl/core/hpl_init.o
                0x00400de8                _init_chip
 .text._ffs     0x00400e3c       0x30 hpl/pio/hpl_pio_ext.o
 .text._ext_irq_handler
                0x00400e6c       0xb0 hpl/pio/hpl_pio_ext.o
 .text._pio_get_hardware_index
                0x00400f1c       0x28 hpl/pio/hpl_pio_ext.o
 .text._pio_get_index
                0x00400f44       0x4c hpl/pio/hpl_pio_ext.o
 .text._pio_init
                0x00400f90       0xc8 hpl/pio/hpl_pio_ext.o
 .text.PIOB_Handler
                0x00401058        0xc hpl/pio/hpl_pio_ext.o
                0x00401058                PIOB_Handler
 .text.PIOA_Handler
                0x00401064        0xc hpl/pio/hpl_pio_ext.o
                0x00401064                PIOA_Handler
 .text._ext_irq_init
                0x00401070       0x28 hpl/pio/hpl_pio_ext.o
                0x00401070                _ext_irq_init
 .text._pmc_init_sources
                0x00401098       0x68 hpl/pmc/hpl_pmc.o
 .text._pmc_init_master_clock
                0x00401100       0x4c hpl/pmc/hpl_pmc.o
 .text._pmc_init
                0x0040114c       0x14 hpl/pmc/hpl_pmc.o
                0x0040114c                _pmc_init
 .text._pwm_get_cfg
                0x00401160       0x30 hpl/pwm/hpl_pwm.o
 .text._pwm_init_irq_param
                0x00401190       0x28 hpl/pwm/hpl_pwm.o
 .text._pwm_interrupt_handler
                0x004011b8       0x10 hpl/pwm/hpl_pwm.o
 .text.PWM0_Handler
                0x004011c8       0x14 hpl/pwm/hpl_pwm.o
                0x004011c8                PWM0_Handler
 .text.PWM1_Handler
                0x004011dc       0x14 hpl/pwm/hpl_pwm.o
                0x004011dc                PWM1_Handler
 .text._pwm_init
                0x004011f0      0x138 hpl/pwm/hpl_pwm.o
                0x004011f0                _pwm_init
 .text._pwm_get_pwm
                0x00401328        0x4 hpl/pwm/hpl_pwm.o
                0x00401328                _pwm_get_pwm
 .text._spi_get_hardware_index
                0x0040132c       0x18 hpl/spi/hpl_spi.o
 .text._spi_m_sync_init
                0x00401344       0xa8 hpl/spi/hpl_spi.o
                0x00401344                _spi_m_sync_init
 .text._spi_m_sync_trans
                0x004013ec      0x100 hpl/spi/hpl_spi.o
                0x004013ec                _spi_m_sync_trans
 .text._spi_get_spi_m_sync
                0x004014ec        0x4 hpl/spi/hpl_spi.o
                0x004014ec                _spi_get_spi_m_sync
 .text._system_time_init
                0x004014f0       0x14 hpl/systick/hpl_systick_ARMv7_base.o
                0x004014f0                _system_time_init
 .text._delay_init
                0x00401504        0xc hpl/systick/hpl_systick_ARMv7_base.o
                0x00401504                _delay_init
 .text.get_cfg  0x00401510       0x38 hpl/tc/hpl_tc.o
 .text._tc_init_irq_param
                0x00401548       0x18 hpl/tc/hpl_tc.o
 .text.tc_interrupt_handler
                0x00401560       0x14 hpl/tc/hpl_tc.o
 .text._timer_init
                0x00401574       0xbc hpl/tc/hpl_tc.o
                0x00401574                _timer_init
 .text._timer_start
                0x00401630        0x8 hpl/tc/hpl_tc.o
                0x00401630                _timer_start
 .text._timer_is_started
                0x00401638        0xa hpl/tc/hpl_tc.o
                0x00401638                _timer_is_started
 *fill*         0x00401642        0x2 
 .text._timer_set_irq
                0x00401644       0x18 hpl/tc/hpl_tc.o
                0x00401644                _timer_set_irq
 .text._tc_get_timer
                0x0040165c        0x4 hpl/tc/hpl_tc.o
                0x0040165c                _tc_get_timer
 .text.TC0_Handler
                0x00401660       0x14 hpl/tc/hpl_tc.o
                0x00401660                TC0_Handler
 .text._get_i2cm_sync_cfg
                0x00401674       0x38 hpl/twihs/hpl_twihs.o
 .text._i2c_m_sync_init
                0x004016ac       0x48 hpl/twihs/hpl_twihs.o
                0x004016ac                _i2c_m_sync_init
 .text._i2c_m_sync_transfer
                0x004016f4      0x168 hpl/twihs/hpl_twihs.o
                0x004016f4                _i2c_m_sync_transfer
 .text._wdt_init
                0x0040185c       0x34 hpl/wdt/hpl_wdt.o
                0x0040185c                _wdt_init
 .text.timer_task_cb
                0x00401890       0x10 main.o
 .text.main     0x004018a0       0x64 main.o
                0x004018a0                main
 .text.__libc_init_array
                0x00401904       0x48 c:/program files (x86)/atmel/studio/7.0/toolchain/arm/arm-gnu-toolchain/bin/../lib/gcc/arm-none-eabi/6.3.1/../../../../arm-none-eabi/lib/thumb/v7e-m\libc_nano.a(lib_a-init.o)
                0x00401904                __libc_init_array
 *(.glue_7t)
 .glue_7t       0x0040194c        0x0 linker stubs
 *(.glue_7)
 .glue_7        0x0040194c        0x0 linker stubs
 *(.rodata .rodata* .gnu.linkonce.r.*)
 .rodata.str1.4
                0x0040194c       0x19 driver_init.o
 *fill*         0x00401965        0x3 
 .rodata.str1.4
                0x00401968       0x1a hal/src/hal_adc_sync.o
 *fill*         0x00401982        0x2 
 .rodata.str1.4
                0x00401984       0x1c hal/src/hal_i2c_m_sync.o
 .rodata.str1.4
                0x004019a0       0x15 hal/src/hal_pwm.o
 *fill*         0x004019b5        0x3 
 .rodata.str1.4
                0x004019b8       0x1c hal/src/hal_spi_m_sync.o
 .rodata.str1.4
                0x004019d4       0x17 hal/src/hal_timer.o
 *fill*         0x004019eb        0x1 
 .rodata.str1.4
                0x004019ec       0x1e hal/utils/src/utils_list.o
 *fill*         0x00401a0a        0x2 
 .rodata        0x00401a0c       0x64 hpl/afec/hpl_afec.o
 .rodata.str1.4
                0x00401a70       0x17 hpl/afec/hpl_afec.o
 *fill*         0x00401a87        0x1 
 .rodata        0x00401a88       0x3b hpl/pio/hpl_pio_ext.o
 *fill*         0x00401ac3        0x1 
 .rodata.str1.4
                0x00401ac4       0x19 hpl/pio/hpl_pio_ext.o
 *fill*         0x00401add        0x3 
 .rodata        0x00401ae0       0xc8 hpl/pwm/hpl_pwm.o
 .rodata.str1.4
                0x00401ba8       0x15 hpl/pwm/hpl_pwm.o
 *fill*         0x00401bbd        0x3 
 .rodata        0x00401bc0       0x14 hpl/spi/hpl_spi.o
 .rodata.str1.4
                0x00401bd4       0x15 hpl/spi/hpl_spi.o
 *fill*         0x00401be9        0x3 
 .rodata.str1.4
                0x00401bec       0x13 hpl/tc/hpl_tc.o
 *fill*         0x00401bff        0x1 
 .rodata        0x00401c00       0x18 hpl/twihs/hpl_twihs.o
 .rodata.str1.4
                0x00401c18       0x19 hpl/twihs/hpl_twihs.o
 *fill*         0x00401c31        0x3 
 .rodata.str1.4
                0x00401c34       0x18 hpl/wdt/hpl_wdt.o
                                 0x15 (size before relaxing)
 *(.ARM.extab* .gnu.linkonce.armextab.*)
                0x00401c4c                . = ALIGN (0x4)
 *(.init)
 .init          0x00401c4c        0x4 c:/program files (x86)/atmel/studio/7.0/toolchain/arm/arm-gnu-toolchain/bin/../lib/gcc/arm-none-eabi/6.3.1/thumb/v7e-m/crti.o
                0x00401c4c                _init
 .init          0x00401c50        0x8 c:/program files (x86)/atmel/studio/7.0/toolchain/arm/arm-gnu-toolchain/bin/../lib/gcc/arm-none-eabi/6.3.1/thumb/v7e-m/crtn.o
                0x00401c58                . = ALIGN (0x4)
                0x00401c58                __preinit_array_start = .
 *(.preinit_array)
                0x00401c58                __preinit_array_end = .
                0x00401c58                . = ALIGN (0x4)
                0x00401c58                __init_array_start = .
 *(SORT(.init_array.*))
 *(.init_array)
 .init_array    0x00401c58        0x4 c:/program files (x86)/atmel/studio/7.0/toolchain/arm/arm-gnu-toolchain/bin/../lib/gcc/arm-none-eabi/6.3.1/thumb/v7e-m/crtbegin.o
                0x00401c5c                __init_array_end = .
                0x00401c5c                . = ALIGN (0x4)
 *crtbegin.o(.ctors)
 *(EXCLUDE_FILE(*crtend.o) .ctors)
 *(SORT(.ctors.*))
 *crtend.o(.ctors)
                0x00401c5c                . = ALIGN (0x4)
 *(.fini)
 .fini          0x00401c5c        0x4 c:/program files (x86)/atmel/studio/7.0/toolchain/arm/arm-gnu-toolchain/bin/../lib/gcc/arm-none-eabi/6.3.1/thumb/v7e-m/crti.o
                0x00401c5c                _fini
 .fini          0x00401c60        0x8 c:/program files (x86)/atmel/studio/7.0/toolchain/arm/arm-gnu-toolchain/bin/../lib/gcc/arm-none-eabi/6.3.1/thumb/v7e-m/crtn.o
                0x00401c68                . = ALIGN (0x4)
                0x00401c68                __fini_array_start = .
 *(.fini_array)
 .fini_array    0x00401c68        0x4 c:/program files (x86)/atmel/studio/7.0/toolchain/arm/arm-gnu-toolchain/bin/../lib/gcc/arm-none-eabi/6.3.1/thumb/v7e-m/crtbegin.o
 *(SORT(.fini_array.*))
                0x00401c6c                __fini_array_end = .
 *crtbegin.o(.dtors)
 *(EXCLUDE_FILE(*crtend.o) .dtors)
 *(SORT(.dtors.*))
 *crtend.o(.dtors)
                0x00401c6c                . = ALIGN (0x4)
                0x00401c6c                _efixed = .
                [!provide]                PROVIDE (__exidx_start, .)

.vfp11_veneer   0x00401c6c        0x0
 .vfp11_veneer  0x00401c6c        0x0 linker stubs

.v4_bx          0x00401c6c        0x0
 .v4_bx         0x00401c6c        0x0 linker stubs

.iplt           0x00401c6c        0x0
 .iplt          0x00401c6c        0x0 c:/program files (x86)/atmel/studio/7.0/toolchain/arm/arm-gnu-toolchain/bin/../lib/gcc/arm-none-eabi/6.3.1/thumb/v7e-m/crtbegin.o

.eh_frame       0x00401c6c        0x0
 .eh_frame      0x00401c6c        0x0 c:/program files (x86)/atmel/studio/7.0/toolchain/arm/arm-gnu-toolchain/bin/../lib/gcc/arm-none-eabi/6.3.1/thumb/v7e-m/crtbegin.o

.rel.dyn        0x00401c6c        0x0
 .rel.iplt      0x00401c6c        0x0 c:/program files (x86)/atmel/studio/7.0/toolchain/arm/arm-gnu-toolchain/bin/../lib/gcc/arm-none-eabi/6.3.1/thumb/v7e-m/crtbegin.o

.jcr            0x00401c6c        0x0
 .jcr           0x00401c6c        0x0 c:/program files (x86)/atmel/studio/7.0/toolchain/arm/arm-gnu-toolchain/bin/../lib/gcc/arm-none-eabi/6.3.1/thumb/v7e-m/crtbegin.o

.igot.plt       0x00401c6c        0x0
 .igot.plt      0x00401c6c        0x0 c:/program files (x86)/atmel/studio/7.0/toolchain/arm/arm-gnu-toolchain/bin/../lib/gcc/arm-none-eabi/6.3.1/thumb/v7e-m/crtbegin.o

.ARM.exidx
 *(.ARM.exidx* .gnu.linkonce.armexidx.*)
                [!provide]                PROVIDE (__exidx_end, .)
                0x00401c6c                . = ALIGN (0x4)
                0x00401c6c                _etext = .

.relocate       0x20400000       0x24 load address 0x00401c6c
                0x20400000                . = ALIGN (0x4)
                0x20400000                _srelocate = .
 *(.ramfunc .ramfunc.*)
 *(.data .data.*)
 .data          0x20400000       0x24 hpl/tc/hpl_tc.o
                0x20400024                . = ALIGN (0x4)
                0x20400024                _erelocate = .

.bss            0x20400024      0x124 load address 0x00401c90
                0x20400024                . = ALIGN (0x4)
                0x20400024                _sbss = .
                0x20400024                _szero = .
 *(.bss .bss.*)
 .bss           0x20400024       0x1c c:/program files (x86)/atmel/studio/7.0/toolchain/arm/arm-gnu-toolchain/bin/../lib/gcc/arm-none-eabi/6.3.1/thumb/v7e-m/crtbegin.o
 .bss           0x20400040        0x4 hal/src/hal_delay.o
 .bss           0x20400044       0x30 hal/src/hal_ext_irq.o
 .bss           0x20400074        0x4 hpl/pio/hpl_pio_ext.o
 .bss           0x20400078       0x20 hpl/pwm/hpl_pwm.o
 .bss           0x20400098        0x4 hpl/tc/hpl_tc.o
 .bss           0x2040009c       0x18 main.o
                0x2040009c                x
 *(COMMON)
 COMMON         0x204000b4       0x94 driver_init.o
                0x204000b4                PWM_0
                0x204000d0                ADC_0
                0x204000d4                WDT_0
                0x204000d8                SPI_0
                0x204000f0                PWM_1
                0x2040010c                I2C_0
                0x2040012c                TIMER_0
                0x20400148                . = ALIGN (0x4)
                0x20400148                _ebss = .
                0x20400148                _ezero = .

.heap           0x20400148      0x200 load address 0x00401db4
                0x20400148                . = ALIGN (0x8)
                0x20400148                _sheap = .
                0x20400348                . = (. + HEAP_SIZE)
 *fill*         0x20400148      0x200 
                0x20400348                . = ALIGN (0x8)
                0x20400348                _eheap = .

.stack          0x20400348      0x400 load address 0x00401fb4
                0x20400348                . = ALIGN (0x8)
                0x20400348                _sstack = .
                0x20400748                . = (. + STACK_SIZE)
 *fill*         0x20400348      0x400 
                0x20400748                . = ALIGN (0x8)
                0x20400748                _estack = .
                0x20400748                . = ALIGN (0x4)
                0x20400748                _end = .
                0x2045ffff                _ram_end_ = ((ORIGIN (ram) + LENGTH (ram)) - 0x1)
OUTPUT(TimerTest.elf elf32-littlearm)

.ARM.attributes
                0x00000000       0x2e
 .ARM.attributes
                0x00000000       0x1e c:/program files (x86)/atmel/studio/7.0/toolchain/arm/arm-gnu-toolchain/bin/../lib/gcc/arm-none-eabi/6.3.1/thumb/v7e-m/crti.o
 .ARM.attributes
                0x0000001e       0x2e c:/program files (x86)/atmel/studio/7.0/toolchain/arm/arm-gnu-toolchain/bin/../lib/gcc/arm-none-eabi/6.3.1/thumb/v7e-m/crtbegin.o
 .ARM.attributes
                0x0000004c       0x37 atmel_start.o
 .ARM.attributes
                0x00000083       0x37 Device_Startup/startup_sams70n20b.o
 .ARM.attributes
                0x000000ba       0x37 driver_init.o
 .ARM.attributes
                0x000000f1       0x37 hal/src/hal_adc_sync.o
 .ARM.attributes
                0x00000128       0x37 hal/src/hal_atomic.o
 .ARM.attributes
                0x0000015f       0x37 hal/src/hal_delay.o
 .ARM.attributes
                0x00000196       0x37 hal/src/hal_ext_irq.o
 .ARM.attributes
                0x000001cd       0x37 hal/src/hal_i2c_m_sync.o
 .ARM.attributes
                0x00000204       0x37 hal/src/hal_pwm.o
 .ARM.attributes
                0x0000023b       0x37 hal/src/hal_spi_m_sync.o
 .ARM.attributes
                0x00000272       0x37 hal/src/hal_timer.o
 .ARM.attributes
                0x000002a9       0x37 hal/utils/src/utils_assert.o
 .ARM.attributes
                0x000002e0       0x37 hal/utils/src/utils_list.o
 .ARM.attributes
                0x00000317       0x37 hpl/afec/hpl_afec.o
 .ARM.attributes
                0x0000034e       0x37 hpl/core/hpl_core_m7_base.o
 .ARM.attributes
                0x00000385       0x37 hpl/core/hpl_init.o
 .ARM.attributes
                0x000003bc       0x37 hpl/pio/hpl_pio_ext.o
 .ARM.attributes
                0x000003f3       0x37 hpl/pmc/hpl_pmc.o
 .ARM.attributes
                0x0000042a       0x37 hpl/pwm/hpl_pwm.o
 .ARM.attributes
                0x00000461       0x37 hpl/spi/hpl_spi.o
 .ARM.attributes
                0x00000498       0x37 hpl/systick/hpl_systick_ARMv7_base.o
 .ARM.attributes
                0x000004cf       0x37 hpl/tc/hpl_tc.o
 .ARM.attributes
                0x00000506       0x37 hpl/twihs/hpl_twihs.o
 .ARM.attributes
                0x0000053d       0x37 hpl/wdt/hpl_wdt.o
 .ARM.attributes
                0x00000574       0x37 main.o
 .ARM.attributes
                0x000005ab       0x2e c:/program files (x86)/atmel/studio/7.0/toolchain/arm/arm-gnu-toolchain/bin/../lib/gcc/arm-none-eabi/6.3.1/../../../../arm-none-eabi/lib/thumb/v7e-m\libc_nano.a(lib_a-init.o)
 .ARM.attributes
                0x000005d9       0x1e c:/program files (x86)/atmel/studio/7.0/toolchain/arm/arm-gnu-toolchain/bin/../lib/gcc/arm-none-eabi/6.3.1/thumb/v7e-m/crtn.o

.comment        0x00000000       0x59
 .comment       0x00000000       0x59 atmel_start.o
                                 0x5a (size before relaxing)
 .comment       0x00000059       0x5a Device_Startup/startup_sams70n20b.o
 .comment       0x00000059       0x5a driver_init.o
 .comment       0x00000059       0x5a hal/src/hal_adc_sync.o
 .comment       0x00000059       0x5a hal/src/hal_atomic.o
 .comment       0x00000059       0x5a hal/src/hal_delay.o
 .comment       0x00000059       0x5a hal/src/hal_ext_irq.o
 .comment       0x00000059       0x5a hal/src/hal_i2c_m_sync.o
 .comment       0x00000059       0x5a hal/src/hal_pwm.o
 .comment       0x00000059       0x5a hal/src/hal_spi_m_sync.o
 .comment       0x00000059       0x5a hal/src/hal_timer.o
 .comment       0x00000059       0x5a hal/utils/src/utils_assert.o
 .comment       0x00000059       0x5a hal/utils/src/utils_list.o
 .comment       0x00000059       0x5a hpl/afec/hpl_afec.o
 .comment       0x00000059       0x5a hpl/core/hpl_core_m7_base.o
 .comment       0x00000059       0x5a hpl/core/hpl_init.o
 .comment       0x00000059       0x5a hpl/pio/hpl_pio_ext.o
 .comment       0x00000059       0x5a hpl/pmc/hpl_pmc.o
 .comment       0x00000059       0x5a hpl/pwm/hpl_pwm.o
 .comment       0x00000059       0x5a hpl/spi/hpl_spi.o
 .comment       0x00000059       0x5a hpl/systick/hpl_systick_ARMv7_base.o
 .comment       0x00000059       0x5a hpl/tc/hpl_tc.o
 .comment       0x00000059       0x5a hpl/twihs/hpl_twihs.o
 .comment       0x00000059       0x5a hpl/wdt/hpl_wdt.o
 .comment       0x00000059       0x5a main.o

.debug_info     0x00000000    0x19486
 .debug_info    0x00000000      0x622 atmel_start.o
 .debug_info    0x00000622      0xae4 Device_Startup/startup_sams70n20b.o
 .debug_info    0x00001106     0x6c1c driver_init.o
 .debug_info    0x00007d22      0xbee hal/src/hal_adc_sync.o
 .debug_info    0x00008910      0x1fa hal/src/hal_atomic.o
 .debug_info    0x00008b0a      0x205 hal/src/hal_delay.o
 .debug_info    0x00008d0f      0x38a hal/src/hal_ext_irq.o
 .debug_info    0x00009099      0x89f hal/src/hal_i2c_m_sync.o
 .debug_info    0x00009938      0x818 hal/src/hal_pwm.o
 .debug_info    0x0000a150      0xa9e hal/src/hal_spi_m_sync.o
 .debug_info    0x0000abee      0xc5c hal/src/hal_timer.o
 .debug_info    0x0000b84a      0x130 hal/utils/src/utils_assert.o
 .debug_info    0x0000b97a      0x33e hal/utils/src/utils_list.o
 .debug_info    0x0000bcb8     0x24b4 hpl/afec/hpl_afec.o
 .debug_info    0x0000e16c      0xcdb hpl/core/hpl_core_m7_base.o
 .debug_info    0x0000ee47      0x6be hpl/core/hpl_init.o
 .debug_info    0x0000f505     0x12f4 hpl/pio/hpl_pio_ext.o
 .debug_info    0x000107f9      0x8f4 hpl/pmc/hpl_pmc.o
 .debug_info    0x000110ed     0x1dd7 hpl/pwm/hpl_pwm.o
 .debug_info    0x00012ec4     0x2e65 hpl/spi/hpl_spi.o
 .debug_info    0x00015d29      0x289 hpl/systick/hpl_systick_ARMv7_base.o
 .debug_info    0x00015fb2     0x133c hpl/tc/hpl_tc.o
 .debug_info    0x000172ee      0xe70 hpl/twihs/hpl_twihs.o
 .debug_info    0x0001815e      0x4c3 hpl/wdt/hpl_wdt.o
 .debug_info    0x00018621      0xe65 main.o

.debug_abbrev   0x00000000     0x3594
 .debug_abbrev  0x00000000      0x104 atmel_start.o
 .debug_abbrev  0x00000104      0x153 Device_Startup/startup_sams70n20b.o
 .debug_abbrev  0x00000257      0x35c driver_init.o
 .debug_abbrev  0x000005b3      0x177 hal/src/hal_adc_sync.o
 .debug_abbrev  0x0000072a      0x155 hal/src/hal_atomic.o
 .debug_abbrev  0x0000087f       0xf9 hal/src/hal_delay.o
 .debug_abbrev  0x00000978      0x191 hal/src/hal_ext_irq.o
 .debug_abbrev  0x00000b09      0x1b7 hal/src/hal_i2c_m_sync.o
 .debug_abbrev  0x00000cc0      0x198 hal/src/hal_pwm.o
 .debug_abbrev  0x00000e58      0x1c9 hal/src/hal_spi_m_sync.o
 .debug_abbrev  0x00001021      0x232 hal/src/hal_timer.o
 .debug_abbrev  0x00001253       0x9e hal/utils/src/utils_assert.o
 .debug_abbrev  0x000012f1      0x186 hal/utils/src/utils_list.o
 .debug_abbrev  0x00001477      0x3db hpl/afec/hpl_afec.o
 .debug_abbrev  0x00001852      0x293 hpl/core/hpl_core_m7_base.o
 .debug_abbrev  0x00001ae5      0x1e7 hpl/core/hpl_init.o
 .debug_abbrev  0x00001ccc      0x371 hpl/pio/hpl_pio_ext.o
 .debug_abbrev  0x0000203d      0x1b7 hpl/pmc/hpl_pmc.o
 .debug_abbrev  0x000021f4      0x348 hpl/pwm/hpl_pwm.o
 .debug_abbrev  0x0000253c      0x43e hpl/spi/hpl_spi.o
 .debug_abbrev  0x0000297a      0x174 hpl/systick/hpl_systick_ARMv7_base.o
 .debug_abbrev  0x00002aee      0x38a hpl/tc/hpl_tc.o
 .debug_abbrev  0x00002e78      0x2b4 hpl/twihs/hpl_twihs.o
 .debug_abbrev  0x0000312c      0x1b1 hpl/wdt/hpl_wdt.o
 .debug_abbrev  0x000032dd      0x2b7 main.o

.debug_loc      0x00000000     0xb04f
 .debug_loc     0x00000000       0x20 atmel_start.o
 .debug_loc     0x00000020       0x78 Device_Startup/startup_sams70n20b.o
 .debug_loc     0x00000098     0x28f0 driver_init.o
 .debug_loc     0x00002988      0x85b hal/src/hal_adc_sync.o
 .debug_loc     0x000031e3       0x13 hal/src/hal_atomic.o
 .debug_loc     0x000031f6       0xc3 hal/src/hal_delay.o
 .debug_loc     0x000032b9      0x361 hal/src/hal_ext_irq.o
 .debug_loc     0x0000361a      0x764 hal/src/hal_i2c_m_sync.o
 .debug_loc     0x00003d7e      0x39c hal/src/hal_pwm.o
 .debug_loc     0x0000411a      0x6a5 hal/src/hal_spi_m_sync.o
 .debug_loc     0x000047bf      0x5fb hal/src/hal_timer.o
 .debug_loc     0x00004dba      0x24b hal/utils/src/utils_list.o
 .debug_loc     0x00005005     0x1253 hpl/afec/hpl_afec.o
 .debug_loc     0x00006258      0x23a hpl/core/hpl_core_m7_base.o
 .debug_loc     0x00006492       0x77 hpl/core/hpl_init.o
 .debug_loc     0x00006509      0x66f hpl/pio/hpl_pio_ext.o
 .debug_loc     0x00006b78      0x222 hpl/pmc/hpl_pmc.o
 .debug_loc     0x00006d9a      0xaf4 hpl/pwm/hpl_pwm.o
 .debug_loc     0x0000788e     0x2261 hpl/spi/hpl_spi.o
 .debug_loc     0x00009aef      0x127 hpl/systick/hpl_systick_ARMv7_base.o
 .debug_loc     0x00009c16      0x65b hpl/tc/hpl_tc.o
 .debug_loc     0x0000a271      0x8ef hpl/twihs/hpl_twihs.o
 .debug_loc     0x0000ab60      0x443 hpl/wdt/hpl_wdt.o
 .debug_loc     0x0000afa3       0xac main.o

.debug_aranges  0x00000000      0xb88
 .debug_aranges
                0x00000000       0x20 atmel_start.o
 .debug_aranges
                0x00000020       0x28 Device_Startup/startup_sams70n20b.o
 .debug_aranges
                0x00000048       0xc8 driver_init.o
 .debug_aranges
                0x00000110       0x98 hal/src/hal_adc_sync.o
 .debug_aranges
                0x000001a8       0x30 hal/src/hal_atomic.o
 .debug_aranges
                0x000001d8       0x38 hal/src/hal_delay.o
 .debug_aranges
                0x00000210       0x50 hal/src/hal_ext_irq.o
 .debug_aranges
                0x00000260       0x88 hal/src/hal_i2c_m_sync.o
 .debug_aranges
                0x000002e8       0x60 hal/src/hal_pwm.o
 .debug_aranges
                0x00000348       0x88 hal/src/hal_spi_m_sync.o
 .debug_aranges
                0x000003d0       0x70 hal/src/hal_timer.o
 .debug_aranges
                0x00000440       0x20 hal/utils/src/utils_assert.o
 .debug_aranges
                0x00000460       0x48 hal/utils/src/utils_list.o
 .debug_aranges
                0x000004a8      0x150 hpl/afec/hpl_afec.o
 .debug_aranges
                0x000005f8       0x70 hpl/core/hpl_core_m7_base.o
 .debug_aranges
                0x00000668       0x20 hpl/core/hpl_init.o
 .debug_aranges
                0x00000688       0x68 hpl/pio/hpl_pio_ext.o
 .debug_aranges
                0x000006f0       0x30 hpl/pmc/hpl_pmc.o
 .debug_aranges
                0x00000720       0x90 hpl/pwm/hpl_pwm.o
 .debug_aranges
                0x000007b0      0x230 hpl/spi/hpl_spi.o
 .debug_aranges
                0x000009e0       0x48 hpl/systick/hpl_systick_ARMv7_base.o
 .debug_aranges
                0x00000a28       0x88 hpl/tc/hpl_tc.o
 .debug_aranges
                0x00000ab0       0x60 hpl/twihs/hpl_twihs.o
 .debug_aranges
                0x00000b10       0x50 hpl/wdt/hpl_wdt.o
 .debug_aranges
                0x00000b60       0x28 main.o

.debug_ranges   0x00000000      0xad8
 .debug_ranges  0x00000000       0x10 atmel_start.o
 .debug_ranges  0x00000010       0x18 Device_Startup/startup_sams70n20b.o
 .debug_ranges  0x00000028       0xb8 driver_init.o
 .debug_ranges  0x000000e0       0xa0 hal/src/hal_adc_sync.o
 .debug_ranges  0x00000180       0x20 hal/src/hal_atomic.o
 .debug_ranges  0x000001a0       0x28 hal/src/hal_delay.o
 .debug_ranges  0x000001c8       0x40 hal/src/hal_ext_irq.o
 .debug_ranges  0x00000208       0x78 hal/src/hal_i2c_m_sync.o
 .debug_ranges  0x00000280       0x50 hal/src/hal_pwm.o
 .debug_ranges  0x000002d0       0x78 hal/src/hal_spi_m_sync.o
 .debug_ranges  0x00000348       0x90 hal/src/hal_timer.o
 .debug_ranges  0x000003d8       0x10 hal/utils/src/utils_assert.o
 .debug_ranges  0x000003e8       0x38 hal/utils/src/utils_list.o
 .debug_ranges  0x00000420      0x140 hpl/afec/hpl_afec.o
 .debug_ranges  0x00000560       0x60 hpl/core/hpl_core_m7_base.o
 .debug_ranges  0x000005c0       0x10 hpl/core/hpl_init.o
 .debug_ranges  0x000005d0       0x58 hpl/pio/hpl_pio_ext.o
 .debug_ranges  0x00000628       0x20 hpl/pmc/hpl_pmc.o
 .debug_ranges  0x00000648       0x80 hpl/pwm/hpl_pwm.o
 .debug_ranges  0x000006c8      0x280 hpl/spi/hpl_spi.o
 .debug_ranges  0x00000948       0x38 hpl/systick/hpl_systick_ARMv7_base.o
 .debug_ranges  0x00000980       0x78 hpl/tc/hpl_tc.o
 .debug_ranges  0x000009f8       0x88 hpl/twihs/hpl_twihs.o
 .debug_ranges  0x00000a80       0x40 hpl/wdt/hpl_wdt.o
 .debug_ranges  0x00000ac0       0x18 main.o

.debug_macro    0x00000000    0x374f7
 .debug_macro   0x00000000      0x733 atmel_start.o
 .debug_macro   0x00000733      0x8b0 atmel_start.o
 .debug_macro   0x00000fe3      0x16d atmel_start.o
 .debug_macro   0x00001150       0x22 atmel_start.o
 .debug_macro   0x00001172       0x87 atmel_start.o
 .debug_macro   0x000011f9       0x51 atmel_start.o
 .debug_macro   0x0000124a       0xef atmel_start.o
 .debug_macro   0x00001339       0x6a atmel_start.o
 .debug_macro   0x000013a3      0x1df atmel_start.o
 .debug_macro   0x00001582       0x22 atmel_start.o
 .debug_macro   0x000015a4       0xd7 atmel_start.o
 .debug_macro   0x0000167b       0x1c atmel_start.o
 .debug_macro   0x00001697       0x22 atmel_start.o
 .debug_macro   0x000016b9       0xdf atmel_start.o
 .debug_macro   0x00001798     0x12cd atmel_start.o
 .debug_macro   0x00002a65      0x11f atmel_start.o
 .debug_macro   0x00002b84       0x19 atmel_start.o
 .debug_macro   0x00002b9d      0x3e2 atmel_start.o
 .debug_macro   0x00002f7f      0x5a9 atmel_start.o
 .debug_macro   0x00003528     0x1797 atmel_start.o
 .debug_macro   0x00004cbf      0x3bb atmel_start.o
 .debug_macro   0x0000507a      0x830 atmel_start.o
 .debug_macro   0x000058aa      0x316 atmel_start.o
 .debug_macro   0x00005bc0       0x40 atmel_start.o
 .debug_macro   0x00005c00     0x105e atmel_start.o
 .debug_macro   0x00006c5e      0x60b atmel_start.o
 .debug_macro   0x00007269      0x555 atmel_start.o
 .debug_macro   0x000077be      0xb8f atmel_start.o
 .debug_macro   0x0000834d      0x542 atmel_start.o
 .debug_macro   0x0000888f     0x83ff atmel_start.o
 .debug_macro   0x00010c8e     0x3022 atmel_start.o
 .debug_macro   0x00013cb0     0x24d0 atmel_start.o
 .debug_macro   0x00016180      0x87f atmel_start.o
 .debug_macro   0x000169ff      0x17d atmel_start.o
 .debug_macro   0x00016b7c      0x118 atmel_start.o
 .debug_macro   0x00016c94      0x909 atmel_start.o
 .debug_macro   0x0001759d      0x125 atmel_start.o
 .debug_macro   0x000176c2      0x709 atmel_start.o
 .debug_macro   0x00017dcb      0xb64 atmel_start.o
 .debug_macro   0x0001892f      0xf03 atmel_start.o
 .debug_macro   0x00019832      0xff2 atmel_start.o
 .debug_macro   0x0001a824      0x172 atmel_start.o
 .debug_macro   0x0001a996      0x124 atmel_start.o
 .debug_macro   0x0001aaba      0xbc2 atmel_start.o
 .debug_macro   0x0001b67c      0x5c5 atmel_start.o
 .debug_macro   0x0001bc41     0x1afb atmel_start.o
 .debug_macro   0x0001d73c      0x625 atmel_start.o
 .debug_macro   0x0001dd61     0x41a7 atmel_start.o
 .debug_macro   0x00021f08      0x4f1 atmel_start.o
 .debug_macro   0x000223f9       0xc4 atmel_start.o
 .debug_macro   0x000224bd      0x12d atmel_start.o
 .debug_macro   0x000225ea     0x2a5f atmel_start.o
 .debug_macro   0x00025049       0x7c atmel_start.o
 .debug_macro   0x000250c5      0x14e atmel_start.o
 .debug_macro   0x00025213       0xf4 atmel_start.o
 .debug_macro   0x00025307       0xf4 atmel_start.o
 .debug_macro   0x000253fb       0x16 atmel_start.o
 .debug_macro   0x00025411       0x7c atmel_start.o
 .debug_macro   0x0002548d       0x40 atmel_start.o
 .debug_macro   0x000254cd       0x40 atmel_start.o
 .debug_macro   0x0002550d      0x7ce atmel_start.o
 .debug_macro   0x00025cdb       0x6a atmel_start.o
 .debug_macro   0x00025d45       0x88 atmel_start.o
 .debug_macro   0x00025dcd       0xac atmel_start.o
 .debug_macro   0x00025e79      0x13a atmel_start.o
 .debug_macro   0x00025fb3      0x187 atmel_start.o
 .debug_macro   0x0002613a      0x180 atmel_start.o
 .debug_macro   0x000262ba      0x180 atmel_start.o
 .debug_macro   0x0002643a      0x121 atmel_start.o
 .debug_macro   0x0002655b      0x352 atmel_start.o
 .debug_macro   0x000268ad      0x352 atmel_start.o
 .debug_macro   0x00026bff       0x82 atmel_start.o
 .debug_macro   0x00026c81       0x22 atmel_start.o
 .debug_macro   0x00026ca3       0x22 atmel_start.o
 .debug_macro   0x00026cc5       0x58 atmel_start.o
 .debug_macro   0x00026d1d       0x28 atmel_start.o
 .debug_macro   0x00026d45       0x7c atmel_start.o
 .debug_macro   0x00026dc1       0x8e atmel_start.o
 .debug_macro   0x00026e4f       0x34 atmel_start.o
 .debug_macro   0x00026e83      0x1a8 atmel_start.o
 .debug_macro   0x0002702b      0x1a8 atmel_start.o
 .debug_macro   0x000271d3      0x1a8 atmel_start.o
 .debug_macro   0x0002737b      0x1a8 atmel_start.o
 .debug_macro   0x00027523       0x3a atmel_start.o
 .debug_macro   0x0002755d       0x82 atmel_start.o
 .debug_macro   0x000275df       0x82 atmel_start.o
 .debug_macro   0x00027661       0x82 atmel_start.o
 .debug_macro   0x000276e3       0x70 atmel_start.o
 .debug_macro   0x00027753       0x70 atmel_start.o
 .debug_macro   0x000277c3       0x70 atmel_start.o
 .debug_macro   0x00027833       0x70 atmel_start.o
 .debug_macro   0x000278a3       0x70 atmel_start.o
 .debug_macro   0x00027913       0xf4 atmel_start.o
 .debug_macro   0x00027a07       0xf4 atmel_start.o
 .debug_macro   0x00027afb       0xf4 atmel_start.o
 .debug_macro   0x00027bef      0x71f atmel_start.o
 .debug_macro   0x0002830e       0x16 atmel_start.o
 .debug_macro   0x00028324       0x22 atmel_start.o
 .debug_macro   0x00028346      0x9bf atmel_start.o
 .debug_macro   0x00028d05      0x4cd atmel_start.o
 .debug_macro   0x000291d2     0x1749 atmel_start.o
 .debug_macro   0x0002a91b      0x123 atmel_start.o
 .debug_macro   0x0002aa3e       0x10 atmel_start.o
 .debug_macro   0x0002aa4e       0x10 atmel_start.o
 .debug_macro   0x0002aa5e       0x16 atmel_start.o
 .debug_macro   0x0002aa74       0x16 atmel_start.o
 .debug_macro   0x0002aa8a       0x16 atmel_start.o
 .debug_macro   0x0002aaa0       0x16 atmel_start.o
 .debug_macro   0x0002aab6       0x16 atmel_start.o
 .debug_macro   0x0002aacc       0x16 atmel_start.o
 .debug_macro   0x0002aae2       0x16 atmel_start.o
 .debug_macro   0x0002aaf8       0x16 atmel_start.o
 .debug_macro   0x0002ab0e       0x16 atmel_start.o
 .debug_macro   0x0002ab24       0x16 atmel_start.o
 .debug_macro   0x0002ab3a       0x16 atmel_start.o
 .debug_macro   0x0002ab50       0x16 atmel_start.o
 .debug_macro   0x0002ab66       0x16 atmel_start.o
 .debug_macro   0x0002ab7c       0x16 atmel_start.o
 .debug_macro   0x0002ab92       0x16 atmel_start.o
 .debug_macro   0x0002aba8       0x16 atmel_start.o
 .debug_macro   0x0002abbe       0x16 atmel_start.o
 .debug_macro   0x0002abd4       0x16 atmel_start.o
 .debug_macro   0x0002abea       0x16 atmel_start.o
 .debug_macro   0x0002ac00       0x16 atmel_start.o
 .debug_macro   0x0002ac16       0x16 atmel_start.o
 .debug_macro   0x0002ac2c       0x16 atmel_start.o
 .debug_macro   0x0002ac42      0x27e atmel_start.o
 .debug_macro   0x0002aec0       0x16 atmel_start.o
 .debug_macro   0x0002aed6       0x16 atmel_start.o
 .debug_macro   0x0002aeec       0x16 atmel_start.o
 .debug_macro   0x0002af02      0x373 atmel_start.o
 .debug_macro   0x0002b275       0xa9 atmel_start.o
 .debug_macro   0x0002b31e       0x16 atmel_start.o
 .debug_macro   0x0002b334       0x16 atmel_start.o
 .debug_macro   0x0002b34a       0x16 atmel_start.o
 .debug_macro   0x0002b360       0xca atmel_start.o
 .debug_macro   0x0002b42a       0x1c atmel_start.o
 .debug_macro   0x0002b446       0x16 atmel_start.o
 .debug_macro   0x0002b45c      0x130 atmel_start.o
 .debug_macro   0x0002b58c       0xc9 atmel_start.o
 .debug_macro   0x0002b655       0x70 atmel_start.o
 .debug_macro   0x0002b6c5       0x16 atmel_start.o
 .debug_macro   0x0002b6db      0x406 Device_Startup/startup_sams70n20b.o
 .debug_macro   0x0002bae1       0xd1 Device_Startup/startup_sams70n20b.o
 .debug_macro   0x0002bbb2      0x771 driver_init.o
 .debug_macro   0x0002c323       0x10 driver_init.o
 .debug_macro   0x0002c333       0x79 driver_init.o
 .debug_macro   0x0002c3ac      0x5d4 hal/src/hal_adc_sync.o
 .debug_macro   0x0002c980      0x59c hal/src/hal_atomic.o
 .debug_macro   0x0002cf1c      0x5d3 hal/src/hal_delay.o
 .debug_macro   0x0002d4ef      0x5b8 hal/src/hal_ext_irq.o
 .debug_macro   0x0002daa7      0x5dc hal/src/hal_i2c_m_sync.o
 .debug_macro   0x0002e083       0x6a hal/src/hal_i2c_m_sync.o
 .debug_macro   0x0002e0ed      0x5d1 hal/src/hal_pwm.o
 .debug_macro   0x0002e6be      0x5f9 hal/src/hal_spi_m_sync.o
 .debug_macro   0x0002ecb7      0x5e8 hal/src/hal_timer.o
 .debug_macro   0x0002f29f      0x5a6 hal/utils/src/utils_assert.o
 .debug_macro   0x0002f845       0x10 hal/utils/src/utils_assert.o
 .debug_macro   0x0002f855      0x5ab hal/utils/src/utils_list.o
 .debug_macro   0x0002fe00      0x607 hpl/afec/hpl_afec.o
 .debug_macro   0x00030407      0x6cc hpl/afec/hpl_afec.o
 .debug_macro   0x00030ad3      0x6ba hpl/afec/hpl_afec.o
 .debug_macro   0x0003118d      0x301 hpl/afec/hpl_afec.o
 .debug_macro   0x0003148e      0x5fc hpl/core/hpl_core_m7_base.o
 .debug_macro   0x00031a8a      0x614 hpl/core/hpl_init.o
 .debug_macro   0x0003209e      0x324 hpl/core/hpl_init.o
 .debug_macro   0x000323c2      0x9df hpl/core/hpl_init.o
 .debug_macro   0x00032da1      0x5f6 hpl/pio/hpl_pio_ext.o
 .debug_macro   0x00033397      0x3df hpl/pio/hpl_pio_ext.o
 .debug_macro   0x00033776      0x5c5 hpl/pmc/hpl_pmc.o
 .debug_macro   0x00033d3b      0x604 hpl/pwm/hpl_pwm.o
 .debug_macro   0x0003433f      0xab1 hpl/pwm/hpl_pwm.o
 .debug_macro   0x00034df0      0x66c hpl/spi/hpl_spi.o
 .debug_macro   0x0003545c       0x64 hpl/spi/hpl_spi.o
 .debug_macro   0x000354c0       0x1c hpl/spi/hpl_spi.o
 .debug_macro   0x000354dc       0x22 hpl/spi/hpl_spi.o
 .debug_macro   0x000354fe       0x10 hpl/spi/hpl_spi.o
 .debug_macro   0x0003550e      0x5ab hpl/systick/hpl_systick_ARMv7_base.o
 .debug_macro   0x00035ab9       0x10 hpl/systick/hpl_systick_ARMv7_base.o
 .debug_macro   0x00035ac9      0x61d hpl/tc/hpl_tc.o
 .debug_macro   0x000360e6       0x10 hpl/tc/hpl_tc.o
 .debug_macro   0x000360f6       0x81 hpl/tc/hpl_tc.o
 .debug_macro   0x00036177      0x5d4 hpl/twihs/hpl_twihs.o
 .debug_macro   0x0003674b       0x84 hpl/twihs/hpl_twihs.o
 .debug_macro   0x000367cf      0x5bb hpl/wdt/hpl_wdt.o
 .debug_macro   0x00036d8a       0x3a hpl/wdt/hpl_wdt.o
 .debug_macro   0x00036dc4      0x733 main.o

.debug_line     0x00000000    0x15088
 .debug_line    0x00000000      0xd94 atmel_start.o
 .debug_line    0x00000d94      0x867 Device_Startup/startup_sams70n20b.o
 .debug_line    0x000015fb     0x1295 driver_init.o
 .debug_line    0x00002890      0xcfc hal/src/hal_adc_sync.o
 .debug_line    0x0000358c      0xba7 hal/src/hal_atomic.o
 .debug_line    0x00004133      0xbdb hal/src/hal_delay.o
 .debug_line    0x00004d0e      0xc51 hal/src/hal_ext_irq.o
 .debug_line    0x0000595f      0xcce hal/src/hal_i2c_m_sync.o
 .debug_line    0x0000662d      0xc4d hal/src/hal_pwm.o
 .debug_line    0x0000727a      0xcd6 hal/src/hal_spi_m_sync.o
 .debug_line    0x00007f50      0xcec hal/src/hal_timer.o
 .debug_line    0x00008c3c      0xb7c hal/utils/src/utils_assert.o
 .debug_line    0x000097b8      0xc14 hal/utils/src/utils_list.o
 .debug_line    0x0000a3cc     0x1152 hpl/afec/hpl_afec.o
 .debug_line    0x0000b51e      0xd03 hpl/core/hpl_core_m7_base.o
 .debug_line    0x0000c221      0xc62 hpl/core/hpl_init.o
 .debug_line    0x0000ce83      0xd96 hpl/pio/hpl_pio_ext.o
 .debug_line    0x0000dc19      0xc92 hpl/pmc/hpl_pmc.o
 .debug_line    0x0000e8ab      0xf08 hpl/pwm/hpl_pwm.o
 .debug_line    0x0000f7b3     0x1694 hpl/spi/hpl_spi.o
 .debug_line    0x00010e47      0xc16 hpl/systick/hpl_systick_ARMv7_base.o
 .debug_line    0x00011a5d      0xda9 hpl/tc/hpl_tc.o
 .debug_line    0x00012806      0xdf4 hpl/twihs/hpl_twihs.o
 .debug_line    0x000135fa      0xccf hpl/wdt/hpl_wdt.o
 .debug_line    0x000142c9      0xdbf main.o

.debug_str      0x00000000   0x11ea7d
 .debug_str     0x00000000   0x103374 atmel_start.o
                             0x103d85 (size before relaxing)
 .debug_str     0x00103374      0x700 Device_Startup/startup_sams70n20b.o
                              0xfd8d6 (size before relaxing)
 .debug_str     0x00103a74     0x11de driver_init.o
                             0x105005 (size before relaxing)
 .debug_str     0x00104c52      0x3ee hal/src/hal_adc_sync.o
                             0x103145 (size before relaxing)
 .debug_str     0x00105040       0x9c hal/src/hal_atomic.o
                             0x102b59 (size before relaxing)
 .debug_str     0x001050dc       0x9b hal/src/hal_delay.o
                             0x102bc3 (size before relaxing)
 .debug_str     0x00105177       0xd6 hal/src/hal_ext_irq.o
                             0x102c16 (size before relaxing)
 .debug_str     0x0010524d      0x148 hal/src/hal_i2c_m_sync.o
                             0x10344a (size before relaxing)
 .debug_str     0x00105395      0x185 hal/src/hal_pwm.o
                             0x1032e4 (size before relaxing)
 .debug_str     0x0010551a      0x2d7 hal/src/hal_spi_m_sync.o
                             0x1034e1 (size before relaxing)
 .debug_str     0x001057f1      0x2d1 hal/src/hal_timer.o
                             0x103486 (size before relaxing)
 .debug_str     0x00105ac2       0x2f hal/utils/src/utils_assert.o
                             0x102b69 (size before relaxing)
 .debug_str     0x00105af1       0x31 hal/utils/src/utils_list.o
                             0x102c13 (size before relaxing)
 .debug_str     0x00105b22     0x7c64 hpl/afec/hpl_afec.o
                             0x10b219 (size before relaxing)
 .debug_str     0x0010d786      0x1d3 hpl/core/hpl_core_m7_base.o
                             0x103993 (size before relaxing)
 .debug_str     0x0010d959     0x3069 hpl/core/hpl_init.o
                             0x10608d (size before relaxing)
 .debug_str     0x001109c2     0x5a1d hpl/pio/hpl_pio_ext.o
                             0x1090ec (size before relaxing)
 .debug_str     0x001163df      0x1d6 hpl/pmc/hpl_pmc.o
                             0x103cbd (size before relaxing)
 .debug_str     0x001165b5     0x61cb hpl/pwm/hpl_pwm.o
                             0x109c2a (size before relaxing)
 .debug_str     0x0011c780     0x1017 hpl/spi/hpl_spi.o
                             0x104a07 (size before relaxing)
 .debug_str     0x0011d797       0xde hpl/systick/hpl_systick_ARMv7_base.o
                             0x102bc2 (size before relaxing)
 .debug_str     0x0011d875      0x7a9 hpl/tc/hpl_tc.o
                             0x1040c7 (size before relaxing)
 .debug_str     0x0011e01e      0x77b hpl/twihs/hpl_twihs.o
                             0x103cbe (size before relaxing)
 .debug_str     0x0011e799      0x271 hpl/wdt/hpl_wdt.o
                             0x102e04 (size before relaxing)
 .debug_str     0x0011ea0a       0x73 main.o
                             0x10417f (size before relaxing)

.debug_frame    0x00000000     0x1c38
 .debug_frame   0x00000000       0x28 atmel_start.o
 .debug_frame   0x00000028       0x38 Device_Startup/startup_sams70n20b.o
 .debug_frame   0x00000060      0x1b8 driver_init.o
 .debug_frame   0x00000218      0x1cc hal/src/hal_adc_sync.o
 .debug_frame   0x000003e4       0x40 hal/src/hal_atomic.o
 .debug_frame   0x00000424       0x68 hal/src/hal_delay.o
 .debug_frame   0x0000048c       0xc4 hal/src/hal_ext_irq.o
 .debug_frame   0x00000550      0x174 hal/src/hal_i2c_m_sync.o
 .debug_frame   0x000006c4       0xec hal/src/hal_pwm.o
 .debug_frame   0x000007b0      0x194 hal/src/hal_spi_m_sync.o
 .debug_frame   0x00000944      0x144 hal/src/hal_timer.o
 .debug_frame   0x00000a88       0x20 hal/utils/src/utils_assert.o
 .debug_frame   0x00000aa8       0x98 hal/utils/src/utils_list.o
 .debug_frame   0x00000b40      0x2f8 hpl/afec/hpl_afec.o
 .debug_frame   0x00000e38       0xcc hpl/core/hpl_core_m7_base.o
 .debug_frame   0x00000f04       0x2c hpl/core/hpl_init.o
 .debug_frame   0x00000f30      0x118 hpl/pio/hpl_pio_ext.o
 .debug_frame   0x00001048       0x48 hpl/pmc/hpl_pmc.o
 .debug_frame   0x00001090      0x17c hpl/pwm/hpl_pwm.o
 .debug_frame   0x0000120c      0x668 hpl/spi/hpl_spi.o
 .debug_frame   0x00001874       0x78 hpl/systick/hpl_systick_ARMv7_base.o
 .debug_frame   0x000018ec      0x134 hpl/tc/hpl_tc.o
 .debug_frame   0x00001a20       0xf8 hpl/twihs/hpl_twihs.o
 .debug_frame   0x00001b18       0xbc hpl/wdt/hpl_wdt.o
 .debug_frame   0x00001bd4       0x38 main.o
 .debug_frame   0x00001c0c       0x2c c:/program files (x86)/atmel/studio/7.0/toolchain/arm/arm-gnu-toolchain/bin/../lib/gcc/arm-none-eabi/6.3.1/../../../../arm-none-eabi/lib/thumb/v7e-m\libc_nano.a(lib_a-init.o)
