Archive member included to satisfy reference by file (symbol)

c:/program files (x86)/atmel/studio/7.0/toolchain/arm/arm-gnu-toolchain/bin/../lib/gcc/arm-none-eabi/6.3.1/thumb/v7e-m\libgcc.a(_arm_addsubdf3.o)
                              bno085_driver.o (__aeabi_f2d)
c:/program files (x86)/atmel/studio/7.0/toolchain/arm/arm-gnu-toolchain/bin/../lib/gcc/arm-none-eabi/6.3.1/../../../../arm-none-eabi/lib/thumb/v7e-m\libc_nano.a(lib_a-exit.o)
                              c:/program files (x86)/atmel/studio/7.0/toolchain/arm/arm-gnu-toolchain/bin/../lib/gcc/arm-none-eabi/6.3.1/../../../../arm-none-eabi/lib/thumb/v7e-m/crt0.o (exit)
c:/program files (x86)/atmel/studio/7.0/toolchain/arm/arm-gnu-toolchain/bin/../lib/gcc/arm-none-eabi/6.3.1/../../../../arm-none-eabi/lib/thumb/v7e-m\libc_nano.a(lib_a-impure.o)
                              c:/program files (x86)/atmel/studio/7.0/toolchain/arm/arm-gnu-toolchain/bin/../lib/gcc/arm-none-eabi/6.3.1/../../../../arm-none-eabi/lib/thumb/v7e-m\libc_nano.a(lib_a-exit.o) (_global_impure_ptr)
c:/program files (x86)/atmel/studio/7.0/toolchain/arm/arm-gnu-toolchain/bin/../lib/gcc/arm-none-eabi/6.3.1/../../../../arm-none-eabi/lib/thumb/v7e-m\libc_nano.a(lib_a-init.o)
                              c:/program files (x86)/atmel/studio/7.0/toolchain/arm/arm-gnu-toolchain/bin/../lib/gcc/arm-none-eabi/6.3.1/../../../../arm-none-eabi/lib/thumb/v7e-m/crt0.o (__libc_init_array)
c:/program files (x86)/atmel/studio/7.0/toolchain/arm/arm-gnu-toolchain/bin/../lib/gcc/arm-none-eabi/6.3.1/../../../../arm-none-eabi/lib/thumb/v7e-m\libc_nano.a(lib_a-malloc.o)
                              bno085_driver.o (malloc)
c:/program files (x86)/atmel/studio/7.0/toolchain/arm/arm-gnu-toolchain/bin/../lib/gcc/arm-none-eabi/6.3.1/../../../../arm-none-eabi/lib/thumb/v7e-m\libc_nano.a(lib_a-memcpy-stub.o)
                              bno085_driver.o (memcpy)
c:/program files (x86)/atmel/studio/7.0/toolchain/arm/arm-gnu-toolchain/bin/../lib/gcc/arm-none-eabi/6.3.1/../../../../arm-none-eabi/lib/thumb/v7e-m\libc_nano.a(lib_a-memset.o)
                              c:/program files (x86)/atmel/studio/7.0/toolchain/arm/arm-gnu-toolchain/bin/../lib/gcc/arm-none-eabi/6.3.1/../../../../arm-none-eabi/lib/thumb/v7e-m/crt0.o (memset)
c:/program files (x86)/atmel/studio/7.0/toolchain/arm/arm-gnu-toolchain/bin/../lib/gcc/arm-none-eabi/6.3.1/../../../../arm-none-eabi/lib/thumb/v7e-m\libc_nano.a(lib_a-nano-freer.o)
                              c:/program files (x86)/atmel/studio/7.0/toolchain/arm/arm-gnu-toolchain/bin/../lib/gcc/arm-none-eabi/6.3.1/../../../../arm-none-eabi/lib/thumb/v7e-m\libc_nano.a(lib_a-malloc.o) (_free_r)
c:/program files (x86)/atmel/studio/7.0/toolchain/arm/arm-gnu-toolchain/bin/../lib/gcc/arm-none-eabi/6.3.1/../../../../arm-none-eabi/lib/thumb/v7e-m\libc_nano.a(lib_a-nano-mallocr.o)
                              c:/program files (x86)/atmel/studio/7.0/toolchain/arm/arm-gnu-toolchain/bin/../lib/gcc/arm-none-eabi/6.3.1/../../../../arm-none-eabi/lib/thumb/v7e-m\libc_nano.a(lib_a-malloc.o) (_malloc_r)
c:/program files (x86)/atmel/studio/7.0/toolchain/arm/arm-gnu-toolchain/bin/../lib/gcc/arm-none-eabi/6.3.1/../../../../arm-none-eabi/lib/thumb/v7e-m\libc_nano.a(lib_a-printf.o)
                              bno085_driver.o (printf)
c:/program files (x86)/atmel/studio/7.0/toolchain/arm/arm-gnu-toolchain/bin/../lib/gcc/arm-none-eabi/6.3.1/../../../../arm-none-eabi/lib/thumb/v7e-m\libc_nano.a(lib_a-puts.o)
                              bno085_driver.o (puts)
c:/program files (x86)/atmel/studio/7.0/toolchain/arm/arm-gnu-toolchain/bin/../lib/gcc/arm-none-eabi/6.3.1/../../../../arm-none-eabi/lib/thumb/v7e-m\libc_nano.a(lib_a-sbrkr.o)
                              c:/program files (x86)/atmel/studio/7.0/toolchain/arm/arm-gnu-toolchain/bin/../lib/gcc/arm-none-eabi/6.3.1/../../../../arm-none-eabi/lib/thumb/v7e-m\libc_nano.a(lib_a-nano-mallocr.o) (_sbrk_r)
c:/program files (x86)/atmel/studio/7.0/toolchain/arm/arm-gnu-toolchain/bin/../lib/gcc/arm-none-eabi/6.3.1/../../../../arm-none-eabi/lib/thumb/v7e-m\libc_nano.a(lib_a-setbuf.o)
                              stdio_redirect/stdio_io.o (setbuf)
c:/program files (x86)/atmel/studio/7.0/toolchain/arm/arm-gnu-toolchain/bin/../lib/gcc/arm-none-eabi/6.3.1/../../../../arm-none-eabi/lib/thumb/v7e-m\libc_nano.a(lib_a-setvbuf.o)
                              c:/program files (x86)/atmel/studio/7.0/toolchain/arm/arm-gnu-toolchain/bin/../lib/gcc/arm-none-eabi/6.3.1/../../../../arm-none-eabi/lib/thumb/v7e-m\libc_nano.a(lib_a-setbuf.o) (setvbuf)
c:/program files (x86)/atmel/studio/7.0/toolchain/arm/arm-gnu-toolchain/bin/../lib/gcc/arm-none-eabi/6.3.1/../../../../arm-none-eabi/lib/thumb/v7e-m\libc_nano.a(lib_a-strcmp.o)
                              bno085_driver.o (strcmp)
c:/program files (x86)/atmel/studio/7.0/toolchain/arm/arm-gnu-toolchain/bin/../lib/gcc/arm-none-eabi/6.3.1/../../../../arm-none-eabi/lib/thumb/v7e-m\libc_nano.a(lib_a-wbuf.o)
[...]
Memory Configuration

Name             Origin             Length             Attributes
rom              0x00400000         0x00200000         xr
ram              0x20400000         0x00060000         xrw
*default*        0x00000000         0xffffffff

Linker script and memory map

LOAD c:/program files (x86)/atmel/studio/7.0/toolchain/arm/arm-gnu-toolchain/bin/../lib/gcc/arm-none-eabi/6.3.1/thumb/v7e-m/crti.o
LOAD c:/program files (x86)/atmel/studio/7.0/toolchain/arm/arm-gnu-toolchain/bin/../lib/gcc/arm-none-eabi/6.3.1/thumb/v7e-m/crtbegin.o
LOAD c:/program files (x86)/atmel/studio/7.0/toolchain/arm/arm-gnu-toolchain/bin/../lib/gcc/arm-none-eabi/6.3.1/../../../../arm-none-eabi/lib/thumb/v7e-m/crt0.o
LOAD atmel_start.o
LOAD bno085_driver.o
LOAD Device_Startup/startup_samv71q21b.o
LOAD Device_Startup/system_samv71q21b.o
LOAD driver_init.o
LOAD examples/driver_examples.o
LOAD hal/src/hal_atomic.o
LOAD hal/src/hal_delay.o
LOAD hal/src/hal_ext_irq.o
LOAD hal/src/hal_gpio.o
LOAD hal/src/hal_i2c_m_sync.o
LOAD hal/src/hal_init.o
LOAD hal/src/hal_io.o
LOAD hal/src/hal_sleep.o
LOAD hal/src/hal_spi_m_sync.o
LOAD hal/src/hal_usart_sync.o
LOAD hal/utils/src/utils_assert.o
LOAD hal/utils/src/utils_event.o
LOAD hal/utils/src/utils_list.o
LOAD hal/utils/src/utils_ringbuffer.o
LOAD hal/utils/src/utils_syscalls.o
LOAD hpl/core/hpl_core_m7_base.o
LOAD hpl/core/hpl_init.o
LOAD hpl/pio/hpl_pio_ext.o
LOAD hpl/pmc/hpl_pmc.o
LOAD hpl/pmc/hpl_sleep.o
LOAD hpl/spi/hpl_spi.o
LOAD hpl/systick/hpl_systick_ARMv7_base.o
LOAD hpl/twihs/hpl_twihs.o
LOAD hpl/usart/hpl_usart.o
LOAD hpl/xdmac/hpl_xdmac.o
LOAD main.o
LOAD nRF24_driver.o
LOAD stdio_redirect/gcc/read.o
LOAD stdio_redirect/gcc/write.o
LOAD stdio_redirect/stdio_io.o
LOAD stdio_start.o
START GROUP
LOAD c:/program files (x86)/atmel/studio/7.0/toolchain/arm/arm-gnu-toolchain/bin/../lib/gcc/arm-none-eabi/6.3.1/../../../../arm-none-eabi/lib/thumb/v7e-m\libm.a
END GROUP
START GROUP
LOAD c:/program files (x86)/atmel/studio/7.0/toolchain/arm/arm-gnu-toolchain/bin/../lib/gcc/arm-none-eabi/6.3.1/thumb/v7e-m\libgcc.a
LOAD c:/program files (x86)/atmel/studio/7.0/toolchain/arm/arm-gnu-toolchain/bin/../lib/gcc/arm-none-eabi/6.3.1/../../../../arm-none-eabi/lib/thumb/v7e-m\libc_nano.a
END GROUP
START GROUP
LOAD c:/program files (x86)/atmel/studio/7.0/toolchain/arm/arm-gnu-toolchain/bin/../lib/gcc/arm-none-eabi/6.3.1/thumb/v7e-m\libgcc.a
LOAD c:/program files (x86)/atmel/studio/7.0/toolchain/arm/arm-gnu-toolchain/bin/../lib/gcc/arm-none-eabi/6.3.1/../../../../arm-none-eabi/lib/thumb/v7e-m\libc_nano.a
END GROUP
LOAD c:/program files (x86)/atmel/studio/7.0/toolchain/arm/arm-gnu-toolchain/bin/../lib/gcc/arm-none-eabi/6.3.1/thumb/v7e-m/crtend.o
LOAD c:/program files (x86)/atmel/studio/7.0/toolchain/arm/arm-gnu-toolchain/bin/../lib/gcc/arm-none-eabi/6.3.1/thumb/v7e-m/crtn.o
                0x00000400                STACK_SIZE = DEFINED (STACK_SIZE)?STACK_SIZE:DEFINED (__stack_size__)?__stack_size__:0x400
                0x00000200                HEAP_SIZE = DEFINED (HEAP_SIZE)?HEAP_SIZE:DEFINED (__heap_size__)?__heap_size__:0x200

.text           0x00400000     0x2018
                0x00400000                . = ALIGN (0x4)
                0x00400000                _sfixed = .
 *(.vectors .vectors.*)
 .vectors       0x00400000      0x168 Device_Startup/startup_samv71q21b.o
                0x00400000                exception_table
 *(.text .text.* .gnu.linkonce.t.*)
 .text          0x00400168       0x6c c:/program files (x86)/atmel/studio/7.0/toolchain/arm/arm-gnu-toolchain/bin/../lib/gcc/arm-none-eabi/6.3.1/thumb/v7e-m/crtbegin.o
 .text.atmel_start_init
                0x004001d4       0x14 atmel_start.o
                0x004001d4                atmel_start_init
 .text.Dummy_Handler
                0x004001e8        0x2 Device_Startup/startup_samv71q21b.o
                0x004001e8                DACC_Handler
                0x004001e8                SVCall_Handler
                0x004001e8                UART3_Handler
                0x004001e8                UART2_Handler
                0x004001e8                TRNG_Handler
                0x004001e8                HardFault_Handler
                0x004001e8                TC2_Handler
                0x004001e8                SysTick_Handler
                0x004001e8                AFEC1_Handler
                0x004001e8                PendSV_Handler
                0x004001e8                TC7_Handler
                0x004001e8                QSPI_Handler
                0x004001e8                NonMaskableInt_Handler
                0x004001e8                ISI_Handler
                0x004001e8                MCAN0_INT0_Handler
                0x004001e8                TC9_Handler
                0x004001e8                RSWDT_Handler
                0x004001e8                USART0_Handler
                0x004001e8                RTT_Handler
                0x004001e8                USBHS_Handler
                0x004001e8                IXC_Handler
                0x004001e8                CCF_Handler
                0x004001e8                RTC_Handler
                0x004001e8                UsageFault_Handler
                0x004001e8                TC6_Handler
                0x004001e8                WDT_Handler
                0x004001e8                MCAN1_INT1_Handler
                0x004001e8                TC4_Handler
                0x004001e8                TC1_Handler
                0x004001e8                HSMCI_Handler
                0x004001e8                UART1_Handler
                0x004001e8                TC3_Handler
                0x004001e8                Dummy_Handler
                0x004001e8                TWIHS1_Handler
                0x004001e8                XDMAC_Handler
                0x004001e8                UART4_Handler
                0x004001e8                PWM1_Handler
                0x004001e8                USART1_Handler
                0x004001e8                PWM0_Handler
                0x004001e8                AFEC0_Handler
                0x004001e8                CCW_Handler
                0x004001e8                SSC_Handler
                0x004001e8                TC11_Handler
                0x004001e8                ACC_Handler
                0x004001e8                PMC_Handler
                0x004001e8                GMAC_Handler
                0x004001e8                MCAN0_INT1_Handler
                0x004001e8                GMAC_Q5_Handler
                0x004001e8                SUPC_Handler
                0x004001e8                TC8_Handler
                0x004001e8                MCAN1_INT0_Handler
                0x004001e8                EFC_Handler
                0x004001e8                GMAC_Q1_Handler
                0x004001e8                USART2_Handler
                0x004001e8                SDRAMC_Handler
                0x004001e8                GMAC_Q2_Handler
                0x004001e8                PIOE_Handler
                0x004001e8                SPI1_Handler
                0x004001e8                TC10_Handler
                0x004001e8                GMAC_Q3_Handler
                0x004001e8                PIOD_Handler
                0x004001e8                TWIHS2_Handler
                0x004001e8                MLB_Handler
                0x004001e8                I2SC0_Handler
                0x004001e8                UART0_Handler
                0x004001e8                I2SC1_Handler
                0x004001e8                PIOC_Handler
                0x004001e8                GMAC_Q4_Handler
                0x004001e8                FPU_Handler
                0x004001e8                BusFault_Handler
                0x004001e8                RSTC_Handler
                0x004001e8                TC0_Handler
                0x004001e8                MemoryManagement_Handler
                0x004001e8                DebugMonitor_Handler
                0x004001e8                TC5_Handler
                0x004001e8                ICM_Handler
                0x004001e8                AES_Handler
                0x004001e8                TWIHS0_Handler
                0x004001e8                SPI0_Handler
 *fill*         0x004001ea        0x2 
 .text.Reset_Handler
                0x004001ec       0x68 Device_Startup/startup_samv71q21b.o
                0x004001ec                Reset_Handler
 .text.EXTERNAL_IRQ_0_init
                0x00400254       0x14 driver_init.o
                0x00400254                EXTERNAL_IRQ_0_init
 .text.EXTERNAL_IRQ_1_init
                0x00400268       0x14 driver_init.o
                0x00400268                EXTERNAL_IRQ_1_init
 .text.SPI_0_PORT_init
                0x0040027c       0x4c driver_init.o
                0x0040027c                SPI_0_PORT_init
 .text.SPI_0_CLOCK_init
                0x004002c8       0x18 driver_init.o
                0x004002c8                SPI_0_CLOCK_init
 .text.SPI_0_init
                0x004002e0       0x40 driver_init.o
                0x004002e0                SPI_0_init
 .text.I2C_0_PORT_init
                0x00400320       0x30 driver_init.o
                0x00400320                I2C_0_PORT_init
 .text.I2C_0_CLOCK_init
                0x00400350       0x18 driver_init.o
                0x00400350                I2C_0_CLOCK_init
 .text.I2C_0_init
                0x00400368       0x28 driver_init.o
                0x00400368                I2C_0_init
 .text.delay_driver_init
                0x00400390       0x14 driver_init.o
                0x00400390                delay_driver_init
 .text.TARGET_IO_PORT_init
                0x004003a4       0x4c driver_init.o
                0x004003a4                TARGET_IO_PORT_init
 .text.TARGET_IO_CLOCK_init
                0x004003f0       0x18 driver_init.o
                0x004003f0                TARGET_IO_CLOCK_init
 .text.TARGET_IO_init
                0x00400408       0x34 driver_init.o
                0x00400408                TARGET_IO_init
 .text.system_init
                0x0040043c       0xc8 driver_init.o
                0x0040043c                system_init
 .text.atomic_enter_critical
                0x00400504        0xe hal/src/hal_atomic.o
                0x00400504                atomic_enter_critical
 .text.atomic_leave_critical
                0x00400512        0xc hal/src/hal_atomic.o
                0x00400512                atomic_leave_critical
 *fill*         0x0040051e        0x2 
 .text.delay_init
                0x00400520       0x14 hal/src/hal_delay.o
                0x00400520                delay_init
 .text.delay_us
                0x00400534       0x20 hal/src/hal_delay.o
                0x00400534                delay_us
 .text.delay_ms
                0x00400554       0x20 hal/src/hal_delay.o
                0x00400554                delay_ms
 .text.process_ext_irq
                0x00400574       0x44 hal/src/hal_ext_irq.o
 .text.ext_irq_init
                0x004005b8       0x34 hal/src/hal_ext_irq.o
                0x004005b8                ext_irq_init
 .text.i2c_m_sync_write
                0x004005ec       0x30 hal/src/hal_i2c_m_sync.o
 .text.i2c_m_sync_read
                0x0040061c       0x30 hal/src/hal_i2c_m_sync.o
 .text.i2c_m_sync_init
                0x0040064c       0x40 hal/src/hal_i2c_m_sync.o
                0x0040064c                i2c_m_sync_init
 .text.io_write
                0x0040068c       0x30 hal/src/hal_io.o
                0x0040068c                io_write
 .text.io_read  0x004006bc       0x30 hal/src/hal_io.o
                0x004006bc                io_read
 .text.spi_m_sync_set_func_ptr
                0x004006ec       0x20 hal/src/hal_spi_m_sync.o
                0x004006ec                spi_m_sync_set_func_ptr
 .text.spi_m_sync_init
                0x0040070c       0x50 hal/src/hal_spi_m_sync.o
                0x0040070c                spi_m_sync_init
 .text.spi_m_sync_enable
                0x0040075c       0x28 hal/src/hal_spi_m_sync.o
                0x0040075c                spi_m_sync_enable
 .text.spi_m_sync_transfer
                0x00400784       0x40 hal/src/hal_spi_m_sync.o
                0x00400784                spi_m_sync_transfer
 .text._spi_m_sync_io_write
                0x004007c4       0x3c hal/src/hal_spi_m_sync.o
 .text._spi_m_sync_io_read
                0x00400800       0x3c hal/src/hal_spi_m_sync.o
 .text.spi_m_sync_get_io_descriptor
                0x0040083c       0x2c hal/src/hal_spi_m_sync.o
                0x0040083c                spi_m_sync_get_io_descriptor
 .text.usart_sync_write
                0x00400868       0x70 hal/src/hal_usart_sync.o
 .text.usart_sync_read
                0x004008d8       0x60 hal/src/hal_usart_sync.o
 .text.usart_sync_init
                0x00400938       0x48 hal/src/hal_usart_sync.o
                0x00400938                usart_sync_init
 .text.usart_sync_enable
                0x00400980       0x2c hal/src/hal_usart_sync.o
                0x00400980                usart_sync_enable
 .text.assert   0x004009ac        0x6 hal/utils/src/utils_assert.o
                0x004009ac                assert
 *fill*         0x004009b2        0x2 
 .text._sbrk    0x004009b4       0x24 hal/utils/src/utils_syscalls.o
                0x004009b4                _sbrk
 .text._close   0x004009d8        0x6 hal/utils/src/utils_syscalls.o
                0x004009d8                _close
 .text._fstat   0x004009de        0xa hal/utils/src/utils_syscalls.o
                0x004009de                _fstat
 .text._lseek   0x004009e8        0x4 hal/utils/src/utils_syscalls.o
                0x004009e8                _lseek
 .text._get_cycles_for_us
                0x004009ec        0xa hpl/core/hpl_core_m7_base.o
                0x004009ec                _get_cycles_for_us
 .text._get_cycles_for_ms
                0x004009f6       0x12 hpl/core/hpl_core_m7_base.o
                0x004009f6                _get_cycles_for_ms
 .text._init_chip
                0x00400a08       0x54 hpl/core/hpl_init.o
                0x00400a08                _init_chip
 .text._ffs     0x00400a5c       0x30 hpl/pio/hpl_pio_ext.o
 .text._ext_irq_handler
                0x00400a8c       0xb0 hpl/pio/hpl_pio_ext.o
 .text._pio_get_hardware_index
                0x00400b3c       0x28 hpl/pio/hpl_pio_ext.o
 .text._pio_get_index
                0x00400b64       0x4c hpl/pio/hpl_pio_ext.o
 .text._pio_init
                0x00400bb0       0xc8 hpl/pio/hpl_pio_ext.o
 .text.PIOA_Handler
                0x00400c78        0xc hpl/pio/hpl_pio_ext.o
                0x00400c78                PIOA_Handler
 .text.PIOB_Handler
                0x00400c84        0xc hpl/pio/hpl_pio_ext.o
                0x00400c84                PIOB_Handler
 .text._ext_irq_init
                0x00400c90       0x28 hpl/pio/hpl_pio_ext.o
                0x00400c90                _ext_irq_init
 .text._pmc_init_sources
                0x00400cb8       0x50 hpl/pmc/hpl_pmc.o
 .text._pmc_init_master_clock
                0x00400d08       0x4c hpl/pmc/hpl_pmc.o
 .text._pmc_init
                0x00400d54       0x14 hpl/pmc/hpl_pmc.o
                0x00400d54                _pmc_init
 .text._spi_sync_enable
                0x00400d68        0x8 hpl/spi/hpl_spi.o
 .text._spi_get_hardware_index
                0x00400d70       0x18 hpl/spi/hpl_spi.o
 .text._spi_m_sync_init
                0x00400d88       0xa8 hpl/spi/hpl_spi.o
                0x00400d88                _spi_m_sync_init
 .text._spi_m_sync_enable
                0x00400e30       0x34 hpl/spi/hpl_spi.o
                0x00400e30                _spi_m_sync_enable
 .text._spi_m_sync_trans
                0x00400e64      0x100 hpl/spi/hpl_spi.o
                0x00400e64                _spi_m_sync_trans
 .text._spi_get_spi_m_sync
                0x00400f64        0x4 hpl/spi/hpl_spi.o
                0x00400f64                _spi_get_spi_m_sync
 .text._system_time_init
                0x00400f68       0x14 hpl/systick/hpl_systick_ARMv7_base.o
                0x00400f68                _system_time_init
 .text._delay_init
                0x00400f7c        0xc hpl/systick/hpl_systick_ARMv7_base.o
                0x00400f7c                _delay_init
 .text._delay_cycles
                0x00400f88       0x40 hpl/systick/hpl_systick_ARMv7_base.o
                0x00400f88                _delay_cycles
 .text._get_i2cm_sync_cfg
                0x00400fc8       0x38 hpl/twihs/hpl_twihs.o
 .text._i2c_m_sync_init
                0x00401000       0x48 hpl/twihs/hpl_twihs.o
                0x00401000                _i2c_m_sync_init
 .text._i2c_m_sync_transfer
                0x00401048      0x168 hpl/twihs/hpl_twihs.o
                0x00401048                _i2c_m_sync_transfer
 .text._usart_get_hardware_index
                0x004011b0       0x2c hpl/usart/hpl_usart.o
 .text._get_usart_index
                0x004011dc       0x54 hpl/usart/hpl_usart.o
 .text._usart_init
                0x00401230       0x68 hpl/usart/hpl_usart.o
 .text._usart_sync_init
                0x00401298       0x38 hpl/usart/hpl_usart.o
                0x00401298                _usart_sync_init
 .text._usart_sync_enable
                0x004012d0       0x34 hpl/usart/hpl_usart.o
                0x004012d0                _usart_sync_enable
 .text._usart_sync_write_byte
                0x00401304       0x24 hpl/usart/hpl_usart.o
                0x00401304                _usart_sync_write_byte
 .text._usart_sync_read_byte
                0x00401328       0x24 hpl/usart/hpl_usart.o
                0x00401328                _usart_sync_read_byte
 .text._usart_sync_is_ready_to_send
                0x0040134c       0x28 hpl/usart/hpl_usart.o
                0x0040134c                _usart_sync_is_ready_to_send
 .text._usart_sync_is_transmit_done
                0x00401374       0x28 hpl/usart/hpl_usart.o
                0x00401374                _usart_sync_is_transmit_done
 .text._usart_sync_is_byte_received
                0x0040139c       0x28 hpl/usart/hpl_usart.o
                0x0040139c                _usart_sync_is_byte_received
 .text._usart_get_usart_sync
                0x004013c4        0x4 hpl/usart/hpl_usart.o
                0x004013c4                _usart_get_usart_sync
 .text.main     0x004013c8       0x5c main.o
                0x004013c8                main
 .text.nRF24_write_to_register
                0x00401424       0x38 nRF24_driver.o
                0x00401424                nRF24_write_to_register
 .text.nRF24_write_to_register_multi_byte
                0x0040145c       0x44 nRF24_driver.o
                0x0040145c                nRF24_write_to_register_multi_byte
 .text.nRF24_SPI_init
                0x004014a0       0x84 nRF24_driver.o
                0x004014a0                nRF24_SPI_init
 .text.nRF24_transmit
                0x00401524       0x54 nRF24_driver.o
                0x00401524                nRF24_transmit
 .text.nRF24_power_up
                0x00401578       0x18 nRF24_driver.o
                0x00401578                nRF24_power_up
 .text._read    0x00401590       0x24 stdio_redirect/gcc/read.o
                0x00401590                _read
 .text._write   0x004015b4       0x28 stdio_redirect/gcc/write.o
                0x004015b4                _write
 .text.stdio_io_init
                0x004015dc       0x2c stdio_redirect/stdio_io.o
                0x004015dc                stdio_io_init
 .text.stdio_io_read
                0x00401608       0x24 stdio_redirect/stdio_io.o
                0x00401608                stdio_io_read
 .text.stdio_io_write
                0x0040162c       0x24 stdio_redirect/stdio_io.o
                0x0040162c                stdio_io_write
 .text.stdio_redirect_init
                0x00401650       0x20 stdio_start.o
                0x00401650                stdio_redirect_init
 .text.__libc_init_array
                0x00401670       0x48 c:/program files (x86)/atmel/studio/7.0/toolchain/arm/arm-gnu-toolchain/bin/../lib/gcc/arm-none-eabi/6.3.1/../../../../arm-none-eabi/lib/thumb/v7e-m\libc_nano.a(lib_a-init.o)
                0x00401670                __libc_init_array
 .text.malloc   0x004016b8       0x10 c:/program files (x86)/atmel/studio/7.0/toolchain/arm/arm-gnu-toolchain/bin/../lib/gcc/arm-none-eabi/6.3.1/../../../../arm-none-eabi/lib/thumb/v7e-m\libc_nano.a(lib_a-malloc.o)
                0x004016b8                malloc
 .text.memset   0x004016c8       0x10 c:/program files (x86)/atmel/studio/7.0/toolchain/arm/arm-gnu-toolchain/bin/../lib/gcc/arm-none-eabi/6.3.1/../../../../arm-none-eabi/lib/thumb/v7e-m\libc_nano.a(lib_a-memset.o)
                0x004016c8                memset
 .text._free_r  0x004016d8       0x9c c:/program files (x86)/atmel/studio/7.0/toolchain/arm/arm-gnu-toolchain/bin/../lib/gcc/arm-none-eabi/6.3.1/../../../../arm-none-eabi/lib/thumb/v7e-m\libc_nano.a(lib_a-nano-freer.o)
                0x004016d8                _free_r
 .text._malloc_r
                0x00401774       0xbc c:/program files (x86)/atmel/studio/7.0/toolchain/arm/arm-gnu-toolchain/bin/../lib/gcc/arm-none-eabi/6.3.1/../../../../arm-none-eabi/lib/thumb/v7e-m\libc_nano.a(lib_a-nano-mallocr.o)
                0x00401774                _malloc_r
 .text._sbrk_r  0x00401830       0x20 c:/program files (x86)/atmel/studio/7.0/toolchain/arm/arm-gnu-toolchain/bin/../lib/gcc/arm-none-eabi/6.3.1/../../../../arm-none-eabi/lib/thumb/v7e-m\libc_nano.a(lib_a-sbrkr.o)
                0x00401830                _sbrk_r
 .text.setbuf   0x00401850       0x10 c:/program files (x86)/atmel/studio/7.0/toolchain/arm/arm-gnu-toolchain/bin/../lib/gcc/arm-none-eabi/6.3.1/../../../../arm-none-eabi/lib/thumb/v7e-m\libc_nano.a(lib_a-setbuf.o)
                0x00401850                setbuf
 .text.setvbuf  0x00401860      0x15c c:/program files (x86)/atmel/studio/7.0/toolchain/arm/arm-gnu-toolchain/bin/../lib/gcc/arm-none-eabi/6.3.1/../../../../arm-none-eabi/lib/thumb/v7e-m\libc_nano.a(lib_a-setvbuf.o)
                0x00401860                setvbuf
 .text.__sflush_r
                0x004019bc      0x110 c:/program files (x86)/atmel/studio/7.0/toolchain/arm/arm-gnu-toolchain/bin/../lib/gcc/arm-none-eabi/6.3.1/../../../../arm-none-eabi/lib/thumb/v7e-m\libc_nano.a(lib_a-fflush.o)
                0x004019bc                __sflush_r
 .text._fflush_r
                0x00401acc       0x54 c:/program files (x86)/atmel/studio/7.0/toolchain/arm/arm-gnu-toolchain/bin/../lib/gcc/arm-none-eabi/6.3.1/../../../../arm-none-eabi/lib/thumb/v7e-m\libc_nano.a(lib_a-fflush.o)
                0x00401acc                _fflush_r
 .text._cleanup_r
                0x00401b20        0xc c:/program files (x86)/atmel/studio/7.0/toolchain/arm/arm-gnu-toolchain/bin/../lib/gcc/arm-none-eabi/6.3.1/../../../../arm-none-eabi/lib/thumb/v7e-m\libc_nano.a(lib_a-findfp.o)
                0x00401b20                _cleanup_r
 .text.std.isra.0
                0x00401b2c       0x48 c:/program files (x86)/atmel/studio/7.0/toolchain/arm/arm-gnu-toolchain/bin/../lib/gcc/arm-none-eabi/6.3.1/../../../../arm-none-eabi/lib/thumb/v7e-m\libc_nano.a(lib_a-findfp.o)
 .text.__sfmoreglue
                0x00401b74       0x2c c:/program files (x86)/atmel/studio/7.0/toolchain/arm/arm-gnu-toolchain/bin/../lib/gcc/arm-none-eabi/6.3.1/../../../../arm-none-eabi/lib/thumb/v7e-m\libc_nano.a(lib_a-findfp.o)
                0x00401b74                __sfmoreglue
 .text.__sinit  0x00401ba0       0x60 c:/program files (x86)/atmel/studio/7.0/toolchain/arm/arm-gnu-toolchain/bin/../lib/gcc/arm-none-eabi/6.3.1/../../../../arm-none-eabi/lib/thumb/v7e-m\libc_nano.a(lib_a-findfp.o)
                0x00401ba0                __sinit
 .text.__sfp    0x00401c00       0x78 c:/program files (x86)/atmel/studio/7.0/toolchain/arm/arm-gnu-toolchain/bin/../lib/gcc/arm-none-eabi/6.3.1/../../../../arm-none-eabi/lib/thumb/v7e-m\libc_nano.a(lib_a-findfp.o)
                0x00401c00                __sfp
 .text._fwalk_reent
                0x00401c78       0x3c c:/program files (x86)/atmel/studio/7.0/toolchain/arm/arm-gnu-toolchain/bin/../lib/gcc/arm-none-eabi/6.3.1/../../../../arm-none-eabi/lib/thumb/v7e-m\libc_nano.a(lib_a-fwalk.o)
                0x00401c78                _fwalk_reent
 .text.__swhatbuf_r
                0x00401cb4       0x48 c:/program files (x86)/atmel/studio/7.0/toolchain/arm/arm-gnu-toolchain/bin/../lib/gcc/arm-none-eabi/6.3.1/../../../../arm-none-eabi/lib/thumb/v7e-m\libc_nano.a(lib_a-makebuf.o)
                0x00401cb4                __swhatbuf_r
 .text.__malloc_lock
                0x00401cfc        0x2 c:/program files (x86)/atmel/studio/7.0/toolchain/arm/arm-gnu-toolchain/bin/../lib/gcc/arm-none-eabi/6.3.1/../../../../arm-none-eabi/lib/thumb/v7e-m\libc_nano.a(lib_a-mlock.o)
                0x00401cfc                __malloc_lock
 .text.__malloc_unlock
                0x00401cfe        0x2 c:/program files (x86)/atmel/studio/7.0/toolchain/arm/arm-gnu-toolchain/bin/../lib/gcc/arm-none-eabi/6.3.1/../../../../arm-none-eabi/lib/thumb/v7e-m\libc_nano.a(lib_a-mlock.o)
                0x00401cfe                __malloc_unlock
 .text.__sread  0x00401d00       0x22 c:/program files (x86)/atmel/studio/7.0/toolchain/arm/arm-gnu-toolchain/bin/../lib/gcc/arm-none-eabi/6.3.1/../../../../arm-none-eabi/lib/thumb/v7e-m\libc_nano.a(lib_a-stdio.o)
                0x00401d00                __sread
 .text.__swrite
                0x00401d22       0x38 c:/program files (x86)/atmel/studio/7.0/toolchain/arm/arm-gnu-toolchain/bin/../lib/gcc/arm-none-eabi/6.3.1/../../../../arm-none-eabi/lib/thumb/v7e-m\libc_nano.a(lib_a-stdio.o)
                0x00401d22                __swrite
 .text.__sseek  0x00401d5a       0x24 c:/program files (x86)/atmel/studio/7.0/toolchain/arm/arm-gnu-toolchain/bin/../lib/gcc/arm-none-eabi/6.3.1/../../../../arm-none-eabi/lib/thumb/v7e-m\libc_nano.a(lib_a-stdio.o)
                0x00401d5a                __sseek
 .text.__sclose
                0x00401d7e        0x8 c:/program files (x86)/atmel/studio/7.0/toolchain/arm/arm-gnu-toolchain/bin/../lib/gcc/arm-none-eabi/6.3.1/../../../../arm-none-eabi/lib/thumb/v7e-m\libc_nano.a(lib_a-stdio.o)
                0x00401d7e                __sclose
 *fill*         0x00401d86        0x2 
 .text._write_r
                0x00401d88       0x24 c:/program files (x86)/atmel/studio/7.0/toolchain/arm/arm-gnu-toolchain/bin/../lib/gcc/arm-none-eabi/6.3.1/../../../../arm-none-eabi/lib/thumb/v7e-m\libc_nano.a(lib_a-writer.o)
                0x00401d88                _write_r
 .text._close_r
                0x00401dac       0x20 c:/program files (x86)/atmel/studio/7.0/toolchain/arm/arm-gnu-toolchain/bin/../lib/gcc/arm-none-eabi/6.3.1/../../../../arm-none-eabi/lib/thumb/v7e-m\libc_nano.a(lib_a-closer.o)
                0x00401dac                _close_r
 .text._fstat_r
                0x00401dcc       0x24 c:/program files (x86)/atmel/studio/7.0/toolchain/arm/arm-gnu-toolchain/bin/../lib/gcc/arm-none-eabi/6.3.1/../../../../arm-none-eabi/lib/thumb/v7e-m\libc_nano.a(lib_a-fstatr.o)
                0x00401dcc                _fstat_r
 .text._lseek_r
                0x00401df0       0x24 c:/program files (x86)/atmel/studio/7.0/toolchain/arm/arm-gnu-toolchain/bin/../lib/gcc/arm-none-eabi/6.3.1/../../../../arm-none-eabi/lib/thumb/v7e-m\libc_nano.a(lib_a-lseekr.o)
                0x00401df0                _lseek_r
 .text._read_r  0x00401e14       0x24 c:/program files (x86)/atmel/studio/7.0/toolchain/arm/arm-gnu-toolchain/bin/../lib/gcc/arm-none-eabi/6.3.1/../../../../arm-none-eabi/lib/thumb/v7e-m\libc_nano.a(lib_a-readr.o)
                0x00401e14                _read_r
 *(.glue_7t)
 .glue_7t       0x00401e38        0x0 linker stubs
 *(.glue_7)
 .glue_7        0x00401e38        0x0 linker stubs
 *(.rodata .rodata* .gnu.linkonce.r.*)
 .rodata.str1.4
                0x00401e38       0x1c hal/src/hal_i2c_m_sync.o
 .rodata.str1.4
                0x00401e54       0x14 hal/src/hal_io.o
 .rodata.str1.4
                0x00401e68       0x1c hal/src/hal_spi_m_sync.o
 .rodata.str1.4
                0x00401e84       0x1c hal/src/hal_usart_sync.o
 .rodata        0x00401ea0       0x3d hpl/pio/hpl_pio_ext.o
 *fill*         0x00401edd        0x3 
 .rodata.str1.4
                0x00401ee0       0x19 hpl/pio/hpl_pio_ext.o
 *fill*         0x00401ef9        0x3 
 .rodata        0x00401efc       0x14 hpl/spi/hpl_spi.o
 .rodata.str1.4
                0x00401f10       0x15 hpl/spi/hpl_spi.o
 *fill*         0x00401f25        0x3 
 .rodata        0x00401f28       0x18 hpl/twihs/hpl_twihs.o
 .rodata.str1.4
                0x00401f40       0x19 hpl/twihs/hpl_twihs.o
 *fill*         0x00401f59        0x3 
 .rodata        0x00401f5c        0xc hpl/usart/hpl_usart.o
 .rodata.str1.4
                0x00401f68       0x19 hpl/usart/hpl_usart.o
 *fill*         0x00401f81        0x3 
 .rodata.str1.4
                0x00401f84       0x10 main.o
                                  0xd (size before relaxing)
 .rodata._global_impure_ptr
                0x00401f94        0x4 c:/program files (x86)/atmel/studio/7.0/toolchain/arm/arm-gnu-toolchain/bin/../lib/gcc/arm-none-eabi/6.3.1/../../../../arm-none-eabi/lib/thumb/v7e-m\libc_nano.a(lib_a-impure.o)
                0x00401f94                _global_impure_ptr
 .rodata.__sf_fake_stderr
                0x00401f98       0x20 c:/program files (x86)/atmel/studio/7.0/toolchain/arm/arm-gnu-toolchain/bin/../lib/gcc/arm-none-eabi/6.3.1/../../../../arm-none-eabi/lib/thumb/v7e-m\libc_nano.a(lib_a-findfp.o)
                0x00401f98                __sf_fake_stderr
 .rodata.__sf_fake_stdin
                0x00401fb8       0x20 c:/program files (x86)/atmel/studio/7.0/toolchain/arm/arm-gnu-toolchain/bin/../lib/gcc/arm-none-eabi/6.3.1/../../../../arm-none-eabi/lib/thumb/v7e-m\libc_nano.a(lib_a-findfp.o)
                0x00401fb8                __sf_fake_stdin
 .rodata.__sf_fake_stdout
                0x00401fd8       0x20 c:/program files (x86)/atmel/studio/7.0/toolchain/arm/arm-gnu-toolchain/bin/../lib/gcc/arm-none-eabi/6.3.1/../../../../arm-none-eabi/lib/thumb/v7e-m\libc_nano.a(lib_a-findfp.o)
                0x00401fd8                __sf_fake_stdout
 *(.ARM.extab* .gnu.linkonce.armextab.*)
                0x00401ff8                . = ALIGN (0x4)
 *(.init)
 .init          0x00401ff8        0x4 c:/program files (x86)/atmel/studio/7.0/toolchain/arm/arm-gnu-toolchain/bin/../lib/gcc/arm-none-eabi/6.3.1/thumb/v7e-m/crti.o
                0x00401ff8                _init
 .init          0x00401ffc        0x8 c:/program files (x86)/atmel/studio/7.0/toolchain/arm/arm-gnu-toolchain/bin/../lib/gcc/arm-none-eabi/6.3.1/thumb/v7e-m/crtn.o
                0x00402004                . = ALIGN (0x4)
                0x00402004                __preinit_array_start = .
 *(.preinit_array)
                0x00402004                __preinit_array_end = .
                0x00402004                . = ALIGN (0x4)
                0x00402004                __init_array_start = .
 *(SORT(.init_array.*))
 *(.init_array)
 .init_array    0x00402004        0x4 c:/program files (x86)/atmel/studio/7.0/toolchain/arm/arm-gnu-toolchain/bin/../lib/gcc/arm-none-eabi/6.3.1/thumb/v7e-m/crtbegin.o
                0x00402008                __init_array_end = .
                0x00402008                . = ALIGN (0x4)
 *crtbegin.o(.ctors)
 *(EXCLUDE_FILE(*crtend.o) .ctors)
 *(SORT(.ctors.*))
 *crtend.o(.ctors)
                0x00402008                . = ALIGN (0x4)
 *(.fini)
 .fini          0x00402008        0x4 c:/program files (x86)/atmel/studio/7.0/toolchain/arm/arm-gnu-toolchain/bin/../lib/gcc/arm-none-eabi/6.3.1/thumb/v7e-m/crti.o
                0x00402008                _fini
 .fini          0x0040200c        0x8 c:/program files (x86)/atmel/studio/7.0/toolchain/arm/arm-gnu-toolchain/bin/../lib/gcc/arm-none-eabi/6.3.1/thumb/v7e-m/crtn.o
                0x00402014                . = ALIGN (0x4)
                0x00402014                __fini_array_start = .
 *(.fini_array)
 .fini_array    0x00402014        0x4 c:/program files (x86)/atmel/studio/7.0/toolchain/arm/arm-gnu-toolchain/bin/../lib/gcc/arm-none-eabi/6.3.1/thumb/v7e-m/crtbegin.o
 *(SORT(.fini_array.*))
                0x00402018                __fini_array_end = .
 *crtbegin.o(.dtors)
 *(EXCLUDE_FILE(*crtend.o) .dtors)
 *(SORT(.dtors.*))
 *crtend.o(.dtors)
                0x00402018                . = ALIGN (0x4)
                0x00402018                _efixed = .
                [!provide]                PROVIDE (__exidx_start, .)

.vfp11_veneer   0x00402018        0x0
 .vfp11_veneer  0x00402018        0x0 linker stubs

.v4_bx          0x00402018        0x0
 .v4_bx         0x00402018        0x0 linker stubs

.iplt           0x00402018        0x0
 .iplt          0x00402018        0x0 c:/program files (x86)/atmel/studio/7.0/toolchain/arm/arm-gnu-toolchain/bin/../lib/gcc/arm-none-eabi/6.3.1/thumb/v7e-m/crtbegin.o

.eh_frame       0x00402018        0x0
 .eh_frame      0x00402018        0x0 c:/program files (x86)/atmel/studio/7.0/toolchain/arm/arm-gnu-toolchain/bin/../lib/gcc/arm-none-eabi/6.3.1/thumb/v7e-m/crtbegin.o

.rel.dyn        0x00402018        0x0
 .rel.iplt      0x00402018        0x0 c:/program files (x86)/atmel/studio/7.0/toolchain/arm/arm-gnu-toolchain/bin/../lib/gcc/arm-none-eabi/6.3.1/thumb/v7e-m/crtbegin.o

.jcr            0x00402018        0x0
 .jcr           0x00402018        0x0 c:/program files (x86)/atmel/studio/7.0/toolchain/arm/arm-gnu-toolchain/bin/../lib/gcc/arm-none-eabi/6.3.1/thumb/v7e-m/crtbegin.o

.igot.plt       0x00402018        0x0
 .igot.plt      0x00402018        0x0 c:/program files (x86)/atmel/studio/7.0/toolchain/arm/arm-gnu-toolchain/bin/../lib/gcc/arm-none-eabi/6.3.1/thumb/v7e-m/crtbegin.o

.ARM.exidx
 *(.ARM.exidx* .gnu.linkonce.armexidx.*)
                [!provide]                PROVIDE (__exidx_end, .)
                0x00402018                . = ALIGN (0x4)
                0x00402018                _etext = .

.relocate       0x20400000       0x64 load address 0x00402018
                0x20400000                . = ALIGN (0x4)
                0x20400000                _srelocate = .
 *(.ramfunc .ramfunc.*)
 *(.data .data.*)
 .data._impure_ptr
                0x20400000        0x4 c:/program files (x86)/atmel/studio/7.0/toolchain/arm/arm-gnu-toolchain/bin/../lib/gcc/arm-none-eabi/6.3.1/../../../../arm-none-eabi/lib/thumb/v7e-m\libc_nano.a(lib_a-impure.o)
                0x20400000                _impure_ptr
 .data.impure_data
                0x20400004       0x60 c:/program files (x86)/atmel/studio/7.0/toolchain/arm/arm-gnu-toolchain/bin/../lib/gcc/arm-none-eabi/6.3.1/../../../../arm-none-eabi/lib/thumb/v7e-m\libc_nano.a(lib_a-impure.o)
                0x20400064                . = ALIGN (0x4)
                0x20400064                _erelocate = .

.bss            0x20400064       0x90 load address 0x0040207c
                0x20400064                . = ALIGN (0x4)
                0x20400064                _sbss = .
                0x20400064                _szero = .
 *(.bss .bss.*)
 .bss           0x20400064       0x1c c:/program files (x86)/atmel/studio/7.0/toolchain/arm/arm-gnu-toolchain/bin/../lib/gcc/arm-none-eabi/6.3.1/thumb/v7e-m/crtbegin.o
 .bss           0x20400080        0x4 hal/src/hal_delay.o
 .bss           0x20400084       0x10 hal/src/hal_ext_irq.o
 .bss           0x20400094        0x4 hal/utils/src/utils_syscalls.o
 .bss           0x20400098        0x4 hpl/pio/hpl_pio_ext.o
 .bss           0x2040009c        0x4 stdio_redirect/stdio_io.o
 .bss.__malloc_free_list
                0x204000a0        0x4 c:/program files (x86)/atmel/studio/7.0/toolchain/arm/arm-gnu-toolchain/bin/../lib/gcc/arm-none-eabi/6.3.1/../../../../arm-none-eabi/lib/thumb/v7e-m\libc_nano.a(lib_a-nano-mallocr.o)
                0x204000a0                __malloc_free_list
 .bss.__malloc_sbrk_start
                0x204000a4        0x4 c:/program files (x86)/atmel/studio/7.0/toolchain/arm/arm-gnu-toolchain/bin/../lib/gcc/arm-none-eabi/6.3.1/../../../../arm-none-eabi/lib/thumb/v7e-m\libc_nano.a(lib_a-nano-mallocr.o)
                0x204000a4                __malloc_sbrk_start
 *(COMMON)
 COMMON         0x204000a8       0x44 driver_init.o
                0x204000a8                TARGET_IO
                0x204000b4                SPI_0
                0x204000cc                I2C_0
 COMMON         0x204000ec        0x4 nRF24_driver.o
                0x204000ec                spi_0_io
 COMMON         0x204000f0        0x4 c:/program files (x86)/atmel/studio/7.0/toolchain/arm/arm-gnu-toolchain/bin/../lib/gcc/arm-none-eabi/6.3.1/../../../../arm-none-eabi/lib/thumb/v7e-m\libc_nano.a(lib_a-reent.o)
                0x204000f0                errno
                0x204000f4                . = ALIGN (0x4)
                0x204000f4                _ebss = .
                0x204000f4                _ezero = .

.heap           0x204000f4      0x204 load address 0x0040210c
                0x204000f8                . = ALIGN (0x8)
 *fill*         0x204000f4        0x4 
                0x204000f8                _sheap = .
                0x204002f8                . = (. + HEAP_SIZE)
 *fill*         0x204000f8      0x200 
                0x204002f8                . = ALIGN (0x8)
                0x204002f8                _eheap = .

.stack          0x204002f8      0x400 load address 0x00402310
                0x204002f8                . = ALIGN (0x8)
                0x204002f8                _sstack = .
                0x204006f8                . = (. + STACK_SIZE)
 *fill*         0x204002f8      0x400 
                0x204006f8                . = ALIGN (0x8)
                0x204006f8                _estack = .
                0x204006f8                . = ALIGN (0x4)
                0x204006f8                _end = .
                0x2045ffff                _ram_end_ = ((ORIGIN (ram) + LENGTH (ram)) - 0x1)
OUTPUT(RobotFirmwarev7.elf elf32-littlearm)

.ARM.attributes
                0x00000000       0x2e
 .ARM.attributes
                0x00000000       0x1e c:/program files (x86)/atmel/studio/7.0/toolchain/arm/arm-gnu-toolchain/bin/../lib/gcc/arm-none-eabi/6.3.1/thumb/v7e-m/crti.o
 .ARM.attributes
                0x0000001e       0x2e c:/program files (x86)/atmel/studio/7.0/toolchain/arm/arm-gnu-toolchain/bin/../lib/gcc/arm-none-eabi/6.3.1/thumb/v7e-m/crtbegin.o
 .ARM.attributes
                0x0000004c       0x37 atmel_start.o
 .ARM.attributes
                0x00000083       0x37 Device_Startup/startup_samv71q21b.o
 .ARM.attributes
                0x000000ba       0x37 driver_init.o
 .ARM.attributes
                0x000000f1       0x37 hal/src/hal_atomic.o
 .ARM.attributes
                0x00000128       0x37 hal/src/hal_delay.o
 .ARM.attributes
                0x0000015f       0x37 hal/src/hal_ext_irq.o
 .ARM.attributes
                0x00000196       0x37 hal/src/hal_i2c_m_sync.o
 .ARM.attributes
                0x000001cd       0x37 hal/src/hal_io.o
 .ARM.attributes
                0x00000204       0x37 hal/src/hal_spi_m_sync.o
 .ARM.attributes
                0x0000023b       0x37 hal/src/hal_usart_sync.o
 .ARM.attributes
                0x00000272       0x37 hal/utils/src/utils_assert.o
 .ARM.attributes
                0x000002a9       0x37 hal/utils/src/utils_syscalls.o
 .ARM.attributes
                0x000002e0       0x37 hpl/core/hpl_core_m7_base.o
 .ARM.attributes
                0x00000317       0x37 hpl/core/hpl_init.o
 .ARM.attributes
                0x0000034e       0x37 hpl/pio/hpl_pio_ext.o
 .ARM.attributes
                0x00000385       0x37 hpl/pmc/hpl_pmc.o
 .ARM.attributes
                0x000003bc       0x37 hpl/spi/hpl_spi.o
 .ARM.attributes
                0x000003f3       0x37 hpl/systick/hpl_systick_ARMv7_base.o
 .ARM.attributes
                0x0000042a       0x37 hpl/twihs/hpl_twihs.o
 .ARM.attributes
                0x00000461       0x37 hpl/usart/hpl_usart.o
 .ARM.attributes
                0x00000498       0x37 main.o
 .ARM.attributes
                0x000004cf       0x37 nRF24_driver.o
 .ARM.attributes
                0x00000506       0x37 stdio_redirect/gcc/read.o
 .ARM.attributes
                0x0000053d       0x37 stdio_redirect/gcc/write.o
 .ARM.attributes
                0x00000574       0x37 stdio_redirect/stdio_io.o
 .ARM.attributes
                0x000005ab       0x37 stdio_start.o
 .ARM.attributes
                0x000005e2       0x2e c:/program files (x86)/atmel/studio/7.0/toolchain/arm/arm-gnu-toolchain/bin/../lib/gcc/arm-none-eabi/6.3.1/../../../../arm-none-eabi/lib/thumb/v7e-m\libc_nano.a(lib_a-impure.o)
 .ARM.attributes
                0x00000610       0x2e c:/program files (x86)/atmel/studio/7.0/toolchain/arm/arm-gnu-toolchain/bin/../lib/gcc/arm-none-eabi/6.3.1/../../../../arm-none-eabi/lib/thumb/v7e-m\libc_nano.a(lib_a-init.o)
 .ARM.attributes
                0x0000063e       0x2e c:/program files (x86)/atmel/studio/7.0/toolchain/arm/arm-gnu-toolchain/bin/../lib/gcc/arm-none-eabi/6.3.1/../../../../arm-none-eabi/lib/thumb/v7e-m\libc_nano.a(lib_a-malloc.o)
 .ARM.attributes
                0x0000066c       0x2e c:/program files (x86)/atmel/studio/7.0/toolchain/arm/arm-gnu-toolchain/bin/../lib/gcc/arm-none-eabi/6.3.1/../../../../arm-none-eabi/lib/thumb/v7e-m\libc_nano.a(lib_a-memset.o)
 .ARM.attributes
                0x0000069a       0x2e c:/program files (x86)/atmel/studio/7.0/toolchain/arm/arm-gnu-toolchain/bin/../lib/gcc/arm-none-eabi/6.3.1/../../../../arm-none-eabi/lib/thumb/v7e-m\libc_nano.a(lib_a-nano-freer.o)
 .ARM.attributes
                0x000006c8       0x2e c:/program files (x86)/atmel/studio/7.0/toolchain/arm/arm-gnu-toolchain/bin/../lib/gcc/arm-none-eabi/6.3.1/../../../../arm-none-eabi/lib/thumb/v7e-m\libc_nano.a(lib_a-nano-mallocr.o)
 .ARM.attributes
                0x000006f6       0x2e c:/program files (x86)/atmel/studio/7.0/toolchain/arm/arm-gnu-toolchain/bin/../lib/gcc/arm-none-eabi/6.3.1/../../../../arm-none-eabi/lib/thumb/v7e-m\libc_nano.a(lib_a-sbrkr.o)
 .ARM.attributes
                0x00000724       0x2e c:/program files (x86)/atmel/studio/7.0/toolchain/arm/arm-gnu-toolchain/bin/../lib/gcc/arm-none-eabi/6.3.1/../../../../arm-none-eabi/lib/thumb/v7e-m\libc_nano.a(lib_a-setbuf.o)
 .ARM.attributes
                0x00000752       0x2e c:/program files (x86)/atmel/studio/7.0/toolchain/arm/arm-gnu-toolchain/bin/../lib/gcc/arm-none-eabi/6.3.1/../../../../arm-none-eabi/lib/thumb/v7e-m\libc_nano.a(lib_a-setvbuf.o)
 .ARM.attributes
                0x00000780       0x2e c:/program files (x86)/atmel/studio/7.0/toolchain/arm/arm-gnu-toolchain/bin/../lib/gcc/arm-none-eabi/6.3.1/../../../../arm-none-eabi/lib/thumb/v7e-m\libc_nano.a(lib_a-fflush.o)
 .ARM.attributes
                0x000007ae       0x2e c:/program files (x86)/atmel/studio/7.0/toolchain/arm/arm-gnu-toolchain/bin/../lib/gcc/arm-none-eabi/6.3.1/../../../../arm-none-eabi/lib/thumb/v7e-m\libc_nano.a(lib_a-findfp.o)
 .ARM.attributes
                0x000007dc       0x2e c:/program files (x86)/atmel/studio/7.0/toolchain/arm/arm-gnu-toolchain/bin/../lib/gcc/arm-none-eabi/6.3.1/../../../../arm-none-eabi/lib/thumb/v7e-m\libc_nano.a(lib_a-fwalk.o)
 .ARM.attributes
                0x0000080a       0x2e c:/program files (x86)/atmel/studio/7.0/toolchain/arm/arm-gnu-toolchain/bin/../lib/gcc/arm-none-eabi/6.3.1/../../../../arm-none-eabi/lib/thumb/v7e-m\libc_nano.a(lib_a-makebuf.o)
 .ARM.attributes
                0x00000838       0x2e c:/program files (x86)/atmel/studio/7.0/toolchain/arm/arm-gnu-toolchain/bin/../lib/gcc/arm-none-eabi/6.3.1/../../../../arm-none-eabi/lib/thumb/v7e-m\libc_nano.a(lib_a-mlock.o)
 .ARM.attributes
                0x00000866       0x2e c:/program files (x86)/atmel/studio/7.0/toolchain/arm/arm-gnu-toolchain/bin/../lib/gcc/arm-none-eabi/6.3.1/../../../../arm-none-eabi/lib/thumb/v7e-m\libc_nano.a(lib_a-reent.o)
 .ARM.attributes
                0x00000894       0x2e c:/program files (x86)/atmel/studio/7.0/toolchain/arm/arm-gnu-toolchain/bin/../lib/gcc/arm-none-eabi/6.3.1/../../../../arm-none-eabi/lib/thumb/v7e-m\libc_nano.a(lib_a-stdio.o)
 .ARM.attributes
                0x000008c2       0x2e c:/program files (x86)/atmel/studio/7.0/toolchain/arm/arm-gnu-toolchain/bin/../lib/gcc/arm-none-eabi/6.3.1/../../../../arm-none-eabi/lib/thumb/v7e-m\libc_nano.a(lib_a-writer.o)
 .ARM.attributes
                0x000008f0       0x2e c:/program files (x86)/atmel/studio/7.0/toolchain/arm/arm-gnu-toolchain/bin/../lib/gcc/arm-none-eabi/6.3.1/../../../../arm-none-eabi/lib/thumb/v7e-m\libc_nano.a(lib_a-closer.o)
 .ARM.attributes
                0x0000091e       0x2e c:/program files (x86)/atmel/studio/7.0/toolchain/arm/arm-gnu-toolchain/bin/../lib/gcc/arm-none-eabi/6.3.1/../../../../arm-none-eabi/lib/thumb/v7e-m\libc_nano.a(lib_a-fstatr.o)
 .ARM.attributes
                0x0000094c       0x2e c:/program files (x86)/atmel/studio/7.0/toolchain/arm/arm-gnu-toolchain/bin/../lib/gcc/arm-none-eabi/6.3.1/../../../../arm-none-eabi/lib/thumb/v7e-m\libc_nano.a(lib_a-lseekr.o)
 .ARM.attributes
                0x0000097a       0x2e c:/program files (x86)/atmel/studio/7.0/toolchain/arm/arm-gnu-toolchain/bin/../lib/gcc/arm-none-eabi/6.3.1/../../../../arm-none-eabi/lib/thumb/v7e-m\libc_nano.a(lib_a-readr.o)
 .ARM.attributes
                0x000009a8       0x1e c:/program files (x86)/atmel/studio/7.0/toolchain/arm/arm-gnu-toolchain/bin/../lib/gcc/arm-none-eabi/6.3.1/thumb/v7e-m/crtn.o

.comment        0x00000000       0x59
 .comment       0x00000000       0x59 atmel_start.o
                                 0x5a (size before relaxing)
 .comment       0x00000059       0x5a Device_Startup/startup_samv71q21b.o
 .comment       0x00000059       0x5a driver_init.o
 .comment       0x00000059       0x5a hal/src/hal_atomic.o
 .comment       0x00000059       0x5a hal/src/hal_delay.o
 .comment       0x00000059       0x5a hal/src/hal_ext_irq.o
 .comment       0x00000059       0x5a hal/src/hal_i2c_m_sync.o
 .comment       0x00000059       0x5a hal/src/hal_io.o
 .comment       0x00000059       0x5a hal/src/hal_spi_m_sync.o
 .comment       0x00000059       0x5a hal/src/hal_usart_sync.o
 .comment       0x00000059       0x5a hal/utils/src/utils_assert.o
 .comment       0x00000059       0x5a hal/utils/src/utils_syscalls.o
 .comment       0x00000059       0x5a hpl/core/hpl_core_m7_base.o
 .comment       0x00000059       0x5a hpl/core/hpl_init.o
 .comment       0x00000059       0x5a hpl/pio/hpl_pio_ext.o
 .comment       0x00000059       0x5a hpl/pmc/hpl_pmc.o
 .comment       0x00000059       0x5a hpl/spi/hpl_spi.o
 .comment       0x00000059       0x5a hpl/systick/hpl_systick_ARMv7_base.o
 .comment       0x00000059       0x5a hpl/twihs/hpl_twihs.o
 .comment       0x00000059       0x5a hpl/usart/hpl_usart.o
 .comment       0x00000059       0x5a main.o
 .comment       0x00000059       0x5a nRF24_driver.o
 .comment       0x00000059       0x5a stdio_redirect/gcc/read.o
 .comment       0x00000059       0x5a stdio_redirect/gcc/write.o
 .comment       0x00000059       0x5a stdio_redirect/stdio_io.o
 .comment       0x00000059       0x5a stdio_start.o

.debug_info     0x00000000    0x17cfd
 .debug_info    0x00000000      0xcb5 atmel_start.o
 .debug_info    0x00000cb5      0xb34 Device_Startup/startup_samv71q21b.o
 .debug_info    0x000017e9     0x2d3f driver_init.o
 .debug_info    0x00004528      0x1fa hal/src/hal_atomic.o
 .debug_info    0x00004722      0x205 hal/src/hal_delay.o
 .debug_info    0x00004927      0x38a hal/src/hal_ext_irq.o
 .debug_info    0x00004cb1      0x89f hal/src/hal_i2c_m_sync.o
 .debug_info    0x00005550      0x311 hal/src/hal_io.o
 .debug_info    0x00005861      0xa9e hal/src/hal_spi_m_sync.o
 .debug_info    0x000062ff      0xd3b hal/src/hal_usart_sync.o
 .debug_info    0x0000703a      0x130 hal/utils/src/utils_assert.o
 .debug_info    0x0000716a      0xdca hal/utils/src/utils_syscalls.o
 .debug_info    0x00007f34      0xd3b hpl/core/hpl_core_m7_base.o
 .debug_info    0x00008c6f      0x6be hpl/core/hpl_init.o
 .debug_info    0x0000932d     0x1354 hpl/pio/hpl_pio_ext.o
 .debug_info    0x0000a681      0x894 hpl/pmc/hpl_pmc.o
 .debug_info    0x0000af15     0x2ec9 hpl/spi/hpl_spi.o
 .debug_info    0x0000ddde      0x289 hpl/systick/hpl_systick_ARMv7_base.o
 .debug_info    0x0000e067      0xe70 hpl/twihs/hpl_twihs.o
 .debug_info    0x0000eed7     0x32b9 hpl/usart/hpl_usart.o
 .debug_info    0x00012190      0xe71 main.o
 .debug_info    0x00013001     0x1f45 nRF24_driver.o
 .debug_info    0x00014f46      0xa5d stdio_redirect/gcc/read.o
 .debug_info    0x000159a3      0xa5d stdio_redirect/gcc/write.o
 .debug_info    0x00016400      0xbf7 stdio_redirect/stdio_io.o
 .debug_info    0x00016ff7      0xd06 stdio_start.o

.debug_abbrev   0x00000000     0x3768
 .debug_abbrev  0x00000000      0x1b4 atmel_start.o
 .debug_abbrev  0x000001b4      0x153 Device_Startup/startup_samv71q21b.o
 .debug_abbrev  0x00000307      0x2f7 driver_init.o
 .debug_abbrev  0x000005fe      0x155 hal/src/hal_atomic.o
 .debug_abbrev  0x00000753       0xf9 hal/src/hal_delay.o
 .debug_abbrev  0x0000084c      0x191 hal/src/hal_ext_irq.o
 .debug_abbrev  0x000009dd      0x1b7 hal/src/hal_i2c_m_sync.o
 .debug_abbrev  0x00000b94      0x12d hal/src/hal_io.o
 .debug_abbrev  0x00000cc1      0x1c9 hal/src/hal_spi_m_sync.o
 .debug_abbrev  0x00000e8a      0x22f hal/src/hal_usart_sync.o
 .debug_abbrev  0x000010b9       0x9e hal/utils/src/utils_assert.o
 .debug_abbrev  0x00001157      0x269 hal/utils/src/utils_syscalls.o
 .debug_abbrev  0x000013c0      0x293 hpl/core/hpl_core_m7_base.o
 .debug_abbrev  0x00001653      0x1e7 hpl/core/hpl_init.o
 .debug_abbrev  0x0000183a      0x371 hpl/pio/hpl_pio_ext.o
 .debug_abbrev  0x00001bab      0x1b7 hpl/pmc/hpl_pmc.o
 .debug_abbrev  0x00001d62      0x458 hpl/spi/hpl_spi.o
 .debug_abbrev  0x000021ba      0x174 hpl/systick/hpl_systick_ARMv7_base.o
 .debug_abbrev  0x0000232e      0x2b4 hpl/twihs/hpl_twihs.o
 .debug_abbrev  0x000025e2      0x42d hpl/usart/hpl_usart.o
 .debug_abbrev  0x00002a0f      0x202 main.o
 .debug_abbrev  0x00002c11      0x367 nRF24_driver.o
 .debug_abbrev  0x00002f78      0x1ef stdio_redirect/gcc/read.o
 .debug_abbrev  0x00003167      0x1ef stdio_redirect/gcc/write.o
 .debug_abbrev  0x00003356      0x230 stdio_redirect/stdio_io.o
 .debug_abbrev  0x00003586      0x1e2 stdio_start.o

.debug_loc      0x00000000     0x8b25
 .debug_loc     0x00000000       0x20 atmel_start.o
 .debug_loc     0x00000020       0x78 Device_Startup/startup_samv71q21b.o
 .debug_loc     0x00000098      0x9b4 driver_init.o
 .debug_loc     0x00000a4c       0x13 hal/src/hal_atomic.o
 .debug_loc     0x00000a5f       0xc3 hal/src/hal_delay.o
 .debug_loc     0x00000b22      0x361 hal/src/hal_ext_irq.o
 .debug_loc     0x00000e83      0x764 hal/src/hal_i2c_m_sync.o
 .debug_loc     0x000015e7      0x132 hal/src/hal_io.o
 .debug_loc     0x00001719      0x6a5 hal/src/hal_spi_m_sync.o
 .debug_loc     0x00001dbe      0x8b2 hal/src/hal_usart_sync.o
 .debug_loc     0x00002670      0x13b hal/utils/src/utils_syscalls.o
 .debug_loc     0x000027ab      0x23a hpl/core/hpl_core_m7_base.o
 .debug_loc     0x000029e5       0x77 hpl/core/hpl_init.o
 .debug_loc     0x00002a5c      0x66f hpl/pio/hpl_pio_ext.o
 .debug_loc     0x000030cb      0x204 hpl/pmc/hpl_pmc.o
 .debug_loc     0x000032cf     0x227a hpl/spi/hpl_spi.o
 .debug_loc     0x00005549      0x127 hpl/systick/hpl_systick_ARMv7_base.o
 .debug_loc     0x00005670      0x8ef hpl/twihs/hpl_twihs.o
 .debug_loc     0x00005f5f     0x1f4a hpl/usart/hpl_usart.o
 .debug_loc     0x00007ea9       0x2c main.o
 .debug_loc     0x00007ed5      0x899 nRF24_driver.o
 .debug_loc     0x0000876e       0xff stdio_redirect/gcc/read.o
 .debug_loc     0x0000886d       0xf3 stdio_redirect/gcc/write.o
 .debug_loc     0x00008960      0x185 stdio_redirect/stdio_io.o
 .debug_loc     0x00008ae5       0x40 stdio_start.o

.debug_aranges  0x00000000      0xad0
 .debug_aranges
                0x00000000       0x20 atmel_start.o
 .debug_aranges
                0x00000020       0x28 Device_Startup/startup_samv71q21b.o
 .debug_aranges
                0x00000048       0x80 driver_init.o
 .debug_aranges
                0x000000c8       0x30 hal/src/hal_atomic.o
 .debug_aranges
                0x000000f8       0x38 hal/src/hal_delay.o
 .debug_aranges
                0x00000130       0x50 hal/src/hal_ext_irq.o
 .debug_aranges
                0x00000180       0x88 hal/src/hal_i2c_m_sync.o
 .debug_aranges
                0x00000208       0x30 hal/src/hal_io.o
 .debug_aranges
                0x00000238       0x88 hal/src/hal_spi_m_sync.o
 .debug_aranges
                0x000002c0       0xa8 hal/src/hal_usart_sync.o
 .debug_aranges
                0x00000368       0x20 hal/utils/src/utils_assert.o
 .debug_aranges
                0x00000388       0x60 hal/utils/src/utils_syscalls.o
 .debug_aranges
                0x000003e8       0x70 hpl/core/hpl_core_m7_base.o
 .debug_aranges
                0x00000458       0x20 hpl/core/hpl_init.o
 .debug_aranges
                0x00000478       0x68 hpl/pio/hpl_pio_ext.o
 .debug_aranges
                0x000004e0       0x30 hpl/pmc/hpl_pmc.o
 .debug_aranges
                0x00000510      0x230 hpl/spi/hpl_spi.o
 .debug_aranges
                0x00000740       0x48 hpl/systick/hpl_systick_ARMv7_base.o
 .debug_aranges
                0x00000788       0x60 hpl/twihs/hpl_twihs.o
 .debug_aranges
                0x000007e8      0x1c8 hpl/usart/hpl_usart.o
 .debug_aranges
                0x000009b0       0x20 main.o
 .debug_aranges
                0x000009d0       0x60 nRF24_driver.o
 .debug_aranges
                0x00000a30       0x20 stdio_redirect/gcc/read.o
 .debug_aranges
                0x00000a50       0x20 stdio_redirect/gcc/write.o
 .debug_aranges
                0x00000a70       0x38 stdio_redirect/stdio_io.o
 .debug_aranges
                0x00000aa8       0x28 stdio_start.o

.debug_ranges   0x00000000      0x9c8
 .debug_ranges  0x00000000       0x10 atmel_start.o
 .debug_ranges  0x00000010       0x18 Device_Startup/startup_samv71q21b.o
 .debug_ranges  0x00000028       0x70 driver_init.o
 .debug_ranges  0x00000098       0x20 hal/src/hal_atomic.o
 .debug_ranges  0x000000b8       0x28 hal/src/hal_delay.o
 .debug_ranges  0x000000e0       0x40 hal/src/hal_ext_irq.o
 .debug_ranges  0x00000120       0x78 hal/src/hal_i2c_m_sync.o
 .debug_ranges  0x00000198       0x20 hal/src/hal_io.o
 .debug_ranges  0x000001b8       0x78 hal/src/hal_spi_m_sync.o
 .debug_ranges  0x00000230       0x98 hal/src/hal_usart_sync.o
 .debug_ranges  0x000002c8       0x10 hal/utils/src/utils_assert.o
 .debug_ranges  0x000002d8       0x50 hal/utils/src/utils_syscalls.o
 .debug_ranges  0x00000328       0x60 hpl/core/hpl_core_m7_base.o
 .debug_ranges  0x00000388       0x10 hpl/core/hpl_init.o
 .debug_ranges  0x00000398       0x58 hpl/pio/hpl_pio_ext.o
 .debug_ranges  0x000003f0       0x20 hpl/pmc/hpl_pmc.o
 .debug_ranges  0x00000410      0x280 hpl/spi/hpl_spi.o
 .debug_ranges  0x00000690       0x38 hpl/systick/hpl_systick_ARMv7_base.o
 .debug_ranges  0x000006c8       0x88 hpl/twihs/hpl_twihs.o
 .debug_ranges  0x00000750      0x1b8 hpl/usart/hpl_usart.o
 .debug_ranges  0x00000908       0x10 main.o
 .debug_ranges  0x00000918       0x50 nRF24_driver.o
 .debug_ranges  0x00000968       0x10 stdio_redirect/gcc/read.o
 .debug_ranges  0x00000978       0x10 stdio_redirect/gcc/write.o
 .debug_ranges  0x00000988       0x28 stdio_redirect/stdio_io.o
 .debug_ranges  0x000009b0       0x18 stdio_start.o

.debug_macro    0x00000000    0x42593
 .debug_macro   0x00000000      0x923 atmel_start.o
 .debug_macro   0x00000923      0x8b0 atmel_start.o
 .debug_macro   0x000011d3      0x16d atmel_start.o
 .debug_macro   0x00001340       0x22 atmel_start.o
 .debug_macro   0x00001362       0x87 atmel_start.o
 .debug_macro   0x000013e9       0x51 atmel_start.o
 .debug_macro   0x0000143a       0xef atmel_start.o
 .debug_macro   0x00001529       0x6a atmel_start.o
 .debug_macro   0x00001593      0x1df atmel_start.o
 .debug_macro   0x00001772       0x22 atmel_start.o
 .debug_macro   0x00001794       0xd7 atmel_start.o
 .debug_macro   0x0000186b       0x1c atmel_start.o
 .debug_macro   0x00001887       0x22 atmel_start.o
 .debug_macro   0x000018a9       0xdf atmel_start.o
 .debug_macro   0x00001988     0x12cd atmel_start.o
 .debug_macro   0x00002c55      0x11f atmel_start.o
 .debug_macro   0x00002d74       0x19 atmel_start.o
 .debug_macro   0x00002d8d      0x3e2 atmel_start.o
 .debug_macro   0x0000316f      0x5a9 atmel_start.o
 .debug_macro   0x00003718     0x1797 atmel_start.o
 .debug_macro   0x00004eaf      0x3bb atmel_start.o
 .debug_macro   0x0000526a      0x830 atmel_start.o
 .debug_macro   0x00005a9a      0x316 atmel_start.o
 .debug_macro   0x00005db0     0x269d atmel_start.o
 .debug_macro   0x0000844d       0x40 atmel_start.o
 .debug_macro   0x0000848d     0x105e atmel_start.o
 .debug_macro   0x000094eb      0x60b atmel_start.o
 .debug_macro   0x00009af6      0x555 atmel_start.o
 .debug_macro   0x0000a04b      0xb8f atmel_start.o
 .debug_macro   0x0000abda      0x62e atmel_start.o
 .debug_macro   0x0000b208     0x3ac9 atmel_start.o
 .debug_macro   0x0000ecd1      0x6bf atmel_start.o
 .debug_macro   0x0000f390     0x83ff atmel_start.o
 .debug_macro   0x0001778f     0x326e atmel_start.o
 .debug_macro   0x0001a9fd     0x24d0 atmel_start.o
 .debug_macro   0x0001cecd      0x87f atmel_start.o
 .debug_macro   0x0001d74c      0x17d atmel_start.o
 .debug_macro   0x0001d8c9      0x118 atmel_start.o
 .debug_macro   0x0001d9e1      0x909 atmel_start.o
 .debug_macro   0x0001e2ea      0x125 atmel_start.o
 .debug_macro   0x0001e40f      0x503 atmel_start.o
 .debug_macro   0x0001e912      0x3e0 atmel_start.o
 .debug_macro   0x0001ecf2      0x709 atmel_start.o
 .debug_macro   0x0001f3fb      0xb64 atmel_start.o
 .debug_macro   0x0001ff5f      0xf03 atmel_start.o
 .debug_macro   0x00020e62      0xff2 atmel_start.o
 .debug_macro   0x00021e54      0x1a8 atmel_start.o
 .debug_macro   0x00021ffc      0x124 atmel_start.o
 .debug_macro   0x00022120      0xbc2 atmel_start.o
 .debug_macro   0x00022ce2      0x5c5 atmel_start.o
 .debug_macro   0x000232a7     0x1afb atmel_start.o
 .debug_macro   0x00024da2      0x664 atmel_start.o
 .debug_macro   0x00025406     0x41a7 atmel_start.o
 .debug_macro   0x000295ad      0x64f atmel_start.o
 .debug_macro   0x00029bfc       0xc4 atmel_start.o
 .debug_macro   0x00029cc0      0x12d atmel_start.o
 .debug_macro   0x00029ded     0x2a5f atmel_start.o
 .debug_macro   0x0002c84c       0x7c atmel_start.o
 .debug_macro   0x0002c8c8      0x14e atmel_start.o
 .debug_macro   0x0002ca16       0xf4 atmel_start.o
 .debug_macro   0x0002cb0a       0xf4 atmel_start.o
 .debug_macro   0x0002cbfe       0x16 atmel_start.o
 .debug_macro   0x0002cc14       0x7c atmel_start.o
 .debug_macro   0x0002cc90       0x40 atmel_start.o
 .debug_macro   0x0002ccd0      0x623 atmel_start.o
 .debug_macro   0x0002d2f3       0x40 atmel_start.o
 .debug_macro   0x0002d333      0x7ce atmel_start.o
 .debug_macro   0x0002db01       0x6a atmel_start.o
 .debug_macro   0x0002db6b       0x6a atmel_start.o
 .debug_macro   0x0002dbd5       0x88 atmel_start.o
 .debug_macro   0x0002dc5d       0xac atmel_start.o
 .debug_macro   0x0002dd09      0x142 atmel_start.o
 .debug_macro   0x0002de4b      0x138 atmel_start.o
 .debug_macro   0x0002df83      0x138 atmel_start.o
 .debug_macro   0x0002e0bb       0xee atmel_start.o
 .debug_macro   0x0002e1a9      0x187 atmel_start.o
 .debug_macro   0x0002e330      0x180 atmel_start.o
 .debug_macro   0x0002e4b0      0x180 atmel_start.o
 .debug_macro   0x0002e630      0x180 atmel_start.o
 .debug_macro   0x0002e7b0      0x180 atmel_start.o
 .debug_macro   0x0002e930      0x121 atmel_start.o
 .debug_macro   0x0002ea51      0x352 atmel_start.o
 .debug_macro   0x0002eda3      0x352 atmel_start.o
 .debug_macro   0x0002f0f5       0x82 atmel_start.o
 .debug_macro   0x0002f177       0x22 atmel_start.o
 .debug_macro   0x0002f199       0x22 atmel_start.o
 .debug_macro   0x0002f1bb       0x58 atmel_start.o
 .debug_macro   0x0002f213       0x28 atmel_start.o
 .debug_macro   0x0002f23b       0x64 atmel_start.o
 .debug_macro   0x0002f29f       0x94 atmel_start.o
 .debug_macro   0x0002f333       0x7c atmel_start.o
 .debug_macro   0x0002f3af       0x7c atmel_start.o
 .debug_macro   0x0002f42b       0x8e atmel_start.o
 .debug_macro   0x0002f4b9       0x34 atmel_start.o
 .debug_macro   0x0002f4ed      0x1a8 atmel_start.o
 .debug_macro   0x0002f695      0x1a8 atmel_start.o
 .debug_macro   0x0002f83d      0x1a8 atmel_start.o
 .debug_macro   0x0002f9e5      0x1a8 atmel_start.o
 .debug_macro   0x0002fb8d       0x3a atmel_start.o
 .debug_macro   0x0002fbc7       0x82 atmel_start.o
 .debug_macro   0x0002fc49       0x82 atmel_start.o
 .debug_macro   0x0002fccb       0x82 atmel_start.o
 .debug_macro   0x0002fd4d       0x70 atmel_start.o
 .debug_macro   0x0002fdbd       0x70 atmel_start.o
 .debug_macro   0x0002fe2d       0x70 atmel_start.o
 .debug_macro   0x0002fe9d       0x70 atmel_start.o
 .debug_macro   0x0002ff0d       0x70 atmel_start.o
 .debug_macro   0x0002ff7d       0xf4 atmel_start.o
 .debug_macro   0x00030071       0xf4 atmel_start.o
 .debug_macro   0x00030165       0xf4 atmel_start.o
 .debug_macro   0x00030259      0x71f atmel_start.o
 .debug_macro   0x00030978       0x16 atmel_start.o
 .debug_macro   0x0003098e       0x22 atmel_start.o
 .debug_macro   0x000309b0      0x9bf atmel_start.o
 .debug_macro   0x0003136f      0x59f atmel_start.o
 .debug_macro   0x0003190e     0x2879 atmel_start.o
 .debug_macro   0x00034187      0x169 atmel_start.o
 .debug_macro   0x000342f0       0x10 atmel_start.o
 .debug_macro   0x00034300       0x10 atmel_start.o
 .debug_macro   0x00034310       0x16 atmel_start.o
 .debug_macro   0x00034326       0x16 atmel_start.o
 .debug_macro   0x0003433c       0x16 atmel_start.o
 .debug_macro   0x00034352       0x16 atmel_start.o
 .debug_macro   0x00034368       0x16 atmel_start.o
 .debug_macro   0x0003437e       0x16 atmel_start.o
 .debug_macro   0x00034394       0x16 atmel_start.o
 .debug_macro   0x000343aa       0x16 atmel_start.o
 .debug_macro   0x000343c0       0x16 atmel_start.o
 .debug_macro   0x000343d6       0x16 atmel_start.o
 .debug_macro   0x000343ec       0x16 atmel_start.o
 .debug_macro   0x00034402       0x16 atmel_start.o
 .debug_macro   0x00034418       0x16 atmel_start.o
 .debug_macro   0x0003442e       0x16 atmel_start.o
 .debug_macro   0x00034444       0x16 atmel_start.o
 .debug_macro   0x0003445a       0x16 atmel_start.o
 .debug_macro   0x00034470       0x16 atmel_start.o
 .debug_macro   0x00034486       0x16 atmel_start.o
 .debug_macro   0x0003449c       0x16 atmel_start.o
 .debug_macro   0x000344b2       0x16 atmel_start.o
 .debug_macro   0x000344c8       0x16 atmel_start.o
 .debug_macro   0x000344de       0x16 atmel_start.o
 .debug_macro   0x000344f4       0x16 atmel_start.o
 .debug_macro   0x0003450a       0x16 atmel_start.o
 .debug_macro   0x00034520       0x16 atmel_start.o
 .debug_macro   0x00034536       0x16 atmel_start.o
 .debug_macro   0x0003454c       0x16 atmel_start.o
 .debug_macro   0x00034562      0x27e atmel_start.o
 .debug_macro   0x000347e0       0x16 atmel_start.o
 .debug_macro   0x000347f6       0x16 atmel_start.o
 .debug_macro   0x0003480c       0x16 atmel_start.o
 .debug_macro   0x00034822      0x373 atmel_start.o
 .debug_macro   0x00034b95       0xa9 atmel_start.o
 .debug_macro   0x00034c3e       0x16 atmel_start.o
 .debug_macro   0x00034c54       0x16 atmel_start.o
 .debug_macro   0x00034c6a       0x16 atmel_start.o
 .debug_macro   0x00034c80       0xca atmel_start.o
 .debug_macro   0x00034d4a       0x1c atmel_start.o
 .debug_macro   0x00034d66       0x16 atmel_start.o
 .debug_macro   0x00034d7c       0x64 atmel_start.o
 .debug_macro   0x00034de0       0xc9 atmel_start.o
 .debug_macro   0x00034ea9       0x70 atmel_start.o
 .debug_macro   0x00034f19       0x58 atmel_start.o
 .debug_macro   0x00034f71       0x35 atmel_start.o
 .debug_macro   0x00034fa6       0x9c atmel_start.o
 .debug_macro   0x00035042       0x16 atmel_start.o
 .debug_macro   0x00035058       0x35 atmel_start.o
 .debug_macro   0x0003508d      0x34d atmel_start.o
 .debug_macro   0x000353da       0x10 atmel_start.o
 .debug_macro   0x000353ea       0x58 atmel_start.o
 .debug_macro   0x00035442       0x1f atmel_start.o
 .debug_macro   0x00035461       0x43 atmel_start.o
 .debug_macro   0x000354a4       0x20 atmel_start.o
 .debug_macro   0x000354c4      0x187 atmel_start.o
 .debug_macro   0x0003564b       0x10 atmel_start.o
 .debug_macro   0x0003565b       0x1c atmel_start.o
 .debug_macro   0x00035677       0x52 atmel_start.o
 .debug_macro   0x000356c9       0x40 atmel_start.o
 .debug_macro   0x00035709       0x10 atmel_start.o
 .debug_macro   0x00035719       0x40 atmel_start.o
 .debug_macro   0x00035759       0xd7 atmel_start.o
 .debug_macro   0x00035830       0x16 atmel_start.o
 .debug_macro   0x00035846      0x18b atmel_start.o
 .debug_macro   0x000359d1      0x49c Device_Startup/startup_samv71q21b.o
 .debug_macro   0x00035e6d       0xd1 Device_Startup/startup_samv71q21b.o
 .debug_macro   0x00035f3e      0x7eb driver_init.o
 .debug_macro   0x00036729       0x10 driver_init.o
 .debug_macro   0x00036739       0x58 driver_init.o
 .debug_macro   0x00036791      0x669 hal/src/hal_atomic.o
 .debug_macro   0x00036dfa      0x6a0 hal/src/hal_delay.o
 .debug_macro   0x0003749a      0x685 hal/src/hal_ext_irq.o
 .debug_macro   0x00037b1f      0x6a9 hal/src/hal_i2c_m_sync.o
 .debug_macro   0x000381c8       0x6a hal/src/hal_i2c_m_sync.o
 .debug_macro   0x00038232      0x67e hal/src/hal_io.o
 .debug_macro   0x000388b0      0x6c6 hal/src/hal_spi_m_sync.o
 .debug_macro   0x00038f76      0x6a9 hal/src/hal_usart_sync.o
 .debug_macro   0x0003961f      0x673 hal/utils/src/utils_assert.o
 .debug_macro   0x00039c92       0x10 hal/utils/src/utils_assert.o
 .debug_macro   0x00039ca2      0x1d6 hal/utils/src/utils_syscalls.o
 .debug_macro   0x00039e78       0x52 hal/utils/src/utils_syscalls.o
 .debug_macro   0x00039eca       0x8d hal/utils/src/utils_syscalls.o
 .debug_macro   0x00039f57       0x57 hal/utils/src/utils_syscalls.o
 .debug_macro   0x00039fae       0x97 hal/utils/src/utils_syscalls.o
 .debug_macro   0x0003a045      0x353 hal/utils/src/utils_syscalls.o
 .debug_macro   0x0003a398       0xf6 hal/utils/src/utils_syscalls.o
 .debug_macro   0x0003a48e       0x4c hal/utils/src/utils_syscalls.o
 .debug_macro   0x0003a4da       0x16 hal/utils/src/utils_syscalls.o
 .debug_macro   0x0003a4f0       0x10 hal/utils/src/utils_syscalls.o
 .debug_macro   0x0003a500       0x10 hal/utils/src/utils_syscalls.o
 .debug_macro   0x0003a510       0x35 hal/utils/src/utils_syscalls.o
 .debug_macro   0x0003a545      0x122 hal/utils/src/utils_syscalls.o
 .debug_macro   0x0003a667      0x6c9 hpl/core/hpl_core_m7_base.o
 .debug_macro   0x0003ad30      0x6e1 hpl/core/hpl_init.o
 .debug_macro   0x0003b411      0x324 hpl/core/hpl_init.o
 .debug_macro   0x0003b735      0x9df hpl/core/hpl_init.o
 .debug_macro   0x0003c114      0x6c3 hpl/pio/hpl_pio_ext.o
 .debug_macro   0x0003c7d7      0x3df hpl/pio/hpl_pio_ext.o
 .debug_macro   0x0003cbb6      0x692 hpl/pmc/hpl_pmc.o
 .debug_macro   0x0003d248      0x739 hpl/spi/hpl_spi.o
 .debug_macro   0x0003d981       0x64 hpl/spi/hpl_spi.o
 .debug_macro   0x0003d9e5       0x1c hpl/spi/hpl_spi.o
 .debug_macro   0x0003da01       0x22 hpl/spi/hpl_spi.o
 .debug_macro   0x0003da23       0x10 hpl/spi/hpl_spi.o
 .debug_macro   0x0003da33      0x678 hpl/systick/hpl_systick_ARMv7_base.o
 .debug_macro   0x0003e0ab       0x10 hpl/systick/hpl_systick_ARMv7_base.o
 .debug_macro   0x0003e0bb      0x6a1 hpl/twihs/hpl_twihs.o
 .debug_macro   0x0003e75c       0x84 hpl/twihs/hpl_twihs.o
 .debug_macro   0x0003e7e0      0x6d9 hpl/usart/hpl_usart.o
 .debug_macro   0x0003eeb9       0x9f hpl/usart/hpl_usart.o
 .debug_macro   0x0003ef58      0x992 main.o
 .debug_macro   0x0003f8ea       0xd0 main.o
 .debug_macro   0x0003f9ba      0x98e nRF24_driver.o
 .debug_macro   0x00040348       0xca nRF24_driver.o
 .debug_macro   0x00040412      0x7d9 stdio_redirect/gcc/read.o
 .debug_macro   0x00040beb      0x7d9 stdio_redirect/gcc/write.o
 .debug_macro   0x000413c4      0x7d2 stdio_redirect/stdio_io.o
 .debug_macro   0x00041b96       0xd9 stdio_redirect/stdio_io.o
 .debug_macro   0x00041c6f      0x924 stdio_start.o

.debug_line     0x00000000    0x16a96
 .debug_line    0x00000000      0xf40 atmel_start.o
 .debug_line    0x00000f40      0x900 Device_Startup/startup_samv71q21b.o
 .debug_line    0x00001840     0x107d driver_init.o
 .debug_line    0x000028bd      0xc78 hal/src/hal_atomic.o
 .debug_line    0x00003535      0xcac hal/src/hal_delay.o
 .debug_line    0x000041e1      0xd22 hal/src/hal_ext_irq.o
 .debug_line    0x00004f03      0xd9f hal/src/hal_i2c_m_sync.o
 .debug_line    0x00005ca2      0xc70 hal/src/hal_io.o
 .debug_line    0x00006912      0xda7 hal/src/hal_spi_m_sync.o
 .debug_line    0x000076b9      0xe19 hal/src/hal_usart_sync.o
 .debug_line    0x000084d2      0xc4d hal/utils/src/utils_assert.o
 .debug_line    0x0000911f      0x40a hal/utils/src/utils_syscalls.o
 .debug_line    0x00009529      0xdd4 hpl/core/hpl_core_m7_base.o
 .debug_line    0x0000a2fd      0xd33 hpl/core/hpl_init.o
 .debug_line    0x0000b030      0xe67 hpl/pio/hpl_pio_ext.o
 .debug_line    0x0000be97      0xd3e hpl/pmc/hpl_pmc.o
 .debug_line    0x0000cbd5     0x1767 hpl/spi/hpl_spi.o
 .debug_line    0x0000e33c      0xce7 hpl/systick/hpl_systick_ARMv7_base.o
 .debug_line    0x0000f023      0xec5 hpl/twihs/hpl_twihs.o
 .debug_line    0x0000fee8     0x1323 hpl/usart/hpl_usart.o
 .debug_line    0x0001120b      0xfc5 main.o
 .debug_line    0x000121d0     0x10e8 nRF24_driver.o
 .debug_line    0x000132b8      0xd78 stdio_redirect/gcc/read.o
 .debug_line    0x00014030      0xd79 stdio_redirect/gcc/write.o
 .debug_line    0x00014da9      0xd99 stdio_redirect/stdio_io.o
 .debug_line    0x00015b42      0xf54 stdio_start.o

.debug_str      0x00000000   0x14d3ab
 .debug_str     0x00000000   0x13e75d atmel_start.o
                             0x13f1b4 (size before relaxing)
 .debug_str     0x0013e75d      0x78d Device_Startup/startup_samv71q21b.o
                             0x1353d5 (size before relaxing)
 .debug_str     0x0013eeea      0xe37 driver_init.o
                             0x13c217 (size before relaxing)
 .debug_str     0x0013fd21       0x9c hal/src/hal_atomic.o
                             0x13a78d (size before relaxing)
 .debug_str     0x0013fdbd       0x9b hal/src/hal_delay.o
                             0x13a7f7 (size before relaxing)
 .debug_str     0x0013fe58       0xd6 hal/src/hal_ext_irq.o
                             0x13a84a (size before relaxing)
 .debug_str     0x0013ff2e      0x156 hal/src/hal_i2c_m_sync.o
                             0x13b07e (size before relaxing)
 .debug_str     0x00140084       0x2c hal/src/hal_io.o
                             0x13a828 (size before relaxing)
 .debug_str     0x001400b0      0x2d7 hal/src/hal_spi_m_sync.o
                             0x13b115 (size before relaxing)
 .debug_str     0x00140387      0x49e hal/src/hal_usart_sync.o
                             0x13b2c8 (size before relaxing)
 .debug_str     0x00140825       0x2a hal/utils/src/utils_assert.o
                             0x13a79d (size before relaxing)
 .debug_str     0x0014084f      0x778 hal/utils/src/utils_syscalls.o
                               0x73bc (size before relaxing)
 .debug_str     0x00140fc7      0x5bc hpl/core/hpl_core_m7_base.o
                             0x13b5ff (size before relaxing)
 .debug_str     0x00141583     0x3073 hpl/core/hpl_init.o
                             0x13dc31 (size before relaxing)
 .debug_str     0x001445f6     0x5a1b hpl/pio/hpl_pio_ext.o
                             0x140de0 (size before relaxing)
 .debug_str     0x0014a011      0x1d6 hpl/pmc/hpl_pmc.o
                             0x13b861 (size before relaxing)
 .debug_str     0x0014a1e7     0x101f hpl/spi/hpl_spi.o
                             0x13c673 (size before relaxing)
 .debug_str     0x0014b206       0xde hpl/systick/hpl_systick_ARMv7_base.o
                             0x13a7f6 (size before relaxing)
 .debug_str     0x0014b2e4      0x77b hpl/twihs/hpl_twihs.o
                             0x13b861 (size before relaxing)
 .debug_str     0x0014ba5f     0x1295 hpl/usart/hpl_usart.o
                             0x13ca84 (size before relaxing)
 .debug_str     0x0014ccf4      0x4e8 main.o
                             0x13f695 (size before relaxing)
 .debug_str     0x0014d1dc       0xf1 nRF24_driver.o
                             0x13f8eb (size before relaxing)
 .debug_str     0x0014d2cd       0x2b stdio_redirect/gcc/read.o
                             0x13e54a (size before relaxing)
 .debug_str     0x0014d2f8       0x2d stdio_redirect/gcc/write.o
                             0x13e54c (size before relaxing)
 .debug_str     0x0014d325       0x4b stdio_redirect/stdio_io.o
                             0x13e5d3 (size before relaxing)
 .debug_str     0x0014d370       0x3b stdio_start.o
                             0x13f1e4 (size before relaxing)

.debug_frame    0x00000000     0x2094
 .debug_frame   0x00000000       0x28 atmel_start.o
 .debug_frame   0x00000028       0x38 Device_Startup/startup_samv71q21b.o
 .debug_frame   0x00000060      0x108 driver_init.o
 .debug_frame   0x00000168       0x40 hal/src/hal_atomic.o
 .debug_frame   0x000001a8       0x68 hal/src/hal_delay.o
 .debug_frame   0x00000210       0xc4 hal/src/hal_ext_irq.o
 .debug_frame   0x000002d4      0x174 hal/src/hal_i2c_m_sync.o
 .debug_frame   0x00000448       0x58 hal/src/hal_io.o
 .debug_frame   0x000004a0      0x194 hal/src/hal_spi_m_sync.o
 .debug_frame   0x00000634      0x1f0 hal/src/hal_usart_sync.o
 .debug_frame   0x00000824       0x20 hal/utils/src/utils_assert.o
 .debug_frame   0x00000844       0xa8 hal/utils/src/utils_syscalls.o
 .debug_frame   0x000008ec       0xcc hpl/core/hpl_core_m7_base.o
 .debug_frame   0x000009b8       0x2c hpl/core/hpl_init.o
 .debug_frame   0x000009e4      0x118 hpl/pio/hpl_pio_ext.o
 .debug_frame   0x00000afc       0x48 hpl/pmc/hpl_pmc.o
 .debug_frame   0x00000b44      0x668 hpl/spi/hpl_spi.o
 .debug_frame   0x000011ac       0x78 hpl/systick/hpl_systick_ARMv7_base.o
 .debug_frame   0x00001224       0xf8 hpl/twihs/hpl_twihs.o
 .debug_frame   0x0000131c      0x594 hpl/usart/hpl_usart.o
 .debug_frame   0x000018b0       0x28 main.o
 .debug_frame   0x000018d8      0x134 nRF24_driver.o
 .debug_frame   0x00001a0c       0x2c stdio_redirect/gcc/read.o
 .debug_frame   0x00001a38       0x2c stdio_redirect/gcc/write.o
 .debug_frame   0x00001a64       0x6c stdio_redirect/stdio_io.o
 .debug_frame   0x00001ad0       0x40 stdio_start.o
 .debug_frame   0x00001b10       0x2c c:/program files (x86)/atmel/studio/7.0/toolchain/arm/arm-gnu-toolchain/bin/../lib/gcc/arm-none-eabi/6.3.1/../../../../arm-none-eabi/lib/thumb/v7e-m\libc_nano.a(lib_a-init.o)
 .debug_frame   0x00001b3c       0x30 c:/program files (x86)/atmel/studio/7.0/toolchain/arm/arm-gnu-toolchain/bin/../lib/gcc/arm-none-eabi/6.3.1/../../../../arm-none-eabi/lib/thumb/v7e-m\libc_nano.a(lib_a-malloc.o)
 .debug_frame   0x00001b6c       0x20 c:/program files (x86)/atmel/studio/7.0/toolchain/arm/arm-gnu-toolchain/bin/../lib/gcc/arm-none-eabi/6.3.1/../../../../arm-none-eabi/lib/thumb/v7e-m\libc_nano.a(lib_a-memset.o)
 .debug_frame   0x00001b8c       0x38 c:/program files (x86)/atmel/studio/7.0/toolchain/arm/arm-gnu-toolchain/bin/../lib/gcc/arm-none-eabi/6.3.1/../../../../arm-none-eabi/lib/thumb/v7e-m\libc_nano.a(lib_a-nano-freer.o)
 .debug_frame   0x00001bc4       0x2c c:/program files (x86)/atmel/studio/7.0/toolchain/arm/arm-gnu-toolchain/bin/../lib/gcc/arm-none-eabi/6.3.1/../../../../arm-none-eabi/lib/thumb/v7e-m\libc_nano.a(lib_a-nano-mallocr.o)
 .debug_frame   0x00001bf0       0x2c c:/program files (x86)/atmel/studio/7.0/toolchain/arm/arm-gnu-toolchain/bin/../lib/gcc/arm-none-eabi/6.3.1/../../../../arm-none-eabi/lib/thumb/v7e-m\libc_nano.a(lib_a-sbrkr.o)
 .debug_frame   0x00001c1c       0x20 c:/program files (x86)/atmel/studio/7.0/toolchain/arm/arm-gnu-toolchain/bin/../lib/gcc/arm-none-eabi/6.3.1/../../../../arm-none-eabi/lib/thumb/v7e-m\libc_nano.a(lib_a-setbuf.o)
 .debug_frame   0x00001c3c       0x38 c:/program files (x86)/atmel/studio/7.0/toolchain/arm/arm-gnu-toolchain/bin/../lib/gcc/arm-none-eabi/6.3.1/../../../../arm-none-eabi/lib/thumb/v7e-m\libc_nano.a(lib_a-setvbuf.o)
 .debug_frame   0x00001c74       0x68 c:/program files (x86)/atmel/studio/7.0/toolchain/arm/arm-gnu-toolchain/bin/../lib/gcc/arm-none-eabi/6.3.1/../../../../arm-none-eabi/lib/thumb/v7e-m\libc_nano.a(lib_a-fflush.o)
 .debug_frame   0x00001cdc      0x11c c:/program files (x86)/atmel/studio/7.0/toolchain/arm/arm-gnu-toolchain/bin/../lib/gcc/arm-none-eabi/6.3.1/../../../../arm-none-eabi/lib/thumb/v7e-m\libc_nano.a(lib_a-findfp.o)
 .debug_frame   0x00001df8       0x54 c:/program files (x86)/atmel/studio/7.0/toolchain/arm/arm-gnu-toolchain/bin/../lib/gcc/arm-none-eabi/6.3.1/../../../../arm-none-eabi/lib/thumb/v7e-m\libc_nano.a(lib_a-fwalk.o)
 .debug_frame   0x00001e4c       0x58 c:/program files (x86)/atmel/studio/7.0/toolchain/arm/arm-gnu-toolchain/bin/../lib/gcc/arm-none-eabi/6.3.1/../../../../arm-none-eabi/lib/thumb/v7e-m\libc_nano.a(lib_a-makebuf.o)
 .debug_frame   0x00001ea4       0x30 c:/program files (x86)/atmel/studio/7.0/toolchain/arm/arm-gnu-toolchain/bin/../lib/gcc/arm-none-eabi/6.3.1/../../../../arm-none-eabi/lib/thumb/v7e-m\libc_nano.a(lib_a-mlock.o)
 .debug_frame   0x00001ed4       0x5c c:/program files (x86)/atmel/studio/7.0/toolchain/arm/arm-gnu-toolchain/bin/../lib/gcc/arm-none-eabi/6.3.1/../../../../arm-none-eabi/lib/thumb/v7e-m\libc_nano.a(lib_a-reent.o)
 .debug_frame   0x00001f30       0x88 c:/program files (x86)/atmel/studio/7.0/toolchain/arm/arm-gnu-toolchain/bin/../lib/gcc/arm-none-eabi/6.3.1/../../../../arm-none-eabi/lib/thumb/v7e-m\libc_nano.a(lib_a-stdio.o)
 .debug_frame   0x00001fb8       0x2c c:/program files (x86)/atmel/studio/7.0/toolchain/arm/arm-gnu-toolchain/bin/../lib/gcc/arm-none-eabi/6.3.1/../../../../arm-none-eabi/lib/thumb/v7e-m\libc_nano.a(lib_a-writer.o)
 .debug_frame   0x00001fe4       0x2c c:/program files (x86)/atmel/studio/7.0/toolchain/arm/arm-gnu-toolchain/bin/../lib/gcc/arm-none-eabi/6.3.1/../../../../arm-none-eabi/lib/thumb/v7e-m\libc_nano.a(lib_a-closer.o)
 .debug_frame   0x00002010       0x2c c:/program files (x86)/atmel/studio/7.0/toolchain/arm/arm-gnu-toolchain/bin/../lib/gcc/arm-none-eabi/6.3.1/../../../../arm-none-eabi/lib/thumb/v7e-m\libc_nano.a(lib_a-fstatr.o)
 .debug_frame   0x0000203c       0x2c c:/program files (x86)/atmel/studio/7.0/toolchain/arm/arm-gnu-toolchain/bin/../lib/gcc/arm-none-eabi/6.3.1/../../../../arm-none-eabi/lib/thumb/v7e-m\libc_nano.a(lib_a-lseekr.o)
 .debug_frame   0x00002068       0x2c c:/program files (x86)/atmel/studio/7.0/toolchain/arm/arm-gnu-toolchain/bin/../lib/gcc/arm-none-eabi/6.3.1/../../../../arm-none-eabi/lib/thumb/v7e-m\libc_nano.a(lib_a-readr.o)
