Archive member included to satisfy reference by file (symbol)

c:/program files (x86)/atmel/studio/7.0/toolchain/arm/arm-gnu-toolchain/bin/../lib/gcc/arm-none-eabi/6.3.1/thumb/v7e-m\libgcc.a(_arm_addsubdf3.o)
                              BQ76925_driver.o (__aeabi_dsub)
c:/program files (x86)/atmel/studio/7.0/toolchain/arm/arm-gnu-toolchain/bin/../lib/gcc/arm-none-eabi/6.3.1/thumb/v7e-m\libgcc.a(_arm_muldivdf3.o)
                              ADC_driver.o (__aeabi_dmul)
c:/program files (x86)/atmel/studio/7.0/toolchain/arm/arm-gnu-toolchain/bin/../lib/gcc/arm-none-eabi/6.3.1/thumb/v7e-m\libgcc.a(_arm_cmpdf2.o)
                              motor_controller.o (__aeabi_dcmplt)
c:/program files (x86)/atmel/studio/7.0/toolchain/arm/arm-gnu-toolchain/bin/../lib/gcc/arm-none-eabi/6.3.1/thumb/v7e-m\libgcc.a(_arm_fixdfsi.o)
                              motor_controller.o (__aeabi_d2iz)
c:/program files (x86)/atmel/studio/7.0/toolchain/arm/arm-gnu-toolchain/bin/../lib/gcc/arm-none-eabi/6.3.1/thumb/v7e-m\libgcc.a(_arm_truncdfsf2.o)
                              ADC_driver.o (__aeabi_d2f)
c:/program files (x86)/atmel/studio/7.0/toolchain/arm/arm-gnu-toolchain/bin/../lib/gcc/arm-none-eabi/6.3.1/../../../../arm-none-eabi/lib/thumb/v7e-m\libc_nano.a(lib_a-exit.o)
                              c:/program files (x86)/atmel/studio/7.0/toolchain/arm/arm-gnu-toolchain/bin/../lib/gcc/arm-none-eabi/6.3.1/../../../../arm-none-eabi/lib/thumb/v7e-m/crt0.o (exit)
c:/program files (x86)/atmel/studio/7.0/toolchain/arm/arm-gnu-toolchain/bin/../lib/gcc/arm-none-eabi/6.3.1/../../../../arm-none-eabi/lib/thumb/v7e-m\libc_nano.a(lib_a-impure.o)
                              c:/program files (x86)/atmel/studio/7.0/toolchain/arm/arm-gnu-toolchain/bin/../lib/gcc/arm-none-eabi/6.3.1/../../../../arm-none-eabi/lib/thumb/v7e-m\libc_nano.a(lib_a-exit.o) (_global_impure_ptr)
c:/program files (x86)/atmel/studio/7.0/toolchain/arm/arm-gnu-toolchain/bin/../lib/gcc/arm-none-eabi/6.3.1/../../../../arm-none-eabi/lib/thumb/v7e-m\libc_nano.a(lib_a-init.o)
                              c:/program files (x86)/atmel/studio/7.0/toolchain/arm/arm-gnu-toolchain/bin/../lib/gcc/arm-none-eabi/6.3.1/../../../../arm-none-eabi/lib/thumb/v7e-m/crt0.o (__libc_init_array)
c:/program files (x86)/atmel/studio/7.0/toolchain/arm/arm-gnu-toolchain/bin/../lib/gcc/arm-none-eabi/6.3.1/../../../../arm-none-eabi/lib/thumb/v7e-m\libc_nano.a(lib_a-malloc.o)
                              bno085_driver.o (malloc)
c:/program files (x86)/atmel/studio/7.0/toolchain/arm/arm-gnu-toolchain/bin/../lib/gcc/arm-none-eabi/6.3.1/../../../../arm-none-eabi/lib/thumb/v7e-m\libc_nano.a(lib_a-memcpy-stub.o)
                              bno085_driver.o (memcpy)
c:/program files (x86)/atmel/studio/7.0/toolchain/arm/arm-gnu-toolchain/bin/../lib/gcc/arm-none-eabi/6.3.1/../../../../arm-none-eabi/lib/thumb/v7e-m\libc_nano.a(lib_a-memset.o)
                              c:/program files (x86)/atmel/studio/7.0/toolchain/arm/arm-gnu-toolchain/bin/../lib/gcc/arm-none-eabi/6.3.1/../../../../arm-none-eabi/lib/thumb/v7e-m/crt0.o (memset)
c:/program files (x86)/atmel/studio/7.0/toolchain/arm/arm-gnu-toolchain/bin/../lib/gcc/arm-none-eabi/6.3.1/../../../../arm-none-eabi/lib/thumb/v7e-m\libc_nano.a(lib_a-nano-freer.o)
                              c:/program files (x86)/atmel/studio/7.0/toolchain/arm/arm-gnu-toolchain/bin/../lib/gcc/arm-none-eabi/6.3.1/../../../../arm-none-eabi/lib/thumb/v7e-m\libc_nano.a(lib_a-malloc.o) (_free_r)
c:/program files (x86)/atmel/studio/7.0/toolchain/arm/arm-gnu-toolchain/bin/../lib/gcc/arm-none-eabi/6.3.1/../../../../arm-none-eabi/lib/thumb/v7e-m\libc_nano.a(lib_a-nano-mallocr.o)
                              c:/program files (x86)/atmel/studio/7.0/toolchain/arm/arm-gnu-toolchain/bin/../lib/gcc/arm-none-eabi/6.3.1/../../../../arm-none-eabi/lib/thumb/v7e-m\libc_nano.a(lib_a-malloc.o) (_malloc_r)
c:/program files (x86)/atmel/studio/7.0/toolchain/arm/arm-gnu-toolchain/bin/../lib/gcc/arm-none-eabi/6.3.1/../../../../arm-none-eabi/lib/thumb/v7e-m\libc_nano.a(lib_a-printf.o)
                              hal/utils/src/utils_syscalls.o (printf)
c:/program files (x86)/atmel/studio/7.0/toolchain/arm/arm-gnu-toolchain/bin/../lib/gcc/arm-none-eabi/6.3.1/../../../../arm-none-eabi/lib/thumb/v7e-m\libc_nano.a(lib_a-sbrkr.o)
                              c:/program files (x86)/atmel/studio/7.0/toolchain/arm/arm-gnu-toolchain/bin/../lib/gcc/arm-none-eabi/6.3.1/../../../../arm-none-eabi/lib/thumb/v7e-m\libc_nano.a(lib_a-nano-mallocr.o) (_sbrk_r)
c:/program files (x86)/atmel/studio/7.0/toolchain/arm/arm-gnu-toolchain/bin/../lib/gcc/arm-none-eabi/6.3.1/../../../../arm-none-eabi/lib/thumb/v7e-m\libc_nano.a(lib_a-strcmp.o)
                              bno085_driver.o (strcmp)
c:/program files (x86)/atmel/studio/7.0/toolchain/arm/arm-gnu-toolchain/bin/../lib/gcc/arm-none-eabi/6.3.1/../../../../arm-none-eabi/lib/thumb/v7e-m\libc_nano.a(lib_a-findfp.o)
[...]
Memory Configuration

Name             Origin             Length             Attributes
rom              0x00400000         0x00100000         xr
ram              0x20400000         0x00060000         xrw
*default*        0x00000000         0xffffffff

Linker script and memory map

LOAD c:/program files (x86)/atmel/studio/7.0/toolchain/arm/arm-gnu-toolchain/bin/../lib/gcc/arm-none-eabi/6.3.1/thumb/v7e-m/crti.o
LOAD c:/program files (x86)/atmel/studio/7.0/toolchain/arm/arm-gnu-toolchain/bin/../lib/gcc/arm-none-eabi/6.3.1/thumb/v7e-m/crtbegin.o
LOAD c:/program files (x86)/atmel/studio/7.0/toolchain/arm/arm-gnu-toolchain/bin/../lib/gcc/arm-none-eabi/6.3.1/../../../../arm-none-eabi/lib/thumb/v7e-m/crt0.o
LOAD ADC_driver.o
LOAD atmel_start.o
LOAD bno085_driver.o
LOAD BQ76925_driver.o
LOAD Device_Startup/startup_sams70n20b.o
LOAD Device_Startup/system_sams70n20b.o
LOAD driver_init.o
LOAD encoders.o
LOAD ESC_calibration.o
LOAD examples/driver_examples.o
LOAD hal/src/hal_adc_sync.o
LOAD hal/src/hal_atomic.o
LOAD hal/src/hal_delay.o
LOAD hal/src/hal_ext_irq.o
LOAD hal/src/hal_gpio.o
LOAD hal/src/hal_i2c_m_sync.o
LOAD hal/src/hal_init.o
LOAD hal/src/hal_io.o
LOAD hal/src/hal_pwm.o
LOAD hal/src/hal_sleep.o
LOAD hal/src/hal_spi_m_sync.o
LOAD hal/src/hal_timer.o
LOAD hal/src/hal_wdt.o
LOAD hal/utils/src/utils_assert.o
LOAD hal/utils/src/utils_event.o
LOAD hal/utils/src/utils_list.o
LOAD hal/utils/src/utils_syscalls.o
LOAD hpl/afec/hpl_afec.o
LOAD hpl/core/hpl_core_m7_base.o
LOAD hpl/core/hpl_init.o
LOAD hpl/pio/hpl_pio_ext.o
LOAD hpl/pmc/hpl_pmc.o
LOAD hpl/pmc/hpl_sleep.o
LOAD hpl/pwm/hpl_pwm.o
LOAD hpl/spi/hpl_spi.o
LOAD hpl/systick/hpl_systick_ARMv7_base.o
LOAD hpl/tc/hpl_tc.o
LOAD hpl/twihs/hpl_twihs.o
LOAD hpl/wdt/hpl_wdt.o
LOAD hpl/xdmac/hpl_xdmac.o
LOAD main.o
LOAD motor_controller.o
LOAD NPP.o
LOAD nRF24_driver.o
LOAD PWM_driver.o
LOAD timer_driver.o
START GROUP
LOAD c:/program files (x86)/atmel/studio/7.0/toolchain/arm/arm-gnu-toolchain/bin/../lib/gcc/arm-none-eabi/6.3.1/../../../../arm-none-eabi/lib/thumb/v7e-m\libm.a
END GROUP
START GROUP
LOAD c:/program files (x86)/atmel/studio/7.0/toolchain/arm/arm-gnu-toolchain/bin/../lib/gcc/arm-none-eabi/6.3.1/thumb/v7e-m\libgcc.a
LOAD c:/program files (x86)/atmel/studio/7.0/toolchain/arm/arm-gnu-toolchain/bin/../lib/gcc/arm-none-eabi/6.3.1/../../../../arm-none-eabi/lib/thumb/v7e-m\libc_nano.a
END GROUP
START GROUP
LOAD c:/program files (x86)/atmel/studio/7.0/toolchain/arm/arm-gnu-toolchain/bin/../lib/gcc/arm-none-eabi/6.3.1/thumb/v7e-m\libgcc.a
LOAD c:/program files (x86)/atmel/studio/7.0/toolchain/arm/arm-gnu-toolchain/bin/../lib/gcc/arm-none-eabi/6.3.1/../../../../arm-none-eabi/lib/thumb/v7e-m\libc_nano.a
END GROUP
LOAD c:/program files (x86)/atmel/studio/7.0/toolchain/arm/arm-gnu-toolchain/bin/../lib/gcc/arm-none-eabi/6.3.1/thumb/v7e-m/crtend.o
LOAD c:/program files (x86)/atmel/studio/7.0/toolchain/arm/arm-gnu-toolchain/bin/../lib/gcc/arm-none-eabi/6.3.1/thumb/v7e-m/crtn.o
                0x00000400                STACK_SIZE = DEFINED (STACK_SIZE)?STACK_SIZE:DEFINED (__stack_size__)?__stack_size__:0x400
                0x00000200                HEAP_SIZE = DEFINED (HEAP_SIZE)?HEAP_SIZE:DEFINED (__heap_size__)?__heap_size__:0x200

.text           0x00400000     0x2fd0
                0x00400000                . = ALIGN (0x4)
                0x00400000                _sfixed = .
 *(.vectors .vectors.*)
 .vectors       0x00400000      0x158 Device_Startup/startup_sams70n20b.o
                0x00400000                exception_table
 *(.text .text.* .gnu.linkonce.t.*)
 .text          0x00400158       0x6c c:/program files (x86)/atmel/studio/7.0/toolchain/arm/arm-gnu-toolchain/bin/../lib/gcc/arm-none-eabi/6.3.1/thumb/v7e-m/crtbegin.o
 .text.adc_init
                0x004001c4       0x24 ADC_driver.o
                0x004001c4                adc_init
 .text.adc_read
                0x004001e8       0x64 ADC_driver.o
                0x004001e8                adc_read
 .text.atmel_start_init
                0x0040024c        0xc atmel_start.o
                0x0040024c                atmel_start_init
 .text.Dummy_Handler
                0x00400258        0x2 Device_Startup/startup_sams70n20b.o
                0x00400258                DACC_Handler
                0x00400258                SVCall_Handler
                0x00400258                UART3_Handler
                0x00400258                UART2_Handler
                0x00400258                TRNG_Handler
                0x00400258                HardFault_Handler
                0x00400258                TC2_Handler
                0x00400258                SysTick_Handler
                0x00400258                AFEC1_Handler
                0x00400258                PendSV_Handler
                0x00400258                TC7_Handler
                0x00400258                QSPI_Handler
                0x00400258                NonMaskableInt_Handler
                0x00400258                ISI_Handler
                0x00400258                TC9_Handler
                0x00400258                RSWDT_Handler
                0x00400258                USART0_Handler
                0x00400258                RTT_Handler
                0x00400258                USBHS_Handler
                0x00400258                IXC_Handler
                0x00400258                CCF_Handler
                0x00400258                RTC_Handler
                0x00400258                UsageFault_Handler
                0x00400258                TC6_Handler
                0x00400258                WDT_Handler
                0x00400258                TC4_Handler
                0x00400258                TC1_Handler
                0x00400258                HSMCI_Handler
                0x00400258                UART1_Handler
                0x00400258                Dummy_Handler
                0x00400258                TWIHS1_Handler
                0x00400258                XDMAC_Handler
                0x00400258                UART4_Handler
                0x00400258                USART1_Handler
                0x00400258                AFEC0_Handler
                0x00400258                CCW_Handler
                0x00400258                SSC_Handler
                0x00400258                TC11_Handler
                0x00400258                ACC_Handler
                0x00400258                PMC_Handler
                0x00400258                SUPC_Handler
                0x00400258                TC8_Handler
                0x00400258                EFC_Handler
                0x00400258                USART2_Handler
                0x00400258                TC10_Handler
                0x00400258                PIOD_Handler
                0x00400258                TWIHS2_Handler
                0x00400258                I2SC0_Handler
                0x00400258                UART0_Handler
                0x00400258                FPU_Handler
                0x00400258                BusFault_Handler
                0x00400258                RSTC_Handler
                0x00400258                MemoryManagement_Handler
                0x00400258                DebugMonitor_Handler
                0x00400258                TC5_Handler
                0x00400258                ICM_Handler
                0x00400258                AES_Handler
                0x00400258                TWIHS0_Handler
                0x00400258                SPI0_Handler
 *fill*         0x0040025a        0x2 
 .text.Reset_Handler
                0x0040025c       0x68 Device_Startup/startup_sams70n20b.o
                0x0040025c                Reset_Handler
 .text.TIMER_0_init
                0x004002c4       0x38 driver_init.o
 .text.TIMER_1_init
                0x004002fc       0x38 driver_init.o
 .text.ADC_0_PORT_init
                0x00400334       0x20 driver_init.o
                0x00400334                ADC_0_PORT_init
 .text.ADC_0_CLOCK_init
                0x00400354       0x18 driver_init.o
                0x00400354                ADC_0_CLOCK_init
 .text.ADC_0_init
                0x0040036c       0x2c driver_init.o
                0x0040036c                ADC_0_init
 .text.EXTERNAL_IRQ_1_init
                0x00400398       0x14 driver_init.o
                0x00400398                EXTERNAL_IRQ_1_init
 .text.EXTERNAL_IRQ_0_init
                0x004003ac       0x50 driver_init.o
                0x004003ac                EXTERNAL_IRQ_0_init
 .text.PWM_0_PORT_init
                0x004003fc       0x64 driver_init.o
                0x004003fc                PWM_0_PORT_init
 .text.PWM_0_CLOCK_init
                0x00400460       0x18 driver_init.o
                0x00400460                PWM_0_CLOCK_init
 .text.PWM_0_init
                0x00400478       0x34 driver_init.o
                0x00400478                PWM_0_init
 .text.PWM_1_PORT_init
                0x004004ac       0x20 driver_init.o
                0x004004ac                PWM_1_PORT_init
 .text.PWM_1_CLOCK_init
                0x004004cc       0x1c driver_init.o
                0x004004cc                PWM_1_CLOCK_init
 .text.PWM_1_init
                0x004004e8       0x34 driver_init.o
                0x004004e8                PWM_1_init
 .text.SPI_0_PORT_init
                0x0040051c       0x4c driver_init.o
                0x0040051c                SPI_0_PORT_init
 .text.SPI_0_CLOCK_init
                0x00400568       0x18 driver_init.o
                0x00400568                SPI_0_CLOCK_init
 .text.SPI_0_init
                0x00400580       0x40 driver_init.o
                0x00400580                SPI_0_init
 .text.I2C_0_PORT_init
                0x004005c0       0x30 driver_init.o
                0x004005c0                I2C_0_PORT_init
 .text.I2C_0_CLOCK_init
                0x004005f0       0x18 driver_init.o
                0x004005f0                I2C_0_CLOCK_init
 .text.I2C_0_init
                0x00400608       0x28 driver_init.o
                0x00400608                I2C_0_init
 .text.delay_driver_init
                0x00400630       0x14 driver_init.o
                0x00400630                delay_driver_init
 .text.WDT_0_init
                0x00400644       0x2c driver_init.o
                0x00400644                WDT_0_init
 .text.system_init
                0x00400670      0x1dc driver_init.o
                0x00400670                system_init
 .text.adc_sync_init
                0x0040084c       0x30 hal/src/hal_adc_sync.o
                0x0040084c                adc_sync_init
 .text.adc_sync_enable_channel
                0x0040087c       0x2c hal/src/hal_adc_sync.o
                0x0040087c                adc_sync_enable_channel
 .text.adc_sync_read_channel
                0x004008a8       0xa0 hal/src/hal_adc_sync.o
                0x004008a8                adc_sync_read_channel
 .text.atomic_enter_critical
                0x00400948        0xe hal/src/hal_atomic.o
                0x00400948                atomic_enter_critical
 .text.atomic_leave_critical
                0x00400956        0xc hal/src/hal_atomic.o
                0x00400956                atomic_leave_critical
 *fill*         0x00400962        0x2 
 .text.delay_init
                0x00400964       0x14 hal/src/hal_delay.o
                0x00400964                delay_init
 .text.delay_us
                0x00400978       0x20 hal/src/hal_delay.o
                0x00400978                delay_us
 .text.delay_ms
                0x00400998       0x20 hal/src/hal_delay.o
                0x00400998                delay_ms
 .text.process_ext_irq
                0x004009b8       0x44 hal/src/hal_ext_irq.o
 .text.ext_irq_init
                0x004009fc       0x34 hal/src/hal_ext_irq.o
                0x004009fc                ext_irq_init
 .text.ext_irq_register
                0x00400a30       0xd0 hal/src/hal_ext_irq.o
                0x00400a30                ext_irq_register
 .text.i2c_m_sync_write
                0x00400b00       0x30 hal/src/hal_i2c_m_sync.o
 .text.i2c_m_sync_read
                0x00400b30       0x30 hal/src/hal_i2c_m_sync.o
 .text.i2c_m_sync_init
                0x00400b60       0x40 hal/src/hal_i2c_m_sync.o
                0x00400b60                i2c_m_sync_init
 .text.io_write
                0x00400ba0       0x30 hal/src/hal_io.o
                0x00400ba0                io_write
 .text.io_read  0x00400bd0       0x30 hal/src/hal_io.o
                0x00400bd0                io_read
 .text.pwm_period_expired
                0x00400c00        0xa hal/src/hal_pwm.o
 .text.pwm_detect_fault
                0x00400c0a        0xa hal/src/hal_pwm.o
 .text.pwm_init
                0x00400c14       0x44 hal/src/hal_pwm.o
                0x00400c14                pwm_init
 .text.pwm_enable
                0x00400c58       0x3c hal/src/hal_pwm.o
                0x00400c58                pwm_enable
 .text.spi_m_sync_set_func_ptr
                0x00400c94       0x20 hal/src/hal_spi_m_sync.o
                0x00400c94                spi_m_sync_set_func_ptr
 .text.spi_m_sync_init
                0x00400cb4       0x50 hal/src/hal_spi_m_sync.o
                0x00400cb4                spi_m_sync_init
 .text.spi_m_sync_enable
                0x00400d04       0x28 hal/src/hal_spi_m_sync.o
                0x00400d04                spi_m_sync_enable
 .text.spi_m_sync_transfer
                0x00400d2c       0x40 hal/src/hal_spi_m_sync.o
                0x00400d2c                spi_m_sync_transfer
 .text._spi_m_sync_io_write
                0x00400d6c       0x3c hal/src/hal_spi_m_sync.o
 .text._spi_m_sync_io_read
                0x00400da8       0x3c hal/src/hal_spi_m_sync.o
 .text.spi_m_sync_get_io_descriptor
                0x00400de4       0x2c hal/src/hal_spi_m_sync.o
                0x00400de4                spi_m_sync_get_io_descriptor
 .text.timer_add_timer_task
                0x00400e10       0x50 hal/src/hal_timer.o
 .text.timer_process_counted
                0x00400e60       0x68 hal/src/hal_timer.o
 .text.timer_init
                0x00400ec8       0x3c hal/src/hal_timer.o
                0x00400ec8                timer_init
 .text.timer_start
                0x00400f04       0x3c hal/src/hal_timer.o
                0x00400f04                timer_start
 .text.timer_add_task
                0x00400f40       0xa8 hal/src/hal_timer.o
                0x00400f40                timer_add_task
 .text.assert   0x00400fe8        0x6 hal/utils/src/utils_assert.o
                0x00400fe8                assert
 .text.is_list_element
                0x00400fee       0x14 hal/utils/src/utils_list.o
                0x00400fee                is_list_element
 *fill*         0x00401002        0x2 
 .text.list_insert_as_head
                0x00401004       0x2c hal/utils/src/utils_list.o
                0x00401004                list_insert_as_head
 .text.list_insert_after
                0x00401030        0x8 hal/utils/src/utils_list.o
                0x00401030                list_insert_after
 .text.list_remove_head
                0x00401038       0x10 hal/utils/src/utils_list.o
                0x00401038                list_remove_head
 .text._afec_init
                0x00401048       0x7c hpl/afec/hpl_afec.o
 .text._afec_get_hardware_index
                0x004010c4       0x34 hpl/afec/hpl_afec.o
 .text._afec_get_regs
                0x004010f8       0x2c hpl/afec/hpl_afec.o
 .text._adc_sync_init
                0x00401124       0x38 hpl/afec/hpl_afec.o
                0x00401124                _adc_sync_init
 .text._adc_sync_enable_channel
                0x0040115c        0xc hpl/afec/hpl_afec.o
                0x0040115c                _adc_sync_enable_channel
 .text._adc_sync_get_data_size
                0x00401168        0x4 hpl/afec/hpl_afec.o
                0x00401168                _adc_sync_get_data_size
 .text._adc_sync_is_channel_conversion_done
                0x0040116c       0x14 hpl/afec/hpl_afec.o
                0x0040116c                _adc_sync_is_channel_conversion_done
 .text._adc_sync_convert
                0x00401180        0x8 hpl/afec/hpl_afec.o
                0x00401180                _adc_sync_convert
 .text._adc_sync_read_channel_data
                0x00401188        0xc hpl/afec/hpl_afec.o
                0x00401188                _adc_sync_read_channel_data
 .text._irq_set
                0x00401194       0x20 hpl/core/hpl_core_m7_base.o
                0x00401194                _irq_set
 .text._get_cycles_for_us
                0x004011b4        0xa hpl/core/hpl_core_m7_base.o
                0x004011b4                _get_cycles_for_us
 .text._get_cycles_for_ms
                0x004011be       0x12 hpl/core/hpl_core_m7_base.o
                0x004011be                _get_cycles_for_ms
 .text._init_chip
                0x004011d0       0x54 hpl/core/hpl_init.o
                0x004011d0                _init_chip
 .text._ffs     0x00401224       0x30 hpl/pio/hpl_pio_ext.o
 .text._ext_irq_handler
                0x00401254       0xb0 hpl/pio/hpl_pio_ext.o
 .text._pio_get_hardware_index
                0x00401304       0x28 hpl/pio/hpl_pio_ext.o
 .text._pio_get_index
                0x0040132c       0x4c hpl/pio/hpl_pio_ext.o
 .text._pio_init
                0x00401378       0xc8 hpl/pio/hpl_pio_ext.o
 .text.PIOB_Handler
                0x00401440        0xc hpl/pio/hpl_pio_ext.o
                0x00401440                PIOB_Handler
 .text.PIOA_Handler
                0x0040144c        0xc hpl/pio/hpl_pio_ext.o
                0x0040144c                PIOA_Handler
 .text._ext_irq_init
                0x00401458       0x28 hpl/pio/hpl_pio_ext.o
                0x00401458                _ext_irq_init
 .text._ext_irq_enable
                0x00401480       0x60 hpl/pio/hpl_pio_ext.o
                0x00401480                _ext_irq_enable
 .text._pmc_init_sources
                0x004014e0       0x68 hpl/pmc/hpl_pmc.o
 .text._pmc_init_master_clock
                0x00401548       0x4c hpl/pmc/hpl_pmc.o
 .text._pmc_init
                0x00401594       0x14 hpl/pmc/hpl_pmc.o
                0x00401594                _pmc_init
 .text._pwm_get_cfg
                0x004015a8       0x30 hpl/pwm/hpl_pwm.o
 .text._pwm_init_irq_param
                0x004015d8       0x28 hpl/pwm/hpl_pwm.o
 .text._pwm_interrupt_handler
                0x00401600       0x10 hpl/pwm/hpl_pwm.o
 .text.PWM0_Handler
                0x00401610       0x14 hpl/pwm/hpl_pwm.o
                0x00401610                PWM0_Handler
 .text.PWM1_Handler
                0x00401624       0x14 hpl/pwm/hpl_pwm.o
                0x00401624                PWM1_Handler
 .text._pwm_init
                0x00401638      0x138 hpl/pwm/hpl_pwm.o
                0x00401638                _pwm_init
 .text._pwm_enable
                0x00401770       0x44 hpl/pwm/hpl_pwm.o
                0x00401770                _pwm_enable
 .text._pwm_is_enabled
                0x004017b4       0x30 hpl/pwm/hpl_pwm.o
                0x004017b4                _pwm_is_enabled
 .text._pwm_get_pwm
                0x004017e4        0x4 hpl/pwm/hpl_pwm.o
                0x004017e4                _pwm_get_pwm
 .text._spi_sync_enable
                0x004017e8        0x8 hpl/spi/hpl_spi.o
 .text._spi_get_hardware_index
                0x004017f0       0x18 hpl/spi/hpl_spi.o
 .text._spi_m_sync_init
                0x00401808       0xa8 hpl/spi/hpl_spi.o
                0x00401808                _spi_m_sync_init
 .text._spi_m_sync_enable
                0x004018b0       0x34 hpl/spi/hpl_spi.o
                0x004018b0                _spi_m_sync_enable
 .text._spi_m_sync_trans
                0x004018e4      0x100 hpl/spi/hpl_spi.o
                0x004018e4                _spi_m_sync_trans
 .text._spi_get_spi_m_sync
                0x004019e4        0x4 hpl/spi/hpl_spi.o
                0x004019e4                _spi_get_spi_m_sync
 .text._system_time_init
                0x004019e8       0x14 hpl/systick/hpl_systick_ARMv7_base.o
                0x004019e8                _system_time_init
 .text._delay_init
                0x004019fc        0xc hpl/systick/hpl_systick_ARMv7_base.o
                0x004019fc                _delay_init
 .text._delay_cycles
                0x00401a08       0x40 hpl/systick/hpl_systick_ARMv7_base.o
                0x00401a08                _delay_cycles
 .text.get_cfg  0x00401a48       0x3c hpl/tc/hpl_tc.o
 .text._tc_init_irq_param
                0x00401a84       0x28 hpl/tc/hpl_tc.o
 .text.tc_interrupt_handler
                0x00401aac       0x14 hpl/tc/hpl_tc.o
 .text._timer_init
                0x00401ac0       0xbc hpl/tc/hpl_tc.o
                0x00401ac0                _timer_init
 .text._timer_start
                0x00401b7c        0x8 hpl/tc/hpl_tc.o
                0x00401b7c                _timer_start
 .text._timer_is_started
                0x00401b84        0xa hpl/tc/hpl_tc.o
                0x00401b84                _timer_is_started
 *fill*         0x00401b8e        0x2 
 .text._timer_set_irq
                0x00401b90       0x18 hpl/tc/hpl_tc.o
                0x00401b90                _timer_set_irq
 .text._tc_get_timer
                0x00401ba8        0x4 hpl/tc/hpl_tc.o
                0x00401ba8                _tc_get_timer
 .text.TC0_Handler
                0x00401bac       0x14 hpl/tc/hpl_tc.o
                0x00401bac                TC0_Handler
 .text.TC3_Handler
                0x00401bc0       0x14 hpl/tc/hpl_tc.o
                0x00401bc0                TC3_Handler
 .text._get_i2cm_sync_cfg
                0x00401bd4       0x38 hpl/twihs/hpl_twihs.o
 .text._i2c_m_sync_init
                0x00401c0c       0x48 hpl/twihs/hpl_twihs.o
                0x00401c0c                _i2c_m_sync_init
 .text._i2c_m_sync_transfer
                0x00401c54      0x168 hpl/twihs/hpl_twihs.o
                0x00401c54                _i2c_m_sync_transfer
 .text._wdt_init
                0x00401dbc       0x34 hpl/wdt/hpl_wdt.o
                0x00401dbc                _wdt_init
 .text.main     0x00401df0      0x240 main.o
                0x00401df0                main
 .text.NPP_init
                0x00402030       0x30 NPP.o
                0x00402030                NPP_init
 .text.nRF24_write_to_register
                0x00402060       0x34 nRF24_driver.o
                0x00402060                nRF24_write_to_register
 .text.nRF24_write_to_register_multi_byte
                0x00402094       0x44 nRF24_driver.o
                0x00402094                nRF24_write_to_register_multi_byte
 .text.nRF24_read_from_register
                0x004020d8       0x40 nRF24_driver.o
                0x004020d8                nRF24_read_from_register
 .text.nRF24_send_SPI_command
                0x00402118       0x2c nRF24_driver.o
                0x00402118                nRF24_send_SPI_command
 .text.nRF24_receive_data
                0x00402144       0x80 nRF24_driver.o
                0x00402144                nRF24_receive_data
 .text.nRF24_init
                0x004021c4       0xb4 nRF24_driver.o
                0x004021c4                nRF24_init
 .text.nRF_24_is_data_available
                0x00402278       0x28 nRF24_driver.o
                0x00402278                nRF_24_is_data_available
 .text.nRF24_enter_receive
                0x004022a0       0x58 nRF24_driver.o
                0x004022a0                nRF24_enter_receive
 .text.set_pwm_channel
                0x004022f8       0x18 PWM_driver.o
                0x004022f8                set_pwm_channel
 .text.set_pwm_motor_0
                0x00402310       0x18 PWM_driver.o
                0x00402310                set_pwm_motor_0
 .text.set_pwm_motor_1
                0x00402328       0x18 PWM_driver.o
                0x00402328                set_pwm_motor_1
 .text.set_pwm_motor_2
                0x00402340       0x18 PWM_driver.o
                0x00402340                set_pwm_motor_2
 .text.set_pwm_motor_3
                0x00402358       0x18 PWM_driver.o
                0x00402358                set_pwm_motor_3
 .text.set_pwm_dribbler_motor
                0x00402370       0x18 PWM_driver.o
                0x00402370                set_pwm_dribbler_motor
 .text.timer_task_PID_cb
                0x00402388        0xc timer_driver.o
                0x00402388                timer_task_PID_cb
 .text.timer_task_ADC_cb
                0x00402394        0xc timer_driver.o
                0x00402394                timer_task_ADC_cb
 .text.initialize_task_PID
                0x004023a0       0x34 timer_driver.o
                0x004023a0                initialize_task_PID
 .text.initialize_task_ADC
                0x004023d4       0x34 timer_driver.o
                0x004023d4                initialize_task_ADC
 .text          0x00402408      0x370 c:/program files (x86)/atmel/studio/7.0/toolchain/arm/arm-gnu-toolchain/bin/../lib/gcc/arm-none-eabi/6.3.1/thumb/v7e-m\libgcc.a(_arm_addsubdf3.o)
                0x00402408                __aeabi_drsub
                0x00402410                __aeabi_dsub
                0x00402410                __subdf3
                0x00402414                __aeabi_dadd
                0x00402414                __adddf3
                0x0040268c                __floatunsidf
                0x0040268c                __aeabi_ui2d
                0x004026ac                __floatsidf
                0x004026ac                __aeabi_i2d
                0x004026d0                __aeabi_f2d
                0x004026d0                __extendsfdf2
                0x0040270c                __floatundidf
                0x0040270c                __aeabi_ul2d
                0x0040271c                __floatdidf
                0x0040271c                __aeabi_l2d
 .text          0x00402778      0x424 c:/program files (x86)/atmel/studio/7.0/toolchain/arm/arm-gnu-toolchain/bin/../lib/gcc/arm-none-eabi/6.3.1/thumb/v7e-m\libgcc.a(_arm_muldivdf3.o)
                0x00402778                __aeabi_dmul
                0x00402778                __muldf3
                0x004029cc                __divdf3
                0x004029cc                __aeabi_ddiv
 .text          0x00402b9c       0xa0 c:/program files (x86)/atmel/studio/7.0/toolchain/arm/arm-gnu-toolchain/bin/../lib/gcc/arm-none-eabi/6.3.1/thumb/v7e-m\libgcc.a(_arm_truncdfsf2.o)
                0x00402b9c                __truncdfsf2
                0x00402b9c                __aeabi_d2f
 .text.__libc_init_array
                0x00402c3c       0x48 c:/program files (x86)/atmel/studio/7.0/toolchain/arm/arm-gnu-toolchain/bin/../lib/gcc/arm-none-eabi/6.3.1/../../../../arm-none-eabi/lib/thumb/v7e-m\libc_nano.a(lib_a-init.o)
                0x00402c3c                __libc_init_array
 .text.memset   0x00402c84       0x10 c:/program files (x86)/atmel/studio/7.0/toolchain/arm/arm-gnu-toolchain/bin/../lib/gcc/arm-none-eabi/6.3.1/../../../../arm-none-eabi/lib/thumb/v7e-m\libc_nano.a(lib_a-memset.o)
                0x00402c84                memset
 *(.glue_7t)
 .glue_7t       0x00402c94        0x0 linker stubs
 *(.glue_7)
 .glue_7        0x00402c94        0x0 linker stubs
 *(.rodata .rodata* .gnu.linkonce.r.*)
 .rodata.str1.4
                0x00402c94       0x19 driver_init.o
 *fill*         0x00402cad        0x3 
 .rodata.str1.4
                0x00402cb0       0x1a hal/src/hal_adc_sync.o
 *fill*         0x00402cca        0x2 
 .rodata.str1.4
                0x00402ccc       0x1c hal/src/hal_i2c_m_sync.o
 .rodata.str1.4
                0x00402ce8       0x14 hal/src/hal_io.o
 .rodata.str1.4
                0x00402cfc       0x15 hal/src/hal_pwm.o
 *fill*         0x00402d11        0x3 
 .rodata.str1.4
                0x00402d14       0x1c hal/src/hal_spi_m_sync.o
 .rodata.str1.4
                0x00402d30       0x17 hal/src/hal_timer.o
 *fill*         0x00402d47        0x1 
 .rodata.str1.4
                0x00402d48       0x1e hal/utils/src/utils_list.o
 *fill*         0x00402d66        0x2 
 .rodata        0x00402d68       0x64 hpl/afec/hpl_afec.o
 .rodata.str1.4
                0x00402dcc       0x17 hpl/afec/hpl_afec.o
 *fill*         0x00402de3        0x1 
 .rodata        0x00402de4       0x3b hpl/pio/hpl_pio_ext.o
 *fill*         0x00402e1f        0x1 
 .rodata.str1.4
                0x00402e20       0x19 hpl/pio/hpl_pio_ext.o
 *fill*         0x00402e39        0x3 
 .rodata        0x00402e3c       0xc8 hpl/pwm/hpl_pwm.o
 .rodata.str1.4
                0x00402f04       0x15 hpl/pwm/hpl_pwm.o
 *fill*         0x00402f19        0x3 
 .rodata        0x00402f1c       0x14 hpl/spi/hpl_spi.o
 .rodata.str1.4
                0x00402f30       0x15 hpl/spi/hpl_spi.o
 *fill*         0x00402f45        0x3 
 .rodata.str1.4
                0x00402f48       0x13 hpl/tc/hpl_tc.o
 *fill*         0x00402f5b        0x1 
 .rodata        0x00402f5c       0x18 hpl/twihs/hpl_twihs.o
 .rodata.str1.4
                0x00402f74       0x19 hpl/twihs/hpl_twihs.o
 *fill*         0x00402f8d        0x3 
 .rodata.str1.4
                0x00402f90       0x18 hpl/wdt/hpl_wdt.o
                                 0x15 (size before relaxing)
 .rodata        0x00402fa8        0x5 nRF24_driver.o
 *(.ARM.extab* .gnu.linkonce.armextab.*)
                0x00402fb0                . = ALIGN (0x4)
 *fill*         0x00402fad        0x3 
 *(.init)
 .init          0x00402fb0        0x4 c:/program files (x86)/atmel/studio/7.0/toolchain/arm/arm-gnu-toolchain/bin/../lib/gcc/arm-none-eabi/6.3.1/thumb/v7e-m/crti.o
                0x00402fb0                _init
 .init          0x00402fb4        0x8 c:/program files (x86)/atmel/studio/7.0/toolchain/arm/arm-gnu-toolchain/bin/../lib/gcc/arm-none-eabi/6.3.1/thumb/v7e-m/crtn.o
                0x00402fbc                . = ALIGN (0x4)
                0x00402fbc                __preinit_array_start = .
 *(.preinit_array)
                0x00402fbc                __preinit_array_end = .
                0x00402fbc                . = ALIGN (0x4)
                0x00402fbc                __init_array_start = .
 *(SORT(.init_array.*))
 *(.init_array)
 .init_array    0x00402fbc        0x4 c:/program files (x86)/atmel/studio/7.0/toolchain/arm/arm-gnu-toolchain/bin/../lib/gcc/arm-none-eabi/6.3.1/thumb/v7e-m/crtbegin.o
                0x00402fc0                __init_array_end = .
                0x00402fc0                . = ALIGN (0x4)
 *crtbegin.o(.ctors)
 *(EXCLUDE_FILE(*crtend.o) .ctors)
 *(SORT(.ctors.*))
 *crtend.o(.ctors)
                0x00402fc0                . = ALIGN (0x4)
 *(.fini)
 .fini          0x00402fc0        0x4 c:/program files (x86)/atmel/studio/7.0/toolchain/arm/arm-gnu-toolchain/bin/../lib/gcc/arm-none-eabi/6.3.1/thumb/v7e-m/crti.o
                0x00402fc0                _fini
 .fini          0x00402fc4        0x8 c:/program files (x86)/atmel/studio/7.0/toolchain/arm/arm-gnu-toolchain/bin/../lib/gcc/arm-none-eabi/6.3.1/thumb/v7e-m/crtn.o
                0x00402fcc                . = ALIGN (0x4)
                0x00402fcc                __fini_array_start = .
 *(.fini_array)
 .fini_array    0x00402fcc        0x4 c:/program files (x86)/atmel/studio/7.0/toolchain/arm/arm-gnu-toolchain/bin/../lib/gcc/arm-none-eabi/6.3.1/thumb/v7e-m/crtbegin.o
 *(SORT(.fini_array.*))
                0x00402fd0                __fini_array_end = .
 *crtbegin.o(.dtors)
 *(EXCLUDE_FILE(*crtend.o) .dtors)
 *(SORT(.dtors.*))
 *crtend.o(.dtors)
                0x00402fd0                . = ALIGN (0x4)
                0x00402fd0                _efixed = .
                [!provide]                PROVIDE (__exidx_start, .)

.vfp11_veneer   0x00402fd0        0x0
 .vfp11_veneer  0x00402fd0        0x0 linker stubs

.v4_bx          0x00402fd0        0x0
 .v4_bx         0x00402fd0        0x0 linker stubs

.iplt           0x00402fd0        0x0
 .iplt          0x00402fd0        0x0 c:/program files (x86)/atmel/studio/7.0/toolchain/arm/arm-gnu-toolchain/bin/../lib/gcc/arm-none-eabi/6.3.1/thumb/v7e-m/crtbegin.o

.eh_frame       0x00402fd0        0x0
 .eh_frame      0x00402fd0        0x0 c:/program files (x86)/atmel/studio/7.0/toolchain/arm/arm-gnu-toolchain/bin/../lib/gcc/arm-none-eabi/6.3.1/thumb/v7e-m/crtbegin.o

.rel.dyn        0x00402fd0        0x0
 .rel.iplt      0x00402fd0        0x0 c:/program files (x86)/atmel/studio/7.0/toolchain/arm/arm-gnu-toolchain/bin/../lib/gcc/arm-none-eabi/6.3.1/thumb/v7e-m/crtbegin.o

.jcr            0x00402fd0        0x0
 .jcr           0x00402fd0        0x0 c:/program files (x86)/atmel/studio/7.0/toolchain/arm/arm-gnu-toolchain/bin/../lib/gcc/arm-none-eabi/6.3.1/thumb/v7e-m/crtbegin.o

.igot.plt       0x00402fd0        0x0
 .igot.plt      0x00402fd0        0x0 c:/program files (x86)/atmel/studio/7.0/toolchain/arm/arm-gnu-toolchain/bin/../lib/gcc/arm-none-eabi/6.3.1/thumb/v7e-m/crtbegin.o

.ARM.exidx
 *(.ARM.exidx* .gnu.linkonce.armexidx.*)
                [!provide]                PROVIDE (__exidx_end, .)
                0x00402fd0                . = ALIGN (0x4)
                0x00402fd0                _etext = .

.relocate       0x20400000       0x48 load address 0x00402fd0
                0x20400000                . = ALIGN (0x4)
                0x20400000                _srelocate = .
 *(.ramfunc .ramfunc.*)
 *(.data .data.*)
 .data          0x20400000       0x48 hpl/tc/hpl_tc.o
                0x20400048                . = ALIGN (0x4)
                0x20400048                _erelocate = .

.bss            0x20400048      0x160 load address 0x00403018
                0x20400048                . = ALIGN (0x4)
                0x20400048                _sbss = .
                0x20400048                _szero = .
 *(.bss .bss.*)
 .bss           0x20400048       0x1c c:/program files (x86)/atmel/studio/7.0/toolchain/arm/arm-gnu-toolchain/bin/../lib/gcc/arm-none-eabi/6.3.1/thumb/v7e-m/crtbegin.o
 .bss           0x20400064        0x4 hal/src/hal_delay.o
 .bss           0x20400068       0x30 hal/src/hal_ext_irq.o
 .bss           0x20400098        0x4 hpl/pio/hpl_pio_ext.o
 .bss           0x2040009c       0x20 hpl/pwm/hpl_pwm.o
 .bss           0x204000bc        0x8 hpl/tc/hpl_tc.o
 .bss           0x204000c4        0x2 timer_driver.o
                0x204000c4                time_to_pid
                0x204000c5                time_to_adc
 *(COMMON)
 *fill*         0x204000c6        0x2 
 COMMON         0x204000c8       0xb0 driver_init.o
                0x204000c8                PWM_0
                0x204000e4                ADC_0
                0x204000e8                WDT_0
                0x204000ec                TIMER_1
                0x20400108                SPI_0
                0x20400120                PWM_1
                0x2040013c                I2C_0
                0x2040015c                TIMER_0
 COMMON         0x20400178       0x28 main.o
                0x20400178                task_0
                0x2040018c                task_1
 COMMON         0x204001a0        0x8 nRF24_driver.o
                0x204001a0                global_data_pointer
                0x204001a4                spi_0_io
                0x204001a8                . = ALIGN (0x4)
                0x204001a8                _ebss = .
                0x204001a8                _ezero = .

.heap           0x204001a8      0x200 load address 0x00403178
                0x204001a8                . = ALIGN (0x8)
                0x204001a8                _sheap = .
                0x204003a8                . = (. + HEAP_SIZE)
 *fill*         0x204001a8      0x200 
                0x204003a8                . = ALIGN (0x8)
                0x204003a8                _eheap = .

.stack          0x204003a8      0x400 load address 0x00403378
                0x204003a8                . = ALIGN (0x8)
                0x204003a8                _sstack = .
                0x204007a8                . = (. + STACK_SIZE)
 *fill*         0x204003a8      0x400 
                0x204007a8                . = ALIGN (0x8)
                0x204007a8                _estack = .
                0x204007a8                . = ALIGN (0x4)
                0x204007a8                _end = .
                0x2045ffff                _ram_end_ = ((ORIGIN (ram) + LENGTH (ram)) - 0x1)
OUTPUT(Robot_Firmware_v17.4.elf elf32-littlearm)

.ARM.attributes
                0x00000000       0x2e
 .ARM.attributes
                0x00000000       0x1e c:/program files (x86)/atmel/studio/7.0/toolchain/arm/arm-gnu-toolchain/bin/../lib/gcc/arm-none-eabi/6.3.1/thumb/v7e-m/crti.o
 .ARM.attributes
                0x0000001e       0x2e c:/program files (x86)/atmel/studio/7.0/toolchain/arm/arm-gnu-toolchain/bin/../lib/gcc/arm-none-eabi/6.3.1/thumb/v7e-m/crtbegin.o
 .ARM.attributes
                0x0000004c       0x37 ADC_driver.o
 .ARM.attributes
                0x00000083       0x37 atmel_start.o
 .ARM.attributes
                0x000000ba       0x37 Device_Startup/startup_sams70n20b.o
 .ARM.attributes
                0x000000f1       0x37 driver_init.o
 .ARM.attributes
                0x00000128       0x37 hal/src/hal_adc_sync.o
 .ARM.attributes
                0x0000015f       0x37 hal/src/hal_atomic.o
 .ARM.attributes
                0x00000196       0x37 hal/src/hal_delay.o
 .ARM.attributes
                0x000001cd       0x37 hal/src/hal_ext_irq.o
 .ARM.attributes
                0x00000204       0x37 hal/src/hal_i2c_m_sync.o
 .ARM.attributes
                0x0000023b       0x37 hal/src/hal_io.o
 .ARM.attributes
                0x00000272       0x37 hal/src/hal_pwm.o
 .ARM.attributes
                0x000002a9       0x37 hal/src/hal_spi_m_sync.o
 .ARM.attributes
                0x000002e0       0x37 hal/src/hal_timer.o
 .ARM.attributes
                0x00000317       0x37 hal/utils/src/utils_assert.o
 .ARM.attributes
                0x0000034e       0x37 hal/utils/src/utils_list.o
 .ARM.attributes
                0x00000385       0x37 hpl/afec/hpl_afec.o
 .ARM.attributes
                0x000003bc       0x37 hpl/core/hpl_core_m7_base.o
 .ARM.attributes
                0x000003f3       0x37 hpl/core/hpl_init.o
 .ARM.attributes
                0x0000042a       0x37 hpl/pio/hpl_pio_ext.o
 .ARM.attributes
                0x00000461       0x37 hpl/pmc/hpl_pmc.o
 .ARM.attributes
                0x00000498       0x37 hpl/pwm/hpl_pwm.o
 .ARM.attributes
                0x000004cf       0x37 hpl/spi/hpl_spi.o
 .ARM.attributes
                0x00000506       0x37 hpl/systick/hpl_systick_ARMv7_base.o
 .ARM.attributes
                0x0000053d       0x37 hpl/tc/hpl_tc.o
 .ARM.attributes
                0x00000574       0x37 hpl/twihs/hpl_twihs.o
 .ARM.attributes
                0x000005ab       0x37 hpl/wdt/hpl_wdt.o
 .ARM.attributes
                0x000005e2       0x37 main.o
 .ARM.attributes
                0x00000619       0x37 NPP.o
 .ARM.attributes
                0x00000650       0x37 nRF24_driver.o
 .ARM.attributes
                0x00000687       0x37 PWM_driver.o
 .ARM.attributes
                0x000006be       0x37 timer_driver.o
 .ARM.attributes
                0x000006f5       0x1e c:/program files (x86)/atmel/studio/7.0/toolchain/arm/arm-gnu-toolchain/bin/../lib/gcc/arm-none-eabi/6.3.1/thumb/v7e-m\libgcc.a(_arm_addsubdf3.o)
 .ARM.attributes
                0x00000713       0x1e c:/program files (x86)/atmel/studio/7.0/toolchain/arm/arm-gnu-toolchain/bin/../lib/gcc/arm-none-eabi/6.3.1/thumb/v7e-m\libgcc.a(_arm_muldivdf3.o)
 .ARM.attributes
                0x00000731       0x1e c:/program files (x86)/atmel/studio/7.0/toolchain/arm/arm-gnu-toolchain/bin/../lib/gcc/arm-none-eabi/6.3.1/thumb/v7e-m\libgcc.a(_arm_truncdfsf2.o)
 .ARM.attributes
                0x0000074f       0x2e c:/program files (x86)/atmel/studio/7.0/toolchain/arm/arm-gnu-toolchain/bin/../lib/gcc/arm-none-eabi/6.3.1/../../../../arm-none-eabi/lib/thumb/v7e-m\libc_nano.a(lib_a-init.o)
 .ARM.attributes
                0x0000077d       0x2e c:/program files (x86)/atmel/studio/7.0/toolchain/arm/arm-gnu-toolchain/bin/../lib/gcc/arm-none-eabi/6.3.1/../../../../arm-none-eabi/lib/thumb/v7e-m\libc_nano.a(lib_a-memset.o)
 .ARM.attributes
                0x000007ab       0x1e c:/program files (x86)/atmel/studio/7.0/toolchain/arm/arm-gnu-toolchain/bin/../lib/gcc/arm-none-eabi/6.3.1/thumb/v7e-m/crtn.o

.comment        0x00000000       0x59
 .comment       0x00000000       0x59 ADC_driver.o
                                 0x5a (size before relaxing)
 .comment       0x00000059       0x5a atmel_start.o
 .comment       0x00000059       0x5a Device_Startup/startup_sams70n20b.o
 .comment       0x00000059       0x5a driver_init.o
 .comment       0x00000059       0x5a hal/src/hal_adc_sync.o
 .comment       0x00000059       0x5a hal/src/hal_atomic.o
 .comment       0x00000059       0x5a hal/src/hal_delay.o
 .comment       0x00000059       0x5a hal/src/hal_ext_irq.o
 .comment       0x00000059       0x5a hal/src/hal_i2c_m_sync.o
 .comment       0x00000059       0x5a hal/src/hal_io.o
 .comment       0x00000059       0x5a hal/src/hal_pwm.o
 .comment       0x00000059       0x5a hal/src/hal_spi_m_sync.o
 .comment       0x00000059       0x5a hal/src/hal_timer.o
 .comment       0x00000059       0x5a hal/utils/src/utils_assert.o
 .comment       0x00000059       0x5a hal/utils/src/utils_list.o
 .comment       0x00000059       0x5a hpl/afec/hpl_afec.o
 .comment       0x00000059       0x5a hpl/core/hpl_core_m7_base.o
 .comment       0x00000059       0x5a hpl/core/hpl_init.o
 .comment       0x00000059       0x5a hpl/pio/hpl_pio_ext.o
 .comment       0x00000059       0x5a hpl/pmc/hpl_pmc.o
 .comment       0x00000059       0x5a hpl/pwm/hpl_pwm.o
 .comment       0x00000059       0x5a hpl/spi/hpl_spi.o
 .comment       0x00000059       0x5a hpl/systick/hpl_systick_ARMv7_base.o
 .comment       0x00000059       0x5a hpl/tc/hpl_tc.o
 .comment       0x00000059       0x5a hpl/twihs/hpl_twihs.o
 .comment       0x00000059       0x5a hpl/wdt/hpl_wdt.o
 .comment       0x00000059       0x5a main.o
 .comment       0x00000059       0x5a NPP.o
 .comment       0x00000059       0x5a nRF24_driver.o
 .comment       0x00000059       0x5a PWM_driver.o
 .comment       0x00000059       0x5a timer_driver.o

.debug_info     0x00000000    0x21844
 .debug_info    0x00000000     0x1016 ADC_driver.o
 .debug_info    0x00001016      0x62f atmel_start.o
 .debug_info    0x00001645      0xae4 Device_Startup/startup_sams70n20b.o
 .debug_info    0x00002129     0x6d0b driver_init.o
 .debug_info    0x00008e34      0xbee hal/src/hal_adc_sync.o
 .debug_info    0x00009a22      0x1fa hal/src/hal_atomic.o
 .debug_info    0x00009c1c      0x205 hal/src/hal_delay.o
 .debug_info    0x00009e21      0x38a hal/src/hal_ext_irq.o
 .debug_info    0x0000a1ab      0x89f hal/src/hal_i2c_m_sync.o
 .debug_info    0x0000aa4a      0x311 hal/src/hal_io.o
 .debug_info    0x0000ad5b      0x818 hal/src/hal_pwm.o
 .debug_info    0x0000b573      0xa9e hal/src/hal_spi_m_sync.o
 .debug_info    0x0000c011      0xc5c hal/src/hal_timer.o
 .debug_info    0x0000cc6d      0x130 hal/utils/src/utils_assert.o
 .debug_info    0x0000cd9d      0x33e hal/utils/src/utils_list.o
 .debug_info    0x0000d0db     0x24b4 hpl/afec/hpl_afec.o
 .debug_info    0x0000f58f      0xcdb hpl/core/hpl_core_m7_base.o
 .debug_info    0x0001026a      0x6be hpl/core/hpl_init.o
 .debug_info    0x00010928     0x12f4 hpl/pio/hpl_pio_ext.o
 .debug_info    0x00011c1c      0x8f4 hpl/pmc/hpl_pmc.o
 .debug_info    0x00012510     0x1dd7 hpl/pwm/hpl_pwm.o
 .debug_info    0x000142e7     0x2e65 hpl/spi/hpl_spi.o
 .debug_info    0x0001714c      0x289 hpl/systick/hpl_systick_ARMv7_base.o
 .debug_info    0x000173d5     0x1373 hpl/tc/hpl_tc.o
 .debug_info    0x00018748      0xe70 hpl/twihs/hpl_twihs.o
 .debug_info    0x000195b8      0x4c3 hpl/wdt/hpl_wdt.o
 .debug_info    0x00019a7b     0x2081 main.o
 .debug_info    0x0001bafc     0x18d9 NPP.o
 .debug_info    0x0001d3d5     0x2583 nRF24_driver.o
 .debug_info    0x0001f958      0xdf5 PWM_driver.o
 .debug_info    0x0002074d     0x10f7 timer_driver.o

.debug_abbrev   0x00000000     0x440c
 .debug_abbrev  0x00000000      0x200 ADC_driver.o
 .debug_abbrev  0x00000200      0x104 atmel_start.o
 .debug_abbrev  0x00000304      0x153 Device_Startup/startup_sams70n20b.o
 .debug_abbrev  0x00000457      0x385 driver_init.o
 .debug_abbrev  0x000007dc      0x177 hal/src/hal_adc_sync.o
 .debug_abbrev  0x00000953      0x155 hal/src/hal_atomic.o
 .debug_abbrev  0x00000aa8       0xf9 hal/src/hal_delay.o
 .debug_abbrev  0x00000ba1      0x191 hal/src/hal_ext_irq.o
 .debug_abbrev  0x00000d32      0x1b7 hal/src/hal_i2c_m_sync.o
 .debug_abbrev  0x00000ee9      0x12d hal/src/hal_io.o
 .debug_abbrev  0x00001016      0x198 hal/src/hal_pwm.o
 .debug_abbrev  0x000011ae      0x1c9 hal/src/hal_spi_m_sync.o
 .debug_abbrev  0x00001377      0x232 hal/src/hal_timer.o
 .debug_abbrev  0x000015a9       0x9e hal/utils/src/utils_assert.o
 .debug_abbrev  0x00001647      0x186 hal/utils/src/utils_list.o
 .debug_abbrev  0x000017cd      0x3db hpl/afec/hpl_afec.o
 .debug_abbrev  0x00001ba8      0x293 hpl/core/hpl_core_m7_base.o
 .debug_abbrev  0x00001e3b      0x1e7 hpl/core/hpl_init.o
 .debug_abbrev  0x00002022      0x371 hpl/pio/hpl_pio_ext.o
 .debug_abbrev  0x00002393      0x1b7 hpl/pmc/hpl_pmc.o
 .debug_abbrev  0x0000254a      0x348 hpl/pwm/hpl_pwm.o
 .debug_abbrev  0x00002892      0x43e hpl/spi/hpl_spi.o
 .debug_abbrev  0x00002cd0      0x174 hpl/systick/hpl_systick_ARMv7_base.o
 .debug_abbrev  0x00002e44      0x3a4 hpl/tc/hpl_tc.o
 .debug_abbrev  0x000031e8      0x2b4 hpl/twihs/hpl_twihs.o
 .debug_abbrev  0x0000349c      0x1b1 hpl/wdt/hpl_wdt.o
 .debug_abbrev  0x0000364d      0x341 main.o
 .debug_abbrev  0x0000398e      0x2ef NPP.o
 .debug_abbrev  0x00003c7d      0x35e nRF24_driver.o
 .debug_abbrev  0x00003fdb      0x203 PWM_driver.o
 .debug_abbrev  0x000041de      0x22e timer_driver.o

.debug_loc      0x00000000     0xc6d6
 .debug_loc     0x00000000       0xa5 ADC_driver.o
 .debug_loc     0x000000a5       0x20 atmel_start.o
 .debug_loc     0x000000c5       0x78 Device_Startup/startup_sams70n20b.o
 .debug_loc     0x0000013d     0x2980 driver_init.o
 .debug_loc     0x00002abd      0x85b hal/src/hal_adc_sync.o
 .debug_loc     0x00003318       0x13 hal/src/hal_atomic.o
 .debug_loc     0x0000332b       0xc3 hal/src/hal_delay.o
 .debug_loc     0x000033ee      0x361 hal/src/hal_ext_irq.o
 .debug_loc     0x0000374f      0x764 hal/src/hal_i2c_m_sync.o
 .debug_loc     0x00003eb3      0x132 hal/src/hal_io.o
 .debug_loc     0x00003fe5      0x39c hal/src/hal_pwm.o
 .debug_loc     0x00004381      0x6a5 hal/src/hal_spi_m_sync.o
 .debug_loc     0x00004a26      0x5fb hal/src/hal_timer.o
 .debug_loc     0x00005021      0x24b hal/utils/src/utils_list.o
 .debug_loc     0x0000526c     0x1253 hpl/afec/hpl_afec.o
 .debug_loc     0x000064bf      0x23a hpl/core/hpl_core_m7_base.o
 .debug_loc     0x000066f9       0x77 hpl/core/hpl_init.o
 .debug_loc     0x00006770      0x66f hpl/pio/hpl_pio_ext.o
 .debug_loc     0x00006ddf      0x222 hpl/pmc/hpl_pmc.o
 .debug_loc     0x00007001      0xaf4 hpl/pwm/hpl_pwm.o
 .debug_loc     0x00007af5     0x2261 hpl/spi/hpl_spi.o
 .debug_loc     0x00009d56      0x127 hpl/systick/hpl_systick_ARMv7_base.o
 .debug_loc     0x00009e7d      0x686 hpl/tc/hpl_tc.o
 .debug_loc     0x0000a503      0x8ef hpl/twihs/hpl_twihs.o
 .debug_loc     0x0000adf2      0x443 hpl/wdt/hpl_wdt.o
 .debug_loc     0x0000b235      0x5f1 main.o
 .debug_loc     0x0000b826      0x1fa NPP.o
 .debug_loc     0x0000ba20      0xa51 nRF24_driver.o
 .debug_loc     0x0000c471      0x225 PWM_driver.o
 .debug_loc     0x0000c696       0x40 timer_driver.o

.debug_aranges  0x00000000      0xd18
 .debug_aranges
                0x00000000       0x28 ADC_driver.o
 .debug_aranges
                0x00000028       0x20 atmel_start.o
 .debug_aranges
                0x00000048       0x28 Device_Startup/startup_sams70n20b.o
 .debug_aranges
                0x00000070       0xd8 driver_init.o
 .debug_aranges
                0x00000148       0x98 hal/src/hal_adc_sync.o
 .debug_aranges
                0x000001e0       0x30 hal/src/hal_atomic.o
 .debug_aranges
                0x00000210       0x38 hal/src/hal_delay.o
 .debug_aranges
                0x00000248       0x50 hal/src/hal_ext_irq.o
 .debug_aranges
                0x00000298       0x88 hal/src/hal_i2c_m_sync.o
 .debug_aranges
                0x00000320       0x30 hal/src/hal_io.o
 .debug_aranges
                0x00000350       0x60 hal/src/hal_pwm.o
 .debug_aranges
                0x000003b0       0x88 hal/src/hal_spi_m_sync.o
 .debug_aranges
                0x00000438       0x70 hal/src/hal_timer.o
 .debug_aranges
                0x000004a8       0x20 hal/utils/src/utils_assert.o
 .debug_aranges
                0x000004c8       0x48 hal/utils/src/utils_list.o
 .debug_aranges
                0x00000510      0x150 hpl/afec/hpl_afec.o
 .debug_aranges
                0x00000660       0x70 hpl/core/hpl_core_m7_base.o
 .debug_aranges
                0x000006d0       0x20 hpl/core/hpl_init.o
 .debug_aranges
                0x000006f0       0x68 hpl/pio/hpl_pio_ext.o
 .debug_aranges
                0x00000758       0x30 hpl/pmc/hpl_pmc.o
 .debug_aranges
                0x00000788       0x90 hpl/pwm/hpl_pwm.o
 .debug_aranges
                0x00000818      0x230 hpl/spi/hpl_spi.o
 .debug_aranges
                0x00000a48       0x48 hpl/systick/hpl_systick_ARMv7_base.o
 .debug_aranges
                0x00000a90       0x90 hpl/tc/hpl_tc.o
 .debug_aranges
                0x00000b20       0x60 hpl/twihs/hpl_twihs.o
 .debug_aranges
                0x00000b80       0x50 hpl/wdt/hpl_wdt.o
 .debug_aranges
                0x00000bd0       0x20 main.o
 .debug_aranges
                0x00000bf0       0x38 NPP.o
 .debug_aranges
                0x00000c28       0x70 nRF24_driver.o
 .debug_aranges
                0x00000c98       0x48 PWM_driver.o
 .debug_aranges
                0x00000ce0       0x38 timer_driver.o

.debug_ranges   0x00000000      0xc50
 .debug_ranges  0x00000000       0x18 ADC_driver.o
 .debug_ranges  0x00000018       0x10 atmel_start.o
 .debug_ranges  0x00000028       0x18 Device_Startup/startup_sams70n20b.o
 .debug_ranges  0x00000040       0xc8 driver_init.o
 .debug_ranges  0x00000108       0xa0 hal/src/hal_adc_sync.o
 .debug_ranges  0x000001a8       0x20 hal/src/hal_atomic.o
 .debug_ranges  0x000001c8       0x28 hal/src/hal_delay.o
 .debug_ranges  0x000001f0       0x40 hal/src/hal_ext_irq.o
 .debug_ranges  0x00000230       0x78 hal/src/hal_i2c_m_sync.o
 .debug_ranges  0x000002a8       0x20 hal/src/hal_io.o
 .debug_ranges  0x000002c8       0x50 hal/src/hal_pwm.o
 .debug_ranges  0x00000318       0x78 hal/src/hal_spi_m_sync.o
 .debug_ranges  0x00000390       0x90 hal/src/hal_timer.o
 .debug_ranges  0x00000420       0x10 hal/utils/src/utils_assert.o
 .debug_ranges  0x00000430       0x38 hal/utils/src/utils_list.o
 .debug_ranges  0x00000468      0x140 hpl/afec/hpl_afec.o
 .debug_ranges  0x000005a8       0x60 hpl/core/hpl_core_m7_base.o
 .debug_ranges  0x00000608       0x10 hpl/core/hpl_init.o
 .debug_ranges  0x00000618       0x58 hpl/pio/hpl_pio_ext.o
 .debug_ranges  0x00000670       0x20 hpl/pmc/hpl_pmc.o
 .debug_ranges  0x00000690       0x80 hpl/pwm/hpl_pwm.o
 .debug_ranges  0x00000710      0x280 hpl/spi/hpl_spi.o
 .debug_ranges  0x00000990       0x38 hpl/systick/hpl_systick_ARMv7_base.o
 .debug_ranges  0x000009c8       0x80 hpl/tc/hpl_tc.o
 .debug_ranges  0x00000a48       0x88 hpl/twihs/hpl_twihs.o
 .debug_ranges  0x00000ad0       0x40 hpl/wdt/hpl_wdt.o
 .debug_ranges  0x00000b10       0x58 main.o
 .debug_ranges  0x00000b68       0x28 NPP.o
 .debug_ranges  0x00000b90       0x60 nRF24_driver.o
 .debug_ranges  0x00000bf0       0x38 PWM_driver.o
 .debug_ranges  0x00000c28       0x28 timer_driver.o

.debug_macro    0x00000000    0x3b583
 .debug_macro   0x00000000      0x8ff ADC_driver.o
 .debug_macro   0x000008ff      0x8b0 ADC_driver.o
 .debug_macro   0x000011af      0x16d ADC_driver.o
 .debug_macro   0x0000131c       0x22 ADC_driver.o
 .debug_macro   0x0000133e       0x87 ADC_driver.o
 .debug_macro   0x000013c5       0x51 ADC_driver.o
 .debug_macro   0x00001416       0xef ADC_driver.o
 .debug_macro   0x00001505       0x6a ADC_driver.o
 .debug_macro   0x0000156f      0x1df ADC_driver.o
 .debug_macro   0x0000174e       0x22 ADC_driver.o
 .debug_macro   0x00001770       0xd7 ADC_driver.o
 .debug_macro   0x00001847       0x1c ADC_driver.o
 .debug_macro   0x00001863       0x22 ADC_driver.o
 .debug_macro   0x00001885       0xdf ADC_driver.o
 .debug_macro   0x00001964     0x12cd ADC_driver.o
 .debug_macro   0x00002c31      0x11f ADC_driver.o
 .debug_macro   0x00002d50       0x19 ADC_driver.o
 .debug_macro   0x00002d69      0x3e2 ADC_driver.o
 .debug_macro   0x0000314b      0x5a9 ADC_driver.o
 .debug_macro   0x000036f4     0x1797 ADC_driver.o
 .debug_macro   0x00004e8b      0x3bb ADC_driver.o
 .debug_macro   0x00005246      0x830 ADC_driver.o
 .debug_macro   0x00005a76      0x316 ADC_driver.o
 .debug_macro   0x00005d8c       0x40 ADC_driver.o
 .debug_macro   0x00005dcc     0x105e ADC_driver.o
 .debug_macro   0x00006e2a      0x60b ADC_driver.o
 .debug_macro   0x00007435      0x555 ADC_driver.o
 .debug_macro   0x0000798a      0xb8f ADC_driver.o
 .debug_macro   0x00008519      0x542 ADC_driver.o
 .debug_macro   0x00008a5b     0x83ff ADC_driver.o
 .debug_macro   0x00010e5a     0x3022 ADC_driver.o
 .debug_macro   0x00013e7c     0x24d0 ADC_driver.o
 .debug_macro   0x0001634c      0x87f ADC_driver.o
 .debug_macro   0x00016bcb      0x17d ADC_driver.o
 .debug_macro   0x00016d48      0x118 ADC_driver.o
 .debug_macro   0x00016e60      0x909 ADC_driver.o
 .debug_macro   0x00017769      0x125 ADC_driver.o
 .debug_macro   0x0001788e      0x709 ADC_driver.o
 .debug_macro   0x00017f97      0xb64 ADC_driver.o
 .debug_macro   0x00018afb      0xf03 ADC_driver.o
 .debug_macro   0x000199fe      0xff2 ADC_driver.o
 .debug_macro   0x0001a9f0      0x172 ADC_driver.o
 .debug_macro   0x0001ab62      0x124 ADC_driver.o
 .debug_macro   0x0001ac86      0xbc2 ADC_driver.o
 .debug_macro   0x0001b848      0x5c5 ADC_driver.o
 .debug_macro   0x0001be0d     0x1afb ADC_driver.o
 .debug_macro   0x0001d908      0x625 ADC_driver.o
 .debug_macro   0x0001df2d     0x41a7 ADC_driver.o
 .debug_macro   0x000220d4      0x4f1 ADC_driver.o
 .debug_macro   0x000225c5       0xc4 ADC_driver.o
 .debug_macro   0x00022689      0x12d ADC_driver.o
 .debug_macro   0x000227b6     0x2a5f ADC_driver.o
 .debug_macro   0x00025215       0x7c ADC_driver.o
 .debug_macro   0x00025291      0x14e ADC_driver.o
 .debug_macro   0x000253df       0xf4 ADC_driver.o
 .debug_macro   0x000254d3       0xf4 ADC_driver.o
 .debug_macro   0x000255c7       0x16 ADC_driver.o
 .debug_macro   0x000255dd       0x7c ADC_driver.o
 .debug_macro   0x00025659       0x40 ADC_driver.o
 .debug_macro   0x00025699       0x40 ADC_driver.o
 .debug_macro   0x000256d9      0x7ce ADC_driver.o
 .debug_macro   0x00025ea7       0x6a ADC_driver.o
 .debug_macro   0x00025f11       0x88 ADC_driver.o
 .debug_macro   0x00025f99       0xac ADC_driver.o
 .debug_macro   0x00026045      0x13a ADC_driver.o
 .debug_macro   0x0002617f      0x187 ADC_driver.o
 .debug_macro   0x00026306      0x180 ADC_driver.o
 .debug_macro   0x00026486      0x180 ADC_driver.o
 .debug_macro   0x00026606      0x121 ADC_driver.o
 .debug_macro   0x00026727      0x352 ADC_driver.o
 .debug_macro   0x00026a79      0x352 ADC_driver.o
 .debug_macro   0x00026dcb       0x82 ADC_driver.o
 .debug_macro   0x00026e4d       0x22 ADC_driver.o
 .debug_macro   0x00026e6f       0x22 ADC_driver.o
 .debug_macro   0x00026e91       0x58 ADC_driver.o
 .debug_macro   0x00026ee9       0x28 ADC_driver.o
 .debug_macro   0x00026f11       0x7c ADC_driver.o
 .debug_macro   0x00026f8d       0x8e ADC_driver.o
 .debug_macro   0x0002701b       0x34 ADC_driver.o
 .debug_macro   0x0002704f      0x1a8 ADC_driver.o
 .debug_macro   0x000271f7      0x1a8 ADC_driver.o
 .debug_macro   0x0002739f      0x1a8 ADC_driver.o
 .debug_macro   0x00027547      0x1a8 ADC_driver.o
 .debug_macro   0x000276ef       0x3a ADC_driver.o
 .debug_macro   0x00027729       0x82 ADC_driver.o
 .debug_macro   0x000277ab       0x82 ADC_driver.o
 .debug_macro   0x0002782d       0x82 ADC_driver.o
 .debug_macro   0x000278af       0x70 ADC_driver.o
 .debug_macro   0x0002791f       0x70 ADC_driver.o
 .debug_macro   0x0002798f       0x70 ADC_driver.o
 .debug_macro   0x000279ff       0x70 ADC_driver.o
 .debug_macro   0x00027a6f       0x70 ADC_driver.o
 .debug_macro   0x00027adf       0xf4 ADC_driver.o
 .debug_macro   0x00027bd3       0xf4 ADC_driver.o
 .debug_macro   0x00027cc7       0xf4 ADC_driver.o
 .debug_macro   0x00027dbb      0x71f ADC_driver.o
 .debug_macro   0x000284da       0x16 ADC_driver.o
 .debug_macro   0x000284f0       0x22 ADC_driver.o
 .debug_macro   0x00028512      0x9bf ADC_driver.o
 .debug_macro   0x00028ed1      0x4cd ADC_driver.o
 .debug_macro   0x0002939e     0x1749 ADC_driver.o
 .debug_macro   0x0002aae7      0x123 ADC_driver.o
 .debug_macro   0x0002ac0a       0x10 ADC_driver.o
 .debug_macro   0x0002ac1a       0x10 ADC_driver.o
 .debug_macro   0x0002ac2a       0x16 ADC_driver.o
 .debug_macro   0x0002ac40       0x16 ADC_driver.o
 .debug_macro   0x0002ac56       0x16 ADC_driver.o
 .debug_macro   0x0002ac6c       0x16 ADC_driver.o
 .debug_macro   0x0002ac82       0x16 ADC_driver.o
 .debug_macro   0x0002ac98       0x16 ADC_driver.o
 .debug_macro   0x0002acae       0x16 ADC_driver.o
 .debug_macro   0x0002acc4       0x16 ADC_driver.o
 .debug_macro   0x0002acda       0x16 ADC_driver.o
 .debug_macro   0x0002acf0       0x16 ADC_driver.o
 .debug_macro   0x0002ad06       0x16 ADC_driver.o
 .debug_macro   0x0002ad1c       0x16 ADC_driver.o
 .debug_macro   0x0002ad32       0x16 ADC_driver.o
 .debug_macro   0x0002ad48       0x16 ADC_driver.o
 .debug_macro   0x0002ad5e       0x16 ADC_driver.o
 .debug_macro   0x0002ad74       0x16 ADC_driver.o
 .debug_macro   0x0002ad8a       0x16 ADC_driver.o
 .debug_macro   0x0002ada0       0x16 ADC_driver.o
 .debug_macro   0x0002adb6       0x16 ADC_driver.o
 .debug_macro   0x0002adcc       0x16 ADC_driver.o
 .debug_macro   0x0002ade2       0x16 ADC_driver.o
 .debug_macro   0x0002adf8       0x16 ADC_driver.o
 .debug_macro   0x0002ae0e      0x27e ADC_driver.o
 .debug_macro   0x0002b08c       0x16 ADC_driver.o
 .debug_macro   0x0002b0a2       0x16 ADC_driver.o
 .debug_macro   0x0002b0b8       0x16 ADC_driver.o
 .debug_macro   0x0002b0ce      0x373 ADC_driver.o
 .debug_macro   0x0002b441       0xa9 ADC_driver.o
 .debug_macro   0x0002b4ea       0x16 ADC_driver.o
 .debug_macro   0x0002b500       0x16 ADC_driver.o
 .debug_macro   0x0002b516       0x16 ADC_driver.o
 .debug_macro   0x0002b52c       0xca ADC_driver.o
 .debug_macro   0x0002b5f6       0x1c ADC_driver.o
 .debug_macro   0x0002b612       0x16 ADC_driver.o
 .debug_macro   0x0002b628      0x130 ADC_driver.o
 .debug_macro   0x0002b758       0xc9 ADC_driver.o
 .debug_macro   0x0002b821       0x70 ADC_driver.o
 .debug_macro   0x0002b891       0x16 ADC_driver.o
 .debug_macro   0x0002b8a7       0x58 ADC_driver.o
 .debug_macro   0x0002b8ff       0x35 ADC_driver.o
 .debug_macro   0x0002b934       0x9c ADC_driver.o
 .debug_macro   0x0002b9d0       0x58 ADC_driver.o
 .debug_macro   0x0002ba28       0x1f ADC_driver.o
 .debug_macro   0x0002ba47       0x43 ADC_driver.o
 .debug_macro   0x0002ba8a       0x20 ADC_driver.o
 .debug_macro   0x0002baaa      0x187 ADC_driver.o
 .debug_macro   0x0002bc31      0x34d ADC_driver.o
 .debug_macro   0x0002bf7e       0x10 ADC_driver.o
 .debug_macro   0x0002bf8e       0x35 ADC_driver.o
 .debug_macro   0x0002bfc3       0x16 ADC_driver.o
 .debug_macro   0x0002bfd9       0x16 ADC_driver.o
 .debug_macro   0x0002bfef       0x29 ADC_driver.o
 .debug_macro   0x0002c018       0x1c ADC_driver.o
 .debug_macro   0x0002c034       0x10 ADC_driver.o
 .debug_macro   0x0002c044       0x10 ADC_driver.o
 .debug_macro   0x0002c054       0x1c ADC_driver.o
 .debug_macro   0x0002c070       0x52 ADC_driver.o
 .debug_macro   0x0002c0c2       0x40 ADC_driver.o
 .debug_macro   0x0002c102       0x10 ADC_driver.o
 .debug_macro   0x0002c112       0x40 ADC_driver.o
 .debug_macro   0x0002c152       0xd7 ADC_driver.o
 .debug_macro   0x0002c229       0x16 ADC_driver.o
 .debug_macro   0x0002c23f      0x18b ADC_driver.o
 .debug_macro   0x0002c3ca       0x16 ADC_driver.o
 .debug_macro   0x0002c3e0      0x733 atmel_start.o
 .debug_macro   0x0002cb13      0x406 Device_Startup/startup_sams70n20b.o
 .debug_macro   0x0002cf19       0xd1 Device_Startup/startup_sams70n20b.o
 .debug_macro   0x0002cfea      0x771 driver_init.o
 .debug_macro   0x0002d75b       0x10 driver_init.o
 .debug_macro   0x0002d76b       0x87 driver_init.o
 .debug_macro   0x0002d7f2      0x5d4 hal/src/hal_adc_sync.o
 .debug_macro   0x0002ddc6      0x59c hal/src/hal_atomic.o
 .debug_macro   0x0002e362      0x5d3 hal/src/hal_delay.o
 .debug_macro   0x0002e935      0x5b8 hal/src/hal_ext_irq.o
 .debug_macro   0x0002eeed      0x5dc hal/src/hal_i2c_m_sync.o
 .debug_macro   0x0002f4c9       0x6a hal/src/hal_i2c_m_sync.o
 .debug_macro   0x0002f533      0x5b1 hal/src/hal_io.o
 .debug_macro   0x0002fae4      0x5d1 hal/src/hal_pwm.o
 .debug_macro   0x000300b5      0x5f9 hal/src/hal_spi_m_sync.o
 .debug_macro   0x000306ae      0x5e8 hal/src/hal_timer.o
 .debug_macro   0x00030c96      0x5a6 hal/utils/src/utils_assert.o
 .debug_macro   0x0003123c       0x10 hal/utils/src/utils_assert.o
 .debug_macro   0x0003124c      0x5ab hal/utils/src/utils_list.o
 .debug_macro   0x000317f7      0x607 hpl/afec/hpl_afec.o
 .debug_macro   0x00031dfe      0x6cc hpl/afec/hpl_afec.o
 .debug_macro   0x000324ca      0x6ba hpl/afec/hpl_afec.o
 .debug_macro   0x00032b84      0x301 hpl/afec/hpl_afec.o
 .debug_macro   0x00032e85      0x5fc hpl/core/hpl_core_m7_base.o
 .debug_macro   0x00033481      0x614 hpl/core/hpl_init.o
 .debug_macro   0x00033a95      0x324 hpl/core/hpl_init.o
 .debug_macro   0x00033db9      0x9df hpl/core/hpl_init.o
 .debug_macro   0x00034798      0x5f6 hpl/pio/hpl_pio_ext.o
 .debug_macro   0x00034d8e      0x3df hpl/pio/hpl_pio_ext.o
 .debug_macro   0x0003516d      0x5c5 hpl/pmc/hpl_pmc.o
 .debug_macro   0x00035732      0x604 hpl/pwm/hpl_pwm.o
 .debug_macro   0x00035d36      0xab1 hpl/pwm/hpl_pwm.o
 .debug_macro   0x000367e7      0x66c hpl/spi/hpl_spi.o
 .debug_macro   0x00036e53       0x64 hpl/spi/hpl_spi.o
 .debug_macro   0x00036eb7       0x1c hpl/spi/hpl_spi.o
 .debug_macro   0x00036ed3       0x22 hpl/spi/hpl_spi.o
 .debug_macro   0x00036ef5       0x10 hpl/spi/hpl_spi.o
 .debug_macro   0x00036f05      0x5ab hpl/systick/hpl_systick_ARMv7_base.o
 .debug_macro   0x000374b0       0x10 hpl/systick/hpl_systick_ARMv7_base.o
 .debug_macro   0x000374c0      0x617 hpl/tc/hpl_tc.o
 .debug_macro   0x00037ad7       0x10 hpl/tc/hpl_tc.o
 .debug_macro   0x00037ae7      0x114 hpl/tc/hpl_tc.o
 .debug_macro   0x00037bfb      0x5d4 hpl/twihs/hpl_twihs.o
 .debug_macro   0x000381cf       0x84 hpl/twihs/hpl_twihs.o
 .debug_macro   0x00038253      0x5bb hpl/wdt/hpl_wdt.o
 .debug_macro   0x0003880e       0x3a hpl/wdt/hpl_wdt.o
 .debug_macro   0x00038848      0x984 main.o
 .debug_macro   0x000391cc       0xd0 main.o
 .debug_macro   0x0003929c       0x34 main.o
 .debug_macro   0x000392d0       0x5e main.o
 .debug_macro   0x0003932e       0x1c main.o
 .debug_macro   0x0003934a      0x8f9 NPP.o
 .debug_macro   0x00039c43      0x83a nRF24_driver.o
 .debug_macro   0x0003a47d       0xca nRF24_driver.o
 .debug_macro   0x0003a547      0x742 PWM_driver.o
 .debug_macro   0x0003ac89      0x8fa timer_driver.o

.debug_line     0x00000000    0x1aacd
 .debug_line    0x00000000      0xf12 ADC_driver.o
 .debug_line    0x00000f12      0xd94 atmel_start.o
 .debug_line    0x00001ca6      0x867 Device_Startup/startup_sams70n20b.o
 .debug_line    0x0000250d     0x12ce driver_init.o
 .debug_line    0x000037db      0xcfc hal/src/hal_adc_sync.o
 .debug_line    0x000044d7      0xba7 hal/src/hal_atomic.o
 .debug_line    0x0000507e      0xbdb hal/src/hal_delay.o
 .debug_line    0x00005c59      0xc51 hal/src/hal_ext_irq.o
 .debug_line    0x000068aa      0xcce hal/src/hal_i2c_m_sync.o
 .debug_line    0x00007578      0xb9f hal/src/hal_io.o
 .debug_line    0x00008117      0xc4d hal/src/hal_pwm.o
 .debug_line    0x00008d64      0xcd6 hal/src/hal_spi_m_sync.o
 .debug_line    0x00009a3a      0xcec hal/src/hal_timer.o
 .debug_line    0x0000a726      0xb7c hal/utils/src/utils_assert.o
 .debug_line    0x0000b2a2      0xc14 hal/utils/src/utils_list.o
 .debug_line    0x0000beb6     0x1152 hpl/afec/hpl_afec.o
 .debug_line    0x0000d008      0xd03 hpl/core/hpl_core_m7_base.o
 .debug_line    0x0000dd0b      0xc62 hpl/core/hpl_init.o
 .debug_line    0x0000e96d      0xd96 hpl/pio/hpl_pio_ext.o
 .debug_line    0x0000f703      0xc92 hpl/pmc/hpl_pmc.o
 .debug_line    0x00010395      0xf08 hpl/pwm/hpl_pwm.o
 .debug_line    0x0001129d     0x1694 hpl/spi/hpl_spi.o
 .debug_line    0x00012931      0xc16 hpl/systick/hpl_systick_ARMv7_base.o
 .debug_line    0x00013547      0xdbc hpl/tc/hpl_tc.o
 .debug_line    0x00014303      0xdf4 hpl/twihs/hpl_twihs.o
 .debug_line    0x000150f7      0xccf hpl/wdt/hpl_wdt.o
 .debug_line    0x00015dc6     0x1053 main.o
 .debug_line    0x00016e19      0xf76 NPP.o
 .debug_line    0x00017d8f     0x1007 nRF24_driver.o
 .debug_line    0x00018d96      0xdfe PWM_driver.o
 .debug_line    0x00019b94      0xf39 timer_driver.o

.debug_str      0x00000000   0x123976
 .debug_str     0x00000000   0x10728a ADC_driver.o
                             0x107d4e (size before relaxing)
 .debug_str     0x0010728a       0x30 atmel_start.o
                             0x103da3 (size before relaxing)
 .debug_str     0x001072ba      0x700 Device_Startup/startup_sams70n20b.o
                              0xfd8ec (size before relaxing)
 .debug_str     0x001079ba     0x1234 driver_init.o
                             0x105079 (size before relaxing)
 .debug_str     0x00108bee      0x3c4 hal/src/hal_adc_sync.o
                             0x10315b (size before relaxing)
 .debug_str     0x00108fb2       0x9c hal/src/hal_atomic.o
                             0x102b6f (size before relaxing)
 .debug_str     0x0010904e       0x9b hal/src/hal_delay.o
                             0x102bd9 (size before relaxing)
 .debug_str     0x001090e9       0xd6 hal/src/hal_ext_irq.o
                             0x102c2c (size before relaxing)
 .debug_str     0x001091bf      0x148 hal/src/hal_i2c_m_sync.o
                             0x103460 (size before relaxing)
 .debug_str     0x00109307       0x2c hal/src/hal_io.o
                             0x102c0a (size before relaxing)
 .debug_str     0x00109333      0x185 hal/src/hal_pwm.o
                             0x1032fa (size before relaxing)
 .debug_str     0x001094b8      0x2d7 hal/src/hal_spi_m_sync.o
                             0x1034f7 (size before relaxing)
 .debug_str     0x0010978f      0x2cc hal/src/hal_timer.o
                             0x10349c (size before relaxing)
 .debug_str     0x00109a5b       0x2a hal/utils/src/utils_assert.o
                             0x102b7f (size before relaxing)
 .debug_str     0x00109a85       0x31 hal/utils/src/utils_list.o
                             0x102c29 (size before relaxing)
 .debug_str     0x00109ab6     0x7c64 hpl/afec/hpl_afec.o
                             0x10b22f (size before relaxing)
 .debug_str     0x0011171a      0x1d3 hpl/core/hpl_core_m7_base.o
                             0x1039e0 (size before relaxing)
 .debug_str     0x001118ed     0x3069 hpl/core/hpl_init.o
                             0x1060da (size before relaxing)
 .debug_str     0x00114956     0x5a1d hpl/pio/hpl_pio_ext.o
                             0x109102 (size before relaxing)
 .debug_str     0x0011a373      0x1d6 hpl/pmc/hpl_pmc.o
                             0x103d0a (size before relaxing)
 .debug_str     0x0011a549     0x61cb hpl/pwm/hpl_pwm.o
                             0x109c77 (size before relaxing)
 .debug_str     0x00120714     0x1017 hpl/spi/hpl_spi.o
                             0x104a54 (size before relaxing)
 .debug_str     0x0012172b       0xde hpl/systick/hpl_systick_ARMv7_base.o
                             0x102bd8 (size before relaxing)
 .debug_str     0x00121809      0xb63 hpl/tc/hpl_tc.o
                             0x1044da (size before relaxing)
 .debug_str     0x0012236c      0x77b hpl/twihs/hpl_twihs.o
                             0x103d0b (size before relaxing)
 .debug_str     0x00122ae7      0x271 hpl/wdt/hpl_wdt.o
                             0x102e1a (size before relaxing)
 .debug_str     0x00122d58      0xa06 main.o
                             0x108a8a (size before relaxing)
 .debug_str     0x0012375e       0xab NPP.o
                             0x108138 (size before relaxing)
 .debug_str     0x00123809      0x113 nRF24_driver.o
                             0x1071f8 (size before relaxing)
 .debug_str     0x0012391c       0x22 PWM_driver.o
                             0x10417c (size before relaxing)
 .debug_str     0x0012393e       0x38 timer_driver.o
                             0x107da6 (size before relaxing)

.debug_frame    0x00000000     0x2130
 .debug_frame   0x00000000       0x4c ADC_driver.o
 .debug_frame   0x0000004c       0x28 atmel_start.o
 .debug_frame   0x00000074       0x38 Device_Startup/startup_sams70n20b.o
 .debug_frame   0x000000ac      0x1e0 driver_init.o
 .debug_frame   0x0000028c      0x1cc hal/src/hal_adc_sync.o
 .debug_frame   0x00000458       0x40 hal/src/hal_atomic.o
 .debug_frame   0x00000498       0x68 hal/src/hal_delay.o
 .debug_frame   0x00000500       0xc4 hal/src/hal_ext_irq.o
 .debug_frame   0x000005c4      0x174 hal/src/hal_i2c_m_sync.o
 .debug_frame   0x00000738       0x58 hal/src/hal_io.o
 .debug_frame   0x00000790       0xec hal/src/hal_pwm.o
 .debug_frame   0x0000087c      0x194 hal/src/hal_spi_m_sync.o
 .debug_frame   0x00000a10      0x144 hal/src/hal_timer.o
 .debug_frame   0x00000b54       0x20 hal/utils/src/utils_assert.o
 .debug_frame   0x00000b74       0x98 hal/utils/src/utils_list.o
 .debug_frame   0x00000c0c      0x2f8 hpl/afec/hpl_afec.o
 .debug_frame   0x00000f04       0xcc hpl/core/hpl_core_m7_base.o
 .debug_frame   0x00000fd0       0x2c hpl/core/hpl_init.o
 .debug_frame   0x00000ffc      0x118 hpl/pio/hpl_pio_ext.o
 .debug_frame   0x00001114       0x48 hpl/pmc/hpl_pmc.o
 .debug_frame   0x0000115c      0x17c hpl/pwm/hpl_pwm.o
 .debug_frame   0x000012d8      0x668 hpl/spi/hpl_spi.o
 .debug_frame   0x00001940       0x78 hpl/systick/hpl_systick_ARMv7_base.o
 .debug_frame   0x000019b8      0x148 hpl/tc/hpl_tc.o
 .debug_frame   0x00001b00       0xf8 hpl/twihs/hpl_twihs.o
 .debug_frame   0x00001bf8       0xbc hpl/wdt/hpl_wdt.o
 .debug_frame   0x00001cb4       0x34 main.o
 .debug_frame   0x00001ce8       0x64 NPP.o
 .debug_frame   0x00001d4c      0x180 nRF24_driver.o
 .debug_frame   0x00001ecc       0x98 PWM_driver.o
 .debug_frame   0x00001f64       0x60 timer_driver.o
 .debug_frame   0x00001fc4       0xac c:/program files (x86)/atmel/studio/7.0/toolchain/arm/arm-gnu-toolchain/bin/../lib/gcc/arm-none-eabi/6.3.1/thumb/v7e-m\libgcc.a(_arm_addsubdf3.o)
 .debug_frame   0x00002070       0x50 c:/program files (x86)/atmel/studio/7.0/toolchain/arm/arm-gnu-toolchain/bin/../lib/gcc/arm-none-eabi/6.3.1/thumb/v7e-m\libgcc.a(_arm_muldivdf3.o)
 .debug_frame   0x000020c0       0x24 c:/program files (x86)/atmel/studio/7.0/toolchain/arm/arm-gnu-toolchain/bin/../lib/gcc/arm-none-eabi/6.3.1/thumb/v7e-m\libgcc.a(_arm_truncdfsf2.o)
 .debug_frame   0x000020e4       0x2c c:/program files (x86)/atmel/studio/7.0/toolchain/arm/arm-gnu-toolchain/bin/../lib/gcc/arm-none-eabi/6.3.1/../../../../arm-none-eabi/lib/thumb/v7e-m\libc_nano.a(lib_a-init.o)
 .debug_frame   0x00002110       0x20 c:/program files (x86)/atmel/studio/7.0/toolchain/arm/arm-gnu-toolchain/bin/../lib/gcc/arm-none-eabi/6.3.1/../../../../arm-none-eabi/lib/thumb/v7e-m\libc_nano.a(lib_a-memset.o)
